Component: ARM Compiler 5.06 update 6 (build 750) Tool: armlink [4d35ed]

==============================================================================

Section Cross References

    board.o(i.NVIC_Configuration) refers to misc.o(i.NVIC_SetVectorTable) for NVIC_SetVectorTable
    board.o(i.NVIC_Configuration) refers to misc.o(i.NVIC_PriorityGroupConfig) for NVIC_PriorityGroupConfig
    board.o(i.SysTick_Configuration) refers to stm32f4xx_rcc.o(i.RCC_GetClocksFreq) for RCC_GetClocksFreq
    board.o(i.SysTick_Configuration) refers to misc.o(i.SysTick_CLKSourceConfig) for SysTick_CLKSourceConfig
    board.o(i.SysTick_Handler) refers to irq.o(i.rt_interrupt_enter) for rt_interrupt_enter
    board.o(i.SysTick_Handler) refers to clock.o(i.rt_tick_increase) for rt_tick_increase
    board.o(i.SysTick_Handler) refers to irq.o(i.rt_interrupt_leave) for rt_interrupt_leave
    board.o(i.rt_hw_board_init) refers to board.o(i.NVIC_Configuration) for NVIC_Configuration
    board.o(i.rt_hw_board_init) refers to board.o(i.SysTick_Configuration) for SysTick_Configuration
    board.o(i.rt_hw_board_init) refers to delay.o(i.delay_init) for delay_init
    board.o(i.rt_hw_board_init) refers to usart.o(i.stm32_hw_usart_init) for stm32_hw_usart_init
    board.o(i.rt_hw_board_init) refers to gpio.o(i.stm32_hw_pin_init) for stm32_hw_pin_init
    board.o(i.rt_hw_board_init) refers to kservice.o(i.rt_console_set_device) for rt_console_set_device
    gpio.o(i.EXTI0_IRQHandler) refers to irq.o(i.rt_interrupt_enter) for rt_interrupt_enter
    gpio.o(i.EXTI0_IRQHandler) refers to gpio.o(i.pin_irq_hdr) for pin_irq_hdr
    gpio.o(i.EXTI0_IRQHandler) refers to irq.o(i.rt_interrupt_leave) for rt_interrupt_leave
    gpio.o(i.EXTI15_10_IRQHandler) refers to irq.o(i.rt_interrupt_enter) for rt_interrupt_enter
    gpio.o(i.EXTI15_10_IRQHandler) refers to stm32f4xx_exti.o(i.EXTI_GetITStatus) for EXTI_GetITStatus
    gpio.o(i.EXTI15_10_IRQHandler) refers to gpio.o(i.pin_irq_hdr) for pin_irq_hdr
    gpio.o(i.EXTI15_10_IRQHandler) refers to irq.o(i.rt_interrupt_leave) for rt_interrupt_leave
    gpio.o(i.EXTI1_IRQHandler) refers to irq.o(i.rt_interrupt_enter) for rt_interrupt_enter
    gpio.o(i.EXTI1_IRQHandler) refers to gpio.o(i.pin_irq_hdr) for pin_irq_hdr
    gpio.o(i.EXTI1_IRQHandler) refers to irq.o(i.rt_interrupt_leave) for rt_interrupt_leave
    gpio.o(i.EXTI2_IRQHandler) refers to irq.o(i.rt_interrupt_enter) for rt_interrupt_enter
    gpio.o(i.EXTI2_IRQHandler) refers to gpio.o(i.pin_irq_hdr) for pin_irq_hdr
    gpio.o(i.EXTI2_IRQHandler) refers to irq.o(i.rt_interrupt_leave) for rt_interrupt_leave
    gpio.o(i.EXTI3_IRQHandler) refers to irq.o(i.rt_interrupt_enter) for rt_interrupt_enter
    gpio.o(i.EXTI3_IRQHandler) refers to gpio.o(i.pin_irq_hdr) for pin_irq_hdr
    gpio.o(i.EXTI3_IRQHandler) refers to irq.o(i.rt_interrupt_leave) for rt_interrupt_leave
    gpio.o(i.EXTI4_IRQHandler) refers to irq.o(i.rt_interrupt_enter) for rt_interrupt_enter
    gpio.o(i.EXTI4_IRQHandler) refers to gpio.o(i.pin_irq_hdr) for pin_irq_hdr
    gpio.o(i.EXTI4_IRQHandler) refers to irq.o(i.rt_interrupt_leave) for rt_interrupt_leave
    gpio.o(i.EXTI9_5_IRQHandler) refers to irq.o(i.rt_interrupt_enter) for rt_interrupt_enter
    gpio.o(i.EXTI9_5_IRQHandler) refers to stm32f4xx_exti.o(i.EXTI_GetITStatus) for EXTI_GetITStatus
    gpio.o(i.EXTI9_5_IRQHandler) refers to gpio.o(i.pin_irq_hdr) for pin_irq_hdr
    gpio.o(i.EXTI9_5_IRQHandler) refers to irq.o(i.rt_interrupt_leave) for rt_interrupt_leave
    gpio.o(i.get_pin) refers to gpio.o(.constdata) for pins
    gpio.o(i.get_pin_irq) refers to gpio.o(i.get_pin) for get_pin
    gpio.o(i.get_pin_irq) refers to gpio.o(i.bit2bitno) for bit2bitno
    gpio.o(i.get_pin_irq) refers to gpio.o(.data) for irq
    gpio.o(i.pin_irq_hdr) refers to stm32f4xx_exti.o(i.EXTI_ClearITPendingBit) for EXTI_ClearITPendingBit
    gpio.o(i.pin_irq_hdr) refers to gpio.o(.data) for pin_irq_hdr_tab
    gpio.o(i.stm32_hw_pin_init) refers to stm32f4xx_rcc.o(i.RCC_APB2PeriphClockCmd) for RCC_APB2PeriphClockCmd
    gpio.o(i.stm32_hw_pin_init) refers to pin.o(i.rt_device_pin_register) for rt_device_pin_register
    gpio.o(i.stm32_hw_pin_init) refers to gpio.o(.constdata) for _stm32_pin_ops
    gpio.o(i.stm32_pin_attach_irq) refers to gpio.o(i.get_pin) for get_pin
    gpio.o(i.stm32_pin_attach_irq) refers to gpio.o(i.bit2bitno) for bit2bitno
    gpio.o(i.stm32_pin_attach_irq) refers to context_rvds.o(.text) for rt_hw_interrupt_disable
    gpio.o(i.stm32_pin_attach_irq) refers to gpio.o(.data) for pin_irq_hdr_tab
    gpio.o(i.stm32_pin_dettach_irq) refers to gpio.o(i.get_pin) for get_pin
    gpio.o(i.stm32_pin_dettach_irq) refers to gpio.o(i.bit2bitno) for bit2bitno
    gpio.o(i.stm32_pin_dettach_irq) refers to context_rvds.o(.text) for rt_hw_interrupt_disable
    gpio.o(i.stm32_pin_dettach_irq) refers to gpio.o(.data) for pin_irq_hdr_tab
    gpio.o(i.stm32_pin_irq_enable) refers to gpio.o(i.get_pin) for get_pin
[...]
    Color                                    0x200000d8   Data           1  bsp_grayscale.o(.data)
    f                                        0x200000d9   Data           8  bsp_grayscale.o(.data)
    b                                        0x200000e1   Data           8  bsp_grayscale.o(.data)
    flag                                     0x200000f4   Data           4  soft_timer.o(.data)
    uart1                                    0x200000fc   Data          32  usart.o(.data)
    uart2                                    0x2000011c   Data          32  usart.o(.data)
    uart3                                    0x2000013c   Data          32  usart.o(.data)
    image_refresh                            0x2000015c   Data           1  image.o(.data)
    image_result                             0x2000015d   Data           1  image.o(.data)
    Frame                                    0x20000160   Data           1  operation.o(.data)
    keycode                                  0x20000164   Data           4  operation.o(.data)
    key_value_mb                             0x20000168   Data           4  operation.o(.data)
    run_flag                                 0x2000016c   Data           1  operation.o(.data)
    data                                     0x200001a1   Data           1  jy61.o(.data)
    ucStctime                                0x200001a2   Data           8  jy61.o(.data)
    ucStcAcc                                 0x200001aa   Data           8  jy61.o(.data)
    stcGyro                                  0x200001b2   Data           8  jy61.o(.data)
    stcAngle                                 0x200001ba   Data           8  jy61.o(.data)
    stcMag                                   0x200001c2   Data           8  jy61.o(.data)
    stcDStatus                               0x200001ca   Data           8  jy61.o(.data)
    stcPress                                 0x200001d2   Data           8  jy61.o(.data)
    stcLonLat                                0x200001da   Data           8  jy61.o(.data)
    stcGPSV                                  0x200001e2   Data           8  jy61.o(.data)
    rt_interrupt_nest                        0x2000020c   Data           1  irq.o(.data)
    rt_assert_hook                           0x20000218   Data           4  kservice.o(.data)
    rt_object_trytake_hook                   0x200002d4   Data           4  object.o(.data)
    rt_object_take_hook                      0x200002d8   Data           4  object.o(.data)
    rt_object_put_hook                       0x200002dc   Data           4  object.o(.data)
    rt_current_thread                        0x200002e4   Data           4  scheduler.o(.data)
    rt_current_priority                      0x200002e8   Data           1  scheduler.o(.data)
    rt_thread_ready_priority_group           0x200002ec   Data           4  scheduler.o(.data)
    rt_thread_defunct                        0x200002f0   Data           8  scheduler.o(.data)
    rt_interrupt_from_thread                 0x20000318   Data           4  cpuport.o(.data)
    rt_interrupt_to_thread                   0x2000031c   Data           4  cpuport.o(.data)
    rt_thread_switch_interrupt_flag          0x20000320   Data           4  cpuport.o(.data)
    finsh_compile_sp                         0x2000032c   Data           4  finsh_compiler.o(.data)
    finsh_compile_pc                         0x20000330   Data           4  finsh_compiler.o(.data)
    global_errno                             0x20000334   Data           1  finsh_error.o(.data)
    global_sysvar_list                       0x2000037c   Data           4  finsh_var.o(.data)
    finsh_sp                                 0x20000380   Data           4  finsh_vm.o(.data)
    finsh_pc                                 0x20000384   Data           4  finsh_vm.o(.data)
    global_syscall_list                      0x20000388   Data           4  finsh_vm.o(.data)
    shell                                    0x2000038c   Data           4  shell.o(.data)
    _syscall_table_begin                     0x20000390   Data           4  symbol.o(.data)
    _syscall_table_end                       0x20000394   Data           4  symbol.o(.data)
    _sysvar_table_begin                      0x20000398   Data           4  symbol.o(.data)
    _sysvar_table_end                        0x2000039c   Data           4  symbol.o(.data)
    FrontGrayscale                           0x20000620   Data          48  bsp_grayscale.o(.bss)
    BackGrayscale                            0x20000650   Data          48  bsp_grayscale.o(.bss)
    MidGrayscale                             0x20000680   Data          48  bsp_grayscale.o(.bss)
    F_White                                  0x200006b0   Data          16  bsp_grayscale.o(.bss)
    F_Green                                  0x200006c0   Data          16  bsp_grayscale.o(.bss)
    F_Black                                  0x200006d0   Data          16  bsp_grayscale.o(.bss)
    B_White                                  0x200006e0   Data          16  bsp_grayscale.o(.bss)
    B_Green                                  0x200006f0   Data          16  bsp_grayscale.o(.bss)
    B_Black                                  0x20000700   Data          16  bsp_grayscale.o(.bss)
    Mid_Grayscle                             0x20000710   Data          16  bsp_grayscale.o(.bss)
    F_white_green                            0x20000720   Data          16  bsp_grayscale.o(.bss)
    F_white_black                            0x20000730   Data          16  bsp_grayscale.o(.bss)
    F_green_black                            0x20000740   Data          16  bsp_grayscale.o(.bss)
    B_white_green                            0x20000750   Data          16  bsp_grayscale.o(.bss)
    B_white_black                            0x20000760   Data          16  bsp_grayscale.o(.bss)
    B_green_black                            0x20000770   Data          16  bsp_grayscale.o(.bss)
    serial1                                  0x200007a0   Data          84  usart.o(.bss)
    serial2                                  0x200007f4   Data          84  usart.o(.bss)
    serial3                                  0x20000848   Data          84  usart.o(.bss)
    operation_thread                         0x20000e9c   Data         128  operation.o(.bss)
    key_thread                               0x20000f1c   Data         128  operation.o(.bss)
    rt_thread_priority_table                 0x2000414c   Data         256  scheduler.o(.bss)
    finsh_heap                               0x20004290   Data         128  finsh_heap.o(.bss)
    global_node_table                        0x20004310   Data         320  finsh_node.o(.bss)
    global_variable                          0x20004450   Data         192  finsh_var.o(.bss)
    finsh_vm_stack                           0x20004510   Data         256  finsh_vm.o(.bss)
    text_segment                             0x20004610   Data         128  finsh_vm.o(.bss)
    __libspace_start                         0x20004f10   Data          96  libspace.o(.bss)
    __temporary_stack_top$libspace           0x20004f70   Data           0  libspace.o(.bss)
    Image$$RW_IRAM1$$ZI$$Limit               0x20005570   Number         0  anon$$obj.o ABSOLUTE



==============================================================================

Memory Map of the image

  Image Entry point : 0x08000189

  Load Region LR_IROM1 (Base: 0x08000000, Size: 0x00019e34, Max: 0x00100000, ABSOLUTE, COMPRESSED[0x00019b68])

    Execution Region ER_IROM1 (Exec base: 0x08000000, Load base: 0x08000000, Size: 0x00019a94, Max: 0x00100000, ABSOLUTE)

    Exec Addr    Load Addr    Size         Type   Attr      Idx    E Section Name        Object

    0x08000000   0x08000000   0x00000188   Data   RO         6187    RESET               startup_stm32f4xx.o
    0x08000188   0x08000188   0x00000008   Code   RO         9254  * !!!main             c_w.l(__main.o)
    0x08000190   0x08000190   0x00000034   Code   RO         9478    !!!scatter          c_w.l(__scatter.o)
    0x080001c4   0x080001c4   0x0000005a   Code   RO         9476    !!dczerorl2         c_w.l(__dczerorl2.o)
    0x0800021e   0x0800021e   0x00000002   PAD
    0x08000220   0x08000220   0x0000001c   Code   RO         9480    !!handler_zi        c_w.l(__scatter_zi.o)
    0x0800023c   0x0800023c   0x00000002   Code   RO         9349    .ARM.Collect$$libinit$$00000000  c_w.l(libinit.o)
    0x0800023e   0x0800023e   0x00000004   Code   RO         9352    .ARM.Collect$$libinit$$00000001  c_w.l(libinit2.o)
    0x08000242   0x08000242   0x00000000   Code   RO         9355    .ARM.Collect$$libinit$$00000004  c_w.l(libinit2.o)
    0x08000242   0x08000242   0x00000000   Code   RO         9358    .ARM.Collect$$libinit$$0000000A  c_w.l(libinit2.o)
    0x08000242   0x08000242   0x00000000   Code   RO         9360    .ARM.Collect$$libinit$$0000000C  c_w.l(libinit2.o)
    0x08000242   0x08000242   0x00000000   Code   RO         9362    .ARM.Collect$$libinit$$0000000E  c_w.l(libinit2.o)
    0x08000242   0x08000242   0x00000006   Code   RO         9363    .ARM.Collect$$libinit$$0000000F  c_w.l(libinit2.o)
    0x08000248   0x08000248   0x00000000   Code   RO         9365    .ARM.Collect$$libinit$$00000011  c_w.l(libinit2.o)
    0x08000248   0x08000248   0x0000000c   Code   RO         9366    .ARM.Collect$$libinit$$00000012  c_w.l(libinit2.o)
    0x08000254   0x08000254   0x00000000   Code   RO         9367    .ARM.Collect$$libinit$$00000013  c_w.l(libinit2.o)
    0x08000254   0x08000254   0x00000000   Code   RO         9369    .ARM.Collect$$libinit$$00000015  c_w.l(libinit2.o)
    0x08000254   0x08000254   0x00000000   Code   RO         9371    .ARM.Collect$$libinit$$00000017  c_w.l(libinit2.o)
    0x08000254   0x08000254   0x00000000   Code   RO         9373    .ARM.Collect$$libinit$$00000019  c_w.l(libinit2.o)
    0x08000254   0x08000254   0x00000000   Code   RO         9375    .ARM.Collect$$libinit$$0000001B  c_w.l(libinit2.o)
    0x08000254   0x08000254   0x00000000   Code   RO         9377    .ARM.Collect$$libinit$$0000001D  c_w.l(libinit2.o)
    0x08000254   0x08000254   0x00000000   Code   RO         9379    .ARM.Collect$$libinit$$0000001F  c_w.l(libinit2.o)
    0x08000254   0x08000254   0x00000000   Code   RO         9381    .ARM.Collect$$libinit$$00000021  c_w.l(libinit2.o)
    0x08000254   0x08000254   0x00000000   Code   RO         9383    .ARM.Collect$$libinit$$00000023  c_w.l(libinit2.o)
    0x08000254   0x08000254   0x00000000   Code   RO         9385    .ARM.Collect$$libinit$$00000025  c_w.l(libinit2.o)
    0x08000254   0x08000254   0x00000000   Code   RO         9389    .ARM.Collect$$libinit$$0000002C  c_w.l(libinit2.o)
    0x08000254   0x08000254   0x00000000   Code   RO         9391    .ARM.Collect$$libinit$$0000002E  c_w.l(libinit2.o)
    0x08000254   0x08000254   0x00000000   Code   RO         9393    .ARM.Collect$$libinit$$00000030  c_w.l(libinit2.o)
    0x08000254   0x08000254   0x00000000   Code   RO         9395    .ARM.Collect$$libinit$$00000032  c_w.l(libinit2.o)
    0x08000254   0x08000254   0x00000002   Code   RO         9396    .ARM.Collect$$libinit$$00000033  c_w.l(libinit2.o)
    0x08000256   0x08000256   0x00000002   Code   RO         9416    .ARM.Collect$$libshutdown$$00000000  c_w.l(libshutdown.o)
    0x08000258   0x08000258   0x00000000   Code   RO         9429    .ARM.Collect$$libshutdown$$00000002  c_w.l(libshutdown2.o)
    0x08000258   0x08000258   0x00000000   Code   RO         9431    .ARM.Collect$$libshutdown$$00000004  c_w.l(libshutdown2.o)
    0x08000258   0x08000258   0x00000000   Code   RO         9434    .ARM.Collect$$libshutdown$$00000007  c_w.l(libshutdown2.o)
    0x08000258   0x08000258   0x00000000   Code   RO         9437    .ARM.Collect$$libshutdown$$0000000A  c_w.l(libshutdown2.o)
    0x08000258   0x08000258   0x00000000   Code   RO         9439    .ARM.Collect$$libshutdown$$0000000C  c_w.l(libshutdown2.o)
    0x08000258   0x08000258   0x00000000   Code   RO         9442    .ARM.Collect$$libshutdown$$0000000F  c_w.l(libshutdown2.o)
    0x08000258   0x08000258   0x00000002   Code   RO         9443    .ARM.Collect$$libshutdown$$00000010  c_w.l(libshutdown2.o)
    0x0800025a   0x0800025a   0x00000000   Code   RO         9288    .ARM.Collect$$rtentry$$00000000  c_w.l(__rtentry.o)
    0x0800025a   0x0800025a   0x00000000   Code   RO         9312    .ARM.Collect$$rtentry$$00000002  c_w.l(__rtentry2.o)
    0x0800025a   0x0800025a   0x00000006   Code   RO         9324    .ARM.Collect$$rtentry$$00000004  c_w.l(__rtentry4.o)
    0x08000260   0x08000260   0x00000000   Code   RO         9314    .ARM.Collect$$rtentry$$00000009  c_w.l(__rtentry2.o)
    0x08000260   0x08000260   0x00000004   Code   RO         9315    .ARM.Collect$$rtentry$$0000000A  c_w.l(__rtentry2.o)
    0x08000264   0x08000264   0x00000000   Code   RO         9317    .ARM.Collect$$rtentry$$0000000C  c_w.l(__rtentry2.o)
    0x08000264   0x08000264   0x00000008   Code   RO         9318    .ARM.Collect$$rtentry$$0000000D  c_w.l(__rtentry2.o)
    0x0800026c   0x0800026c   0x00000002   Code   RO         9350    .ARM.Collect$$rtexit$$00000000  c_w.l(rtexit.o)
    0x0800026e   0x0800026e   0x00000000   Code   RO         9398    .ARM.Collect$$rtexit$$00000002  c_w.l(rtexit2.o)
    0x0800026e   0x0800026e   0x00000004   Code   RO         9399    .ARM.Collect$$rtexit$$00000003  c_w.l(rtexit2.o)
    0x08000272   0x08000272   0x00000006   Code   RO         9400    .ARM.Collect$$rtexit$$00000004  c_w.l(rtexit2.o)
    0x08000278   0x08000278   0x00000040   Code   RO         6188    .text               startup_stm32f4xx.o
    0x080002b8   0x080002b8   0x00000110   Code   RO         7576    .text               context_rvds.o
    0x080003c8   0x080003c8   0x0000001a   Code   RO         9227    .text               c_w.l(atoi.o)
    0x080003e2   0x080003e2   0x00000058   Code   RO         9229    .text               c_w.l(memcmp.o)
    0x0800043a   0x0800043a   0x0000003e   Code   RO         9231    .text               c_w.l(strlen.o)
    0x08000478   0x08000478   0x00000096   Code   RO         9233    .text               c_w.l(strncmp.o)
    0x0800050e   0x0800050e   0x0000008a   Code   RO         9235    .text               c_w.l(rt_memcpy_v6.o)
    0x08000598   0x08000598   0x00000064   Code   RO         9237    .text               c_w.l(rt_memcpy_w.o)
    0x080005fc   0x080005fc   0x00000044   Code   RO         9239    .text               c_w.l(rt_memclr.o)
    0x08000640   0x08000640   0x0000004e   Code   RO         9241    .text               c_w.l(rt_memclr_w.o)
    0x0800068e   0x0800068e   0x00000056   Code   RO         9243    .text               c_w.l(strncpy.o)
    0x080006e4   0x080006e4   0x00000080   Code   RO         9245    .text               c_w.l(strcmpv7m.o)
    0x08000764   0x08000764   0x00000006   Code   RO         9252    .text               c_w.l(heapauxi.o)
    0x0800076a   0x0800076a   0x00000002   PAD
    0x0800076c   0x0800076c   0x00000008   Code   RO         9292    .text               c_w.l(rt_errno_addr_intlibspace.o)
    0x08000774   0x08000774   0x00000070   Code   RO         9294    .text               c_w.l(strtol.o)
    0x080007e4   0x080007e4   0x00000008   Code   RO         9308    .text               c_w.l(libspace.o)
    0x080007ec   0x080007ec   0x00000010   Code   RO         9326    .text               c_w.l(rt_ctype_table.o)
    0x080007fc   0x080007fc   0x0000009e   Code   RO         9328    .text               c_w.l(_strtoul.o)
    0x0800089a   0x0800089a   0x0000004a   Code   RO         9330    .text               c_w.l(sys_stackheap_outer.o)
    0x080008e4   0x080008e4   0x00000008   Code   RO         9335    .text               c_w.l(rt_locale_intlibspace.o)
    0x080008ec   0x080008ec   0x0000001c   Code   RO         9337    .text               c_w.l(_chval.o)
    0x08000908   0x08000908   0x00000012   Code   RO         9342    .text               c_w.l(exit.o)
    0x0800091a   0x0800091a   0x00000002   PAD
    0x0800091c   0x0800091c   0x0000000c   Code   RO         9408    .text               c_w.l(sys_exit.o)
    0x08000928   0x08000928   0x00000002   Code   RO         9419    .text               c_w.l(use_no_semi.o)
    0x0800092a   0x0800092a   0x00000000   Code   RO         9421    .text               c_w.l(indicate_semi.o)
    0x0800092a   0x0800092a   0x00000002   PAD
    0x0800092c   0x0800092c   0x00000098   Code   RO         2351    i.ADC_Cmd           stm32f4xx_adc.o
    0x080009c4   0x080009c4   0x000001a4   Code   RO         2352    i.ADC_CommonInit    stm32f4xx_adc.o
    0x08000b68   0x08000b68   0x00000074   Code   RO         2363    i.ADC_GetConversionValue  stm32f4xx_adc.o
    0x08000bdc   0x08000bdc   0x000000a8   Code   RO         2364    i.ADC_GetFlagStatus  stm32f4xx_adc.o
    0x08000c84   0x08000c84   0x000001e8   Code   RO         2371    i.ADC_Init          stm32f4xx_adc.o
    0x08000e6c   0x08000e6c   0x000001e4   Code   RO         2376    i.ADC_RegularChannelConfig  stm32f4xx_adc.o
    0x08001050   0x08001050   0x00000078   Code   RO         2378    i.ADC_SoftwareStartConv  stm32f4xx_adc.o
    0x080010c8   0x080010c8   0x00000034   Code   RO          962    i.B_Compare         bsp_grayscale.o
    0x080010fc   0x080010fc   0x000001c0   Code   RO         1484    i.Bool_Operation    operation.o
    0x080012bc   0x080012bc   0x00000004   Code   RO          454    i.BusFault_Handler  stm32f4xx_it.o
    0x080012c0   0x080012c0   0x00000060   Code   RO         1360    i.Compass_Frame     robot_ui.o
    0x08001320   0x08001320   0x00000034   Code   RO         1485    i.Compass_Operation  operation.o
    0x08001354   0x08001354   0x0000022c   Code   RO         2125    i.CopeSerial2Data   jy61.o
    0x08001580   0x08001580   0x00000018   Code   RO         1131    i.DMA1_Stream1_IRQHandler  usart.o
    0x08001598   0x08001598   0x00000018   Code   RO         1132    i.DMA1_Stream5_IRQHandler  usart.o
    0x080015b0   0x080015b0   0x00000018   Code   RO         1133    i.DMA2_Stream5_IRQHandler  usart.o
    0x080015c8   0x080015c8   0x00000128   Code   RO         3224    i.DMA_ClearFlag     stm32f4xx_dma.o
    0x080016f0   0x080016f0   0x00000100   Code   RO         3226    i.DMA_Cmd           stm32f4xx_dma.o
    0x080017f0   0x080017f0   0x00000074   Code   RO         1134    i.DMA_Configuration  usart.o
    0x08001864   0x08001864   0x00000224   Code   RO         3227    i.DMA_DeInit        stm32f4xx_dma.o
    0x08001a88   0x08001a88   0x000000e8   Code   RO         3231    i.DMA_GetCmdStatus  stm32f4xx_dma.o
    0x08001b70   0x08001b70   0x000000dc   Code   RO         3232    i.DMA_GetCurrDataCounter  stm32f4xx_dma.o
    0x08001c4c   0x08001c4c   0x0000026c   Code   RO         3235    i.DMA_GetFlagStatus  stm32f4xx_dma.o
    0x08001eb8   0x08001eb8   0x00000138   Code   RO         3237    i.DMA_ITConfig      stm32f4xx_dma.o
    0x08001ff0   0x08001ff0   0x000002e0   Code   RO         3238    i.DMA_Init          stm32f4xx_dma.o
    0x080022d0   0x080022d0   0x00000034   Code   RO          494    i.Dir_Init          bsp_motor.o
    0x08002304   0x08002304   0x0000031c   Code   RO         1646    i.Down_Platform     track.o
    0x08002620   0x08002620   0x00000012   Code   RO          260    i.EXTI0_IRQHandler  gpio.o
    0x08002632   0x08002632   0x0000006c   Code   RO          261    i.EXTI15_10_IRQHandler  gpio.o
    0x0800269e   0x0800269e   0x00000012   Code   RO          262    i.EXTI1_IRQHandler  gpio.o
    0x080026b0   0x080026b0   0x00000012   Code   RO          263    i.EXTI2_IRQHandler  gpio.o
    0x080026c2   0x080026c2   0x00000012   Code   RO          264    i.EXTI3_IRQHandler  gpio.o
    0x080026d4   0x080026d4   0x00000012   Code   RO          265    i.EXTI4_IRQHandler  gpio.o
    0x080026e6   0x080026e6   0x00000056   Code   RO          266    i.EXTI9_5_IRQHandler  gpio.o
    0x0800273c   0x0800273c   0x00000064   Code   RO         3349    i.EXTI_ClearITPendingBit  stm32f4xx_exti.o
    0x080027a0   0x080027a0   0x000000f0   Code   RO         3353    i.EXTI_GetITStatus  stm32f4xx_exti.o
    0x08002890   0x08002890   0x00000130   Code   RO         3354    i.EXTI_Init         stm32f4xx_exti.o
    0x080029c0   0x080029c0   0x00000064   Code   RO         3406    i.FLASH_ClearFlag   stm32f4xx_flash.o
    0x08002a24   0x08002a24   0x00000120   Code   RO         3410    i.FLASH_EraseSector  stm32f4xx_flash.o
    0x08002b44   0x08002b44   0x00000048   Code   RO         3412    i.FLASH_GetStatus   stm32f4xx_flash.o
    0x08002b8c   0x08002b8c   0x00000014   Code   RO         3416    i.FLASH_Lock        stm32f4xx_flash.o
    0x08002ba0   0x08002ba0   0x000000c0   Code   RO         3431    i.FLASH_ProgramHalfWord  stm32f4xx_flash.o
    0x08002c60   0x08002c60   0x00000024   Code   RO         3434    i.FLASH_Unlock      stm32f4xx_flash.o
    0x08002c84   0x08002c84   0x00000022   Code   RO         3435    i.FLASH_WaitForLastOperation  stm32f4xx_flash.o
    0x08002ca6   0x08002ca6   0x00000002   PAD
    0x08002ca8   0x08002ca8   0x00000034   Code   RO          963    i.F_Compare         bsp_grayscale.o
    0x08002cdc   0x08002cdc   0x0000005c   Code   RO         1361    i.Fifth_Platform_Frame  robot_ui.o
    0x08002d38   0x08002d38   0x00000050   Code   RO         1486    i.Fifth_image       operation.o
    0x08002d88   0x08002d88   0x00000024   Code   RO          891    i.Flash_EraseSector  bsp_flash.o
    0x08002dac   0x08002dac   0x000000e4   Code   RO          892    i.Flash_GetSector   bsp_flash.o
    0x08002e90   0x08002e90   0x0000001a   Code   RO          893    i.Flash_Read16BitDatas  bsp_flash.o
    0x08002eaa   0x08002eaa   0x00000072   Code   RO          896    i.Flash_Write16BitDatas  bsp_flash.o
    0x08002f1c   0x08002f1c   0x00000a68   Code   RO         1648    i.ForwardTrack      track.o
    0x08003984   0x08003984   0x0000005c   Code   RO         1362    i.Fourth_Platform_Frame  robot_ui.o
    0x080039e0   0x080039e0   0x00000050   Code   RO         1487    i.Fourth_image      operation.o
    0x08003a30   0x08003a30   0x00000088   Code   RO         1135    i.GPIO_Configuration  usart.o
    0x08003ab8   0x08003ab8   0x000001bc   Code   RO         3721    i.GPIO_Init         stm32f4xx_gpio.o
    0x08003c74   0x08003c74   0x000001b8   Code   RO         3722    i.GPIO_PinAFConfig  stm32f4xx_gpio.o
    0x08003e2c   0x08003e2c   0x000000b0   Code   RO         3724    i.GPIO_ReadInputData  stm32f4xx_gpio.o
    0x08003edc   0x08003edc   0x0000011c   Code   RO         3725    i.GPIO_ReadInputDataBit  stm32f4xx_gpio.o
    0x08003ff8   0x08003ff8   0x000000c4   Code   RO         3728    i.GPIO_ResetBits    stm32f4xx_gpio.o
    0x080040bc   0x080040bc   0x000000c4   Code   RO         3729    i.GPIO_SetBits      stm32f4xx_gpio.o
    0x08004180   0x08004180   0x00000064   Code   RO          964    i.GetGrayscale      bsp_grayscale.o
    0x080041e4   0x080041e4   0x00000030   Code   RO          965    i.Get_Adc           bsp_grayscale.o
    0x08004214   0x08004214   0x0000002e   Code   RO          966    i.Get_Adc_Average   bsp_grayscale.o
    0x08004242   0x08004242   0x00000002   PAD
    0x08004244   0x08004244   0x000000f0   Code   RO          967    i.Get_BGrayscale    bsp_grayscale.o
    0x08004334   0x08004334   0x000000f0   Code   RO          968    i.Get_FGrayscale    bsp_grayscale.o
    0x08004424   0x08004424   0x00000164   Code   RO         1488    i.GrayBack_Operation  operation.o
    0x08004588   0x08004588   0x00000044   Code   RO         1363    i.GrayBool_Frame    robot_ui.o
    0x080045cc   0x080045cc   0x00000160   Code   RO         1489    i.GrayFront_Operation  operation.o
    0x0800472c   0x0800472c   0x00000060   Code   RO         1364    i.GrayScale_Frame   robot_ui.o
    0x0800478c   0x0800478c   0x00000044   Code   RO         1365    i.Gray_Back_Frame   robot_ui.o
    0x080047d0   0x080047d0   0x00000044   Code   RO         1366    i.Gray_Front_Frame  robot_ui.o
    0x08004814   0x08004814   0x0000004c   Code   RO          575    i.IIC_Init          bsp_oled.o
    0x08004860   0x08004860   0x00000050   Code   RO          578    i.IIC_Send_Byte     bsp_oled.o
    0x080048b0   0x080048b0   0x00000038   Code   RO          579    i.IIC_Start         bsp_oled.o
    0x080048e8   0x080048e8   0x00000034   Code   RO          580    i.IIC_Stop          bsp_oled.o
    0x0800491c   0x0800491c   0x0000004c   Code   RO          581    i.IIC_Wait_Ack      bsp_oled.o
    0x08004968   0x08004968   0x00000010   Code   RO          849    i.ILL_Init          bsp_led.o
    0x08004978   0x08004978   0x00000060   Code   RO         1367    i.Image_Frame       robot_ui.o
    0x080049d8   0x080049d8   0x00000034   Code   RO          850    i.Infrared_Init     bsp_led.o
    0x08004a0c   0x08004a0c   0x00000060   Code   RO         1368    i.Laser_Frame       robot_ui.o
    0x08004a6c   0x08004a6c   0x00000034   Code   RO          851    i.Laser_Init        bsp_led.o
    0x08004aa0   0x08004aa0   0x000000ac   Code   RO         1490    i.Laser_Operation   operation.o
    0x08004b4c   0x08004b4c   0x00000004   Code   RO          455    i.MemManage_Handler  stm32f4xx_it.o
    0x08004b50   0x08004b50   0x00000060   Code   RO         1369    i.Motor_Frame       robot_ui.o
    0x08004bb0   0x08004bb0   0x00000060   Code   RO         1491    i.Motor_Operation   operation.o
    0x08004c10   0x08004c10   0x00000002   Code   RO          456    i.NMI_Handler       stm32f4xx_it.o
    0x08004c12   0x08004c12   0x00000016   Code   RO          207    i.NVIC_Configuration  board.o
    0x08004c28   0x08004c28   0x00000022   Code   RO         1136    i.NVIC_Configuration  usart.o
    0x08004c4a   0x08004c4a   0x00000002   PAD
    0x08004c4c   0x08004c4c   0x000000e4   Code   RO         2305    i.NVIC_Init         misc.o
    0x08004d30   0x08004d30   0x00000074   Code   RO         2306    i.NVIC_PriorityGroupConfig  misc.o
    0x08004da4   0x08004da4   0x0000007c   Code   RO         2307    i.NVIC_SetVectorTable  misc.o
    0x08004e20   0x08004e20   0x0000003e   Code   RO          582    i.OLED_Clear        bsp_oled.o
    0x08004e5e   0x08004e5e   0x00000028   Code   RO          587    i.OLED_Set_Pos      bsp_oled.o
    0x08004e86   0x08004e86   0x00000002   PAD
    0x08004e88   0x08004e88   0x000000a4   Code   RO          589    i.OLED_ShowChar     bsp_oled.o
    0x08004f2c   0x08004f2c   0x00000088   Code   RO          590    i.OLED_ShowNum      bsp_oled.o
    0x08004fb4   0x08004fb4   0x0000003a   Code   RO          591    i.OLED_ShowString   bsp_oled.o
    0x08004fee   0x08004fee   0x00000018   Code   RO          592    i.OLED_WR_Byte      bsp_oled.o
    0x08005006   0x08005006   0x00000002   PAD
    0x08005008   0x08005008   0x00000030   Code   RO         8518    i.OP_add_byte       finsh_ops.o
    0x08005038   0x08005038   0x00000030   Code   RO         8519    i.OP_add_dword      finsh_ops.o
    0x08005068   0x08005068   0x00000030   Code   RO         8520    i.OP_add_word       finsh_ops.o
    0x08005098   0x08005098   0x00000030   Code   RO         8521    i.OP_and_byte       finsh_ops.o
    0x080050c8   0x080050c8   0x00000030   Code   RO         8522    i.OP_and_dword      finsh_ops.o
    0x080050f8   0x080050f8   0x00000030   Code   RO         8523    i.OP_and_word       finsh_ops.o
    0x08005128   0x08005128   0x00000018   Code   RO         8524    i.OP_bw_byte        finsh_ops.o
    0x08005140   0x08005140   0x00000018   Code   RO         8525    i.OP_bw_dword       finsh_ops.o
    0x08005158   0x08005158   0x00000018   Code   RO         8526    i.OP_bw_word        finsh_ops.o
    0x08005170   0x08005170   0x0000038c   Code   RO         8527    i.OP_call           finsh_ops.o
    0x080054fc   0x080054fc   0x00000030   Code   RO         8528    i.OP_div_byte       finsh_ops.o
    0x0800552c   0x0800552c   0x00000030   Code   RO         8529    i.OP_div_dword      finsh_ops.o
    0x0800555c   0x0800555c   0x00000034   Code   RO         8530    i.OP_div_word       finsh_ops.o
    0x08005590   0x08005590   0x0000002c   Code   RO         8531    i.OP_ld_byte        finsh_ops.o
    0x080055bc   0x080055bc   0x00000048   Code   RO         8532    i.OP_ld_dword       finsh_ops.o
    0x08005604   0x08005604   0x0000004c   Code   RO         8533    i.OP_ld_value_byte  finsh_ops.o
    0x08005650   0x08005650   0x00000018   Code   RO         8534    i.OP_ld_value_byte_stack  finsh_ops.o
    0x08005668   0x08005668   0x0000004c   Code   RO         8535    i.OP_ld_value_dword  finsh_ops.o
    0x080056b4   0x080056b4   0x00000018   Code   RO         8536    i.OP_ld_value_dword_stack  finsh_ops.o
    0x080056cc   0x080056cc   0x0000004c   Code   RO         8537    i.OP_ld_value_word  finsh_ops.o
    0x08005718   0x08005718   0x00000018   Code   RO         8538    i.OP_ld_value_word_stack  finsh_ops.o
    0x08005730   0x08005730   0x00000038   Code   RO         8539    i.OP_ld_word        finsh_ops.o
    0x08005768   0x08005768   0x00000034   Code   RO         8540    i.OP_mod_byte       finsh_ops.o
    0x0800579c   0x0800579c   0x00000034   Code   RO         8541    i.OP_mod_dword      finsh_ops.o
    0x080057d0   0x080057d0   0x00000034   Code   RO         8542    i.OP_mod_word       finsh_ops.o
    0x08005804   0x08005804   0x00000030   Code   RO         8543    i.OP_mul_byte       finsh_ops.o
    0x08005834   0x08005834   0x00000030   Code   RO         8544    i.OP_mul_dword      finsh_ops.o
    0x08005864   0x08005864   0x00000034   Code   RO         8545    i.OP_mul_word       finsh_ops.o
    0x08005898   0x08005898   0x00000002   Code   RO         8546    i.OP_no_op          finsh_ops.o
    0x0800589a   0x0800589a   0x00000002   PAD
    0x0800589c   0x0800589c   0x00000030   Code   RO         8547    i.OP_or_byte        finsh_ops.o
    0x080058cc   0x080058cc   0x00000030   Code   RO         8548    i.OP_or_dword       finsh_ops.o
    0x080058fc   0x080058fc   0x00000030   Code   RO         8549    i.OP_or_word        finsh_ops.o
    0x0800592c   0x0800592c   0x00000010   Code   RO         8550    i.OP_pop            finsh_ops.o
    0x0800593c   0x0800593c   0x00000030   Code   RO         8551    i.OP_shl_byte       finsh_ops.o
    0x0800596c   0x0800596c   0x00000030   Code   RO         8552    i.OP_shl_dword      finsh_ops.o
    0x0800599c   0x0800599c   0x00000030   Code   RO         8553    i.OP_shl_word       finsh_ops.o
    0x080059cc   0x080059cc   0x00000030   Code   RO         8554    i.OP_shr_byte       finsh_ops.o
    0x080059fc   0x080059fc   0x00000030   Code   RO         8555    i.OP_shr_dword      finsh_ops.o
    0x08005a2c   0x08005a2c   0x00000030   Code   RO         8556    i.OP_shr_word       finsh_ops.o
    0x08005a5c   0x08005a5c   0x00000024   Code   RO         8557    i.OP_st_byte        finsh_ops.o
    0x08005a80   0x08005a80   0x00000024   Code   RO         8558    i.OP_st_dword       finsh_ops.o
    0x08005aa4   0x08005aa4   0x00000024   Code   RO         8559    i.OP_st_word        finsh_ops.o
    0x08005ac8   0x08005ac8   0x00000030   Code   RO         8560    i.OP_sub_byte       finsh_ops.o
    0x08005af8   0x08005af8   0x00000030   Code   RO         8561    i.OP_sub_dword      finsh_ops.o
    0x08005b28   0x08005b28   0x00000030   Code   RO         8562    i.OP_sub_word       finsh_ops.o
    0x08005b58   0x08005b58   0x00000030   Code   RO         8563    i.OP_xor_byte       finsh_ops.o
    0x08005b88   0x08005b88   0x00000030   Code   RO         8564    i.OP_xor_dword      finsh_ops.o
    0x08005bb8   0x08005bb8   0x00000030   Code   RO         8565    i.OP_xor_word       finsh_ops.o
    0x08005be8   0x08005be8   0x00000154   Code   RO         1663    i.PID_Laser_L_1point  track.o
    0x08005d3c   0x08005d3c   0x00000154   Code   RO         1664    i.PID_Laser_R_1point  track.o
    0x08005e90   0x08005e90   0x000001d8   Code   RO         1665    i.PID_to_Angle      track.o
    0x08006068   0x08006068   0x000000b8   Code   RO          495    i.PWM_Init          bsp_motor.o
    0x08006120   0x08006120   0x00000090   Code   RO         4306    i.RCC_AHB1PeriphClockCmd  stm32f4xx_rcc.o
    0x080061b0   0x080061b0   0x00000090   Code   RO         4315    i.RCC_APB1PeriphClockCmd  stm32f4xx_rcc.o
    0x08006240   0x08006240   0x00000090   Code   RO         4318    i.RCC_APB2PeriphClockCmd  stm32f4xx_rcc.o
    0x080062d0   0x080062d0   0x00000090   Code   RO         4320    i.RCC_APB2PeriphResetCmd  stm32f4xx_rcc.o
    0x08006360   0x08006360   0x00000034   Code   RO         1137    i.RCC_Configuration  usart.o
    0x08006394   0x08006394   0x000000e8   Code   RO         4327    i.RCC_GetClocksFreq  stm32f4xx_rcc.o
    0x0800647c   0x0800647c   0x00000016   Code   RO         4643    i.RTC_Bcd2ToByte    stm32f4xx_rtc.o
    0x08006492   0x08006492   0x00000002   PAD
    0x08006494   0x08006494   0x000000a0   Code   RO         4659    i.RTC_GetDate       stm32f4xx_rtc.o
    0x08006534   0x08006534   0x000000a4   Code   RO         4664    i.RTC_GetTime       stm32f4xx_rtc.o
    0x080065d8   0x080065d8   0x0000015c   Code   RO         1671    i.Road_to_Angle_8   track.o
    0x08006734   0x08006734   0x00000064   Code   RO         1370    i.RobotRun_Frame    robot_ui.o
    0x08006798   0x08006798   0x00000074   Code   RO         1492    i.RobotRun_Operation  operation.o
    0x0800680c   0x0800680c   0x00000028   Code   RO          593    i.SDA_IN            bsp_oled.o
    0x08006834   0x08006834   0x0000002c   Code   RO          594    i.SDA_OUT           bsp_oled.o
    0x08006860   0x08006860   0x00000002   Code   RO          457    i.SVC_Handler       stm32f4xx_it.o
    0x08006862   0x08006862   0x00000002   PAD
    0x08006864   0x08006864   0x000000f8   Code   RO         5343    i.SYSCFG_EXTILineConfig  stm32f4xx_syscfg.o
    0x0800695c   0x0800695c   0x0000019c   Code   RO          899    i.SaveSystemParam   bsp_flash.o
    0x08006af8   0x08006af8   0x0000005c   Code   RO         1371    i.Second_Platform_Frame  robot_ui.o
    0x08006b54   0x08006b54   0x0000004c   Code   RO         1493    i.Second_image      operation.o
    0x08006ba0   0x08006ba0   0x000000ec   Code   RO         6193    i.SetSysClock       system_stm32f4xx.o
    0x08006c8c   0x08006c8c   0x00000064   Code   RO         1372    i.ShotDown_Frame    robot_ui.o
    0x08006cf0   0x08006cf0   0x0000000a   Code   RO         1494    i.ShotDown_Operation  operation.o
    0x08006cfa   0x08006cfa   0x00000002   PAD
    0x08006cfc   0x08006cfc   0x00000098   Code   RO         1373    i.Show_BackBool     robot_ui.o
    0x08006d94   0x08006d94   0x00000098   Code   RO         1374    i.Show_FrontBool    robot_ui.o
    0x08006e2c   0x08006e2c   0x00000096   Code   RO         1375    i.Show_Grayscale    robot_ui.o
    0x08006ec2   0x08006ec2   0x00000002   PAD
    0x08006ec4   0x08006ec4   0x00000060   Code   RO         1376    i.Sixth_Platform_Frame  robot_ui.o
    0x08006f24   0x08006f24   0x00000050   Code   RO         1495    i.Sixth_image       operation.o
    0x08006f74   0x08006f74   0x00000074   Code   RO         2309    i.SysTick_CLKSourceConfig  misc.o
    0x08006fe8   0x08006fe8   0x0000006c   Code   RO          208    i.SysTick_Configuration  board.o
    0x08007054   0x08007054   0x00000010   Code   RO          209    i.SysTick_Handler   board.o
    0x08007064   0x08007064   0x00000068   Code   RO         6195    i.SystemInit        system_stm32f4xx.o
    0x080070cc   0x080070cc   0x00000104   Code   RO         5390    i.TIM_ARRPreloadConfig  stm32f4xx_tim.o
    0x080071d0   0x080071d0   0x00000104   Code   RO         5402    i.TIM_Cmd           stm32f4xx_tim.o
    0x080072d4   0x080072d4   0x000001e4   Code   RO         5441    i.TIM_OC3Init       stm32f4xx_tim.o
    0x080074b8   0x080074b8   0x000000ac   Code   RO         5444    i.TIM_OC3PreloadConfig  stm32f4xx_tim.o
    0x08007564   0x08007564   0x00000178   Code   RO         5446    i.TIM_OC4Init       stm32f4xx_tim.o
    0x080076dc   0x080076dc   0x000000b4   Code   RO         5448    i.TIM_OC4PreloadConfig  stm32f4xx_tim.o
    0x08007790   0x08007790   0x0000018c   Code   RO         5474    i.TIM_TimeBaseInit  stm32f4xx_tim.o
    0x0800791c   0x0800791c   0x00000058   Code   RO         1377    i.Third_Platform_Frame  robot_ui.o
    0x08007974   0x08007974   0x00000050   Code   RO         1496    i.Third_image       operation.o
    0x080079c4   0x080079c4   0x00000044   Code   RO         1684    i.Tiyi_Laser_L_2point  track.o
    0x08007a08   0x08007a08   0x000009d0   Code   RO         1687    i.Tiyi_Up_Mount     track.o
    0x080083d8   0x080083d8   0x00000d7c   Code   RO         1689    i.Tiyi_down_8       track.o
    0x08009154   0x08009154   0x00000018   Code   RO         1138    i.USART1_IRQHandler  usart.o
    0x0800916c   0x0800916c   0x00000018   Code   RO         1139    i.USART2_IRQHandler  usart.o
    0x08009184   0x08009184   0x00000054   Code   RO         2126    i.USART3_IRQHandler  jy61.o
    0x080091d8   0x080091d8   0x000000c8   Code   RO         2127    i.USART3_Init       jy61.o
    0x080092a0   0x080092a0   0x000000d8   Code   RO         5944    i.USART_ClearFlag   stm32f4xx_usart.o
    0x08009378   0x08009378   0x000000fc   Code   RO         5945    i.USART_ClearITPendingBit  stm32f4xx_usart.o
    0x08009474   0x08009474   0x000000b8   Code   RO         5948    i.USART_Cmd         stm32f4xx_usart.o
    0x0800952c   0x0800952c   0x000000cc   Code   RO         5949    i.USART_DMACmd      stm32f4xx_usart.o
    0x080095f8   0x080095f8   0x00000104   Code   RO         5951    i.USART_GetFlagStatus  stm32f4xx_usart.o
    0x080096fc   0x080096fc   0x00000170   Code   RO         5952    i.USART_GetITStatus  stm32f4xx_usart.o
    0x0800986c   0x0800986c   0x0000015c   Code   RO         5954    i.USART_ITConfig    stm32f4xx_usart.o
    0x080099c8   0x080099c8   0x00000224   Code   RO         5955    i.USART_Init        stm32f4xx_usart.o
    0x08009bec   0x08009bec   0x00000094   Code   RO         5962    i.USART_ReceiveData  stm32f4xx_usart.o
    0x08009c80   0x08009c80   0x00000014   Code   RO         1691    i.Up_Platform       track.o
    0x08009c94   0x08009c94   0x00000004   Code   RO          458    i.UsageFault_Handler  stm32f4xx_it.o
    0x08009c98   0x08009c98   0x00000d18   Code   RO         1692    i.White_Black_Track  track.o
    0x0800a9b0   0x0800a9b0   0x0000002c   Code   RO          595    i.Write_IIC_Command  bsp_oled.o
    0x0800a9dc   0x0800a9dc   0x0000002c   Code   RO          596    i.Write_IIC_Data    bsp_oled.o
    0x0800aa08   0x0800aa08   0x00000022   Code   RO         1694    i.Xiepo_Laser8_time  track.o
    0x0800aa2a   0x0800aa2a   0x00000002   PAD
    0x0800aa2c   0x0800aa2c   0x000000c8   Code   RO         1697    i.Xiepo_LaserTrack_8  track.o
    0x0800aaf4   0x0800aaf4   0x0000004c   Code   RO         6721    i.__rt_ffs          kservice.o
    0x0800ab40   0x0800ab40   0x00000014   Code   RO         6360    i._has_defunct_thread  idle.o
    0x0800ab54   0x0800ab54   0x000000e8   Code   RO         8116    i._list_device      cmd.o
    0x0800ac3c   0x0800ac3c   0x000000f8   Code   RO         8117    i._list_event       cmd.o
    0x0800ad34   0x0800ad34   0x00000120   Code   RO         8118    i._list_mailbox     cmd.o
    0x0800ae54   0x0800ae54   0x00000114   Code   RO         8119    i._list_mempool     cmd.o
    0x0800af68   0x0800af68   0x00000108   Code   RO         8120    i._list_msgqueue    cmd.o
    0x0800b070   0x0800b070   0x000000c0   Code   RO         8121    i._list_mutex       cmd.o
    0x0800b130   0x0800b130   0x000000f0   Code   RO         8122    i._list_sem         cmd.o
    0x0800b220   0x0800b220   0x0000016c   Code   RO         8123    i._list_thread      cmd.o
    0x0800b38c   0x0800b38c   0x00000110   Code   RO         8124    i._list_timer       cmd.o
    0x0800b49c   0x0800b49c   0x00000048   Code   RO         7716    i._pin_control      pin.o
    0x0800b4e4   0x0800b4e4   0x00000054   Code   RO         7717    i._pin_read         pin.o
    0x0800b538   0x0800b538   0x00000054   Code   RO         7718    i._pin_write        pin.o
    0x0800b58c   0x0800b58c   0x000000c8   Code   RO         7181    i._rt_scheduler_stack_check  scheduler.o
    0x0800b654   0x0800b654   0x000000d0   Code   RO         7282    i._rt_thread_init   thread.o
    0x0800b724   0x0800b724   0x00000042   Code   RO         7427    i._rt_timer_init    timer.o
    0x0800b766   0x0800b766   0x0000002e   Code   RO         7428    i._rt_timer_remove  timer.o
    0x0800b794   0x0800b794   0x00000194   Code   RO         7614    i._serial_dma_rx    serial.o
    0x0800b928   0x0800b928   0x0000005c   Code   RO         7615    i._serial_dma_tx    serial.o
    0x0800b984   0x0800b984   0x00000064   Code   RO         7616    i._serial_fifo_calc_recved_len  serial.o
    0x0800b9e8   0x0800b9e8   0x000000b8   Code   RO         7617    i._serial_int_rx    serial.o
    0x0800baa0   0x0800baa0   0x00000070   Code   RO         7618    i._serial_int_tx    serial.o
    0x0800bb10   0x0800bb10   0x0000005c   Code   RO         7619    i._serial_poll_rx   serial.o
    0x0800bb6c   0x0800bb6c   0x00000054   Code   RO         7620    i._serial_poll_tx   serial.o
    0x0800bbc0   0x0800bbc0   0x00000070   Code   RO         1331    i.assert_failed     startup.o
    0x0800bc30   0x0800bc30   0x0000001e   Code   RO          267    i.bit2bitno         gpio.o
    0x0800bc4e   0x0800bc4e   0x00000002   PAD
    0x0800bc50   0x0800bc50   0x0000003c   Code   RO          777    i.delay_init        delay.o
    0x0800bc8c   0x0800bc8c   0x00000058   Code   RO         1050    i.demo_start        soft_timer.o
    0x0800bce4   0x0800bce4   0x00000042   Code   RO         1140    i.dma_rx_done_isr   usart.o
    0x0800bd26   0x0800bd26   0x00000068   Code   RO         1141    i.dma_uart_config   usart.o
    0x0800bd8e   0x0800bd8e   0x0000003c   Code   RO         1142    i.dma_uart_rx_idle_isr  usart.o
    0x0800bdca   0x0800bdca   0x0000003e   Code   RO         8372    i.finsh_block_insert  finsh_heap.o
    0x0800be08   0x0800be08   0x0000007c   Code   RO         8373    i.finsh_block_merge  finsh_heap.o
    0x0800be84   0x0800be84   0x0000002e   Code   RO         8374    i.finsh_block_remove  finsh_heap.o
    0x0800beb2   0x0800beb2   0x00000018   Code   RO         8375    i.finsh_block_split  finsh_heap.o
    0x0800beca   0x0800beca   0x00000002   PAD
    0x0800becc   0x0800becc   0x00001654   Code   RO         8291    i.finsh_compile     finsh_compiler.o
    0x0800d520   0x0800d520   0x00000068   Code   RO         8292    i.finsh_compiler_run  finsh_compiler.o
    0x0800d588   0x0800d588   0x0000000c   Code   RO         8338    i.finsh_errno       finsh_error.o
    0x0800d594   0x0800d594   0x0000000c   Code   RO         8339    i.finsh_error_init  finsh_error.o
    0x0800d5a0   0x0800d5a0   0x00000010   Code   RO         8340    i.finsh_error_set   finsh_error.o
    0x0800d5b0   0x0800d5b0   0x00000010   Code   RO         8341    i.finsh_error_string  finsh_error.o
    0x0800d5c0   0x0800d5c0   0x00000016   Code   RO         8425    i.finsh_flush       finsh_init.o
    0x0800d5d6   0x0800d5d6   0x00000002   PAD
    0x0800d5d8   0x0800d5d8   0x00000058   Code   RO         9123    i.finsh_getchar     shell.o
    0x0800d630   0x0800d630   0x00000074   Code   RO         8376    i.finsh_heap_allocate  finsh_heap.o
    0x0800d6a4   0x0800d6a4   0x0000002c   Code   RO         8377    i.finsh_heap_free   finsh_heap.o
    0x0800d6d0   0x0800d6d0   0x00000058   Code   RO         8378    i.finsh_heap_gc     finsh_heap.o
    0x0800d728   0x0800d728   0x00000030   Code   RO         8379    i.finsh_heap_init   finsh_heap.o
    0x0800d758   0x0800d758   0x0000001e   Code   RO         8426    i.finsh_init        finsh_init.o
    0x0800d776   0x0800d776   0x00000002   PAD
    0x0800d778   0x0800d778   0x0000003c   Code   RO         8461    i.finsh_node_allocate  finsh_node.o
    0x0800d7b4   0x0800d7b4   0x00000014   Code   RO         8462    i.finsh_node_init   finsh_node.o
    0x0800d7c8   0x0800d7c8   0x0000001e   Code   RO         8463    i.finsh_node_new_char  finsh_node.o
    0x0800d7e6   0x0800d7e6   0x00000076   Code   RO         8464    i.finsh_node_new_id  finsh_node.o
    0x0800d85c   0x0800d85c   0x0000001e   Code   RO         8465    i.finsh_node_new_int  finsh_node.o
    0x0800d87a   0x0800d87a   0x0000001e   Code   RO         8466    i.finsh_node_new_long  finsh_node.o
    0x0800d898   0x0800d898   0x0000001e   Code   RO         8467    i.finsh_node_new_ptr  finsh_node.o
    0x0800d8b6   0x0800d8b6   0x0000004a   Code   RO         8468    i.finsh_node_new_string  finsh_node.o
    0x0800d900   0x0800d900   0x00000010   Code   RO         8818    i.finsh_parser_init  finsh_parser.o
    0x0800d910   0x0800d910   0x000000dc   Code   RO         8819    i.finsh_parser_run  finsh_parser.o
    0x0800d9ec   0x0800d9ec   0x000000d4   Code   RO         9124    i.finsh_run_line    shell.o
    0x0800dac0   0x0800dac0   0x00000040   Code   RO         9125    i.finsh_rx_ind      shell.o
    0x0800db00   0x0800db00   0x000000dc   Code   RO         9126    i.finsh_set_device  shell.o
    0x0800dbdc   0x0800dbdc   0x0000000c   Code   RO         8428    i.finsh_stack_bottom  finsh_init.o
    0x0800dbe8   0x0800dbe8   0x0000005c   Code   RO         9066    i.finsh_syscall_lookup  finsh_vm.o
    0x0800dc44   0x0800dc44   0x00000014   Code   RO         9128    i.finsh_system_function_init  shell.o
    0x0800dc58   0x0800dc58   0x000000c0   Code   RO         9129    i.finsh_system_init  shell.o
    0x0800dd18   0x0800dd18   0x00000014   Code   RO         9130    i.finsh_system_var_init  shell.o
    0x0800dd2c   0x0800dd2c   0x0000005c   Code   RO         9013    i.finsh_sysvar_lookup  finsh_var.o
    0x0800dd88   0x0800dd88   0x00000514   Code   RO         9131    i.finsh_thread_entry  shell.o
    0x0800e29c   0x0800e29c   0x00000014   Code   RO         8930    i.finsh_token_init  finsh_token.o
    0x0800e2b0   0x0800e2b0   0x00000018   Code   RO         8931    i.finsh_token_token  finsh_token.o
    0x0800e2c8   0x0800e2c8   0x0000015e   Code   RO         8293    i.finsh_type_check  finsh_compiler.o
    0x0800e426   0x0800e426   0x00000002   PAD
    0x0800e428   0x0800e428   0x00000014   Code   RO         9015    i.finsh_var_init    finsh_var.o
    0x0800e43c   0x0800e43c   0x00000078   Code   RO         9016    i.finsh_var_insert  finsh_var.o
    0x0800e4b4   0x0800e4b4   0x00000040   Code   RO         9017    i.finsh_var_lookup  finsh_var.o
    0x0800e4f4   0x0800e4f4   0x00000054   Code   RO         9067    i.finsh_vm_run      finsh_vm.o
    0x0800e548   0x0800e548   0x000000b4   Code   RO          971    i.get_grayscale_entry  bsp_grayscale.o
    0x0800e5fc   0x0800e5fc   0x00000114   Code   RO         1246    i.get_image         image.o
    0x0800e710   0x0800e710   0x00000020   Code   RO          268    i.get_pin           gpio.o
    0x0800e730   0x0800e730   0x000000a8   Code   RO          269    i.get_pin_irq       gpio.o
    0x0800e7d8   0x0800e7d8   0x000000b8   Code   RO          972    i.grayscale_init    bsp_grayscale.o
    0x0800e890   0x0800e890   0x00000020   Code   RO         8125    i.hello             cmd.o
    0x0800e8b0   0x0800e8b0   0x00000a70   Code   RO         1702    i.highspeed_ForwardTrack  track.o
    0x0800f320   0x0800f320   0x00000030   Code   RO         1247    i.image_thread_creat  image.o
    0x0800f350   0x0800f350   0x00000068   Code   RO         1248    i.image_thread_entry  image.o
    0x0800f3b8   0x0800f3b8   0x00000030   Code   RO          813    i.key_init          bsp_key.o
    0x0800f3e8   0x0800f3e8   0x000000d4   Code   RO          814    i.key_scan          bsp_key.o
    0x0800f4bc   0x0800f4bc   0x0000000e   Code   RO          815    i.key_thread_entry  bsp_key.o
    0x0800f4ca   0x0800f4ca   0x00000002   PAD
    0x0800f4cc   0x0800f4cc   0x00000098   Code   RO         1703    i.laser_track       track.o
    0x0800f564   0x0800f564   0x00000058   Code   RO          852    i.led_init          bsp_led.o
    0x0800f5bc   0x0800f5bc   0x000000dc   Code   RO         8126    i.list              cmd.o
    0x0800f698   0x0800f698   0x00000012   Code   RO         8127    i.list_device       cmd.o
    0x0800f6aa   0x0800f6aa   0x00000012   Code   RO         8128    i.list_event        cmd.o
    0x0800f6bc   0x0800f6bc   0x00000012   Code   RO         8129    i.list_mailbox      cmd.o
    0x0800f6ce   0x0800f6ce   0x00000002   PAD
    0x0800f6d0   0x0800f6d0   0x00000078   Code   RO         6925    i.list_mem          mem.o
    0x0800f748   0x0800f748   0x00000012   Code   RO         8130    i.list_mempool      cmd.o
    0x0800f75a   0x0800f75a   0x00000012   Code   RO         8131    i.list_msgqueue     cmd.o
    0x0800f76c   0x0800f76c   0x00000012   Code   RO         8132    i.list_mutex        cmd.o
    0x0800f77e   0x0800f77e   0x00000002   PAD
    0x0800f780   0x0800f780   0x00000210   Code   RO         8133    i.list_prefix       cmd.o
    0x0800f990   0x0800f990   0x00000012   Code   RO         8134    i.list_sem          cmd.o
    0x0800f9a2   0x0800f9a2   0x00000012   Code   RO         8135    i.list_thread       cmd.o
    0x0800f9b4   0x0800f9b4   0x00000012   Code   RO         8136    i.list_timer        cmd.o
    0x0800f9c6   0x0800f9c6   0x00000002   PAD
    0x0800f9c8   0x0800f9c8   0x000003f8   Code   RO         2169    i.liuleliule_8      route_selection.o
    0x0800fdc0   0x0800fdc0   0x0000000e   Code   RO         1332    i.main              startup.o
    0x0800fdce   0x0800fdce   0x00000028   Code   RO         8820    i.make_sys_node     finsh_parser.o
    0x0800fdf6   0x0800fdf6   0x00000044   Code   RO         1617    i.map_thread_entry  map.o
    0x0800fe3a   0x0800fe3a   0x00000060   Code   RO          496    i.mot               bsp_motor.o
    0x0800fe9a   0x0800fe9a   0x00000002   PAD
    0x0800fe9c   0x0800fe9c   0x00000054   Code   RO          497    i.motor             bsp_motor.o
    0x0800fef0   0x0800fef0   0x0000002c   Code   RO          498    i.motor_L           bsp_motor.o
    0x0800ff1c   0x0800ff1c   0x00000024   Code   RO          499    i.motor_R           bsp_motor.o
    0x0800ff40   0x0800ff40   0x00000016   Code   RO          500    i.motor_init        bsp_motor.o
    0x0800ff56   0x0800ff56   0x00000002   PAD
    0x0800ff58   0x0800ff58   0x00000024   Code   RO          501    i.motor_stop        bsp_motor.o
    0x0800ff7c   0x0800ff7c   0x0000002a   Code   RO         1704    i.motor_time        track.o
    0x0800ffa6   0x0800ffa6   0x00000014   Code   RO          502    i.motorr            bsp_motor.o
    0x0800ffba   0x0800ffba   0x0000003e   Code   RO         8137    i.object_name_maxlen  cmd.o
    0x0800fff8   0x0800fff8   0x0000001c   Code   RO         8138    i.object_split      cmd.o
    0x08010014   0x08010014   0x000000e6   Code   RO          598    i.oled_init         bsp_oled.o
    0x080100fa   0x080100fa   0x00000016   Code   RO          599    i.oled_pow          bsp_oled.o
    0x08010110   0x08010110   0x000000dc   Code   RO         1497    i.operation         operation.o
    0x080101ec   0x080101ec   0x000002b4   Code   RO         1498    i.operation_thread_entry  operation.o
    0x080104a0   0x080104a0   0x00000048   Code   RO          270    i.pin_irq_hdr       gpio.o
    0x080104e8   0x080104e8   0x0000010c   Code   RO         6926    i.plug_holes        mem.o
    0x080105f4   0x080105f4   0x00000046   Code   RO          973    i.pre_calculate     bsp_grayscale.o
    0x0801063a   0x0801063a   0x00000002   PAD
    0x0801063c   0x0801063c   0x0000018c   Code   RO         6723    i.print_number      kservice.o
    0x080107c8   0x080107c8   0x00000072   Code   RO         8821    i.proc_additive_expr  finsh_parser.o
    0x0801083a   0x0801083a   0x0000004c   Code   RO         8822    i.proc_and_expr     finsh_parser.o
    0x08010886   0x08010886   0x00000038   Code   RO         8823    i.proc_assign_expr  finsh_parser.o
    0x080108be   0x080108be   0x0000004e   Code   RO         8824    i.proc_cast_expr    finsh_parser.o
    0x0801090c   0x0801090c   0x0000004c   Code   RO         8825    i.proc_exclusive_or_expr  finsh_parser.o
    0x08010958   0x08010958   0x0000000c   Code   RO         8826    i.proc_expr         finsh_parser.o
    0x08010964   0x08010964   0x00000038   Code   RO         8827    i.proc_expr_statement  finsh_parser.o
    0x0801099c   0x0801099c   0x0000002c   Code   RO         8828    i.proc_identifier   finsh_parser.o
    0x080109c8   0x080109c8   0x0000004c   Code   RO         8829    i.proc_inclusive_or_expr  finsh_parser.o
    0x08010a14   0x08010a14   0x0000008a   Code   RO         8830    i.proc_multiplicative_expr  finsh_parser.o
    0x08010a9e   0x08010a9e   0x0000004c   Code   RO         8831    i.proc_param_list   finsh_parser.o
    0x08010aea   0x08010aea   0x000000a2   Code   RO         8832    i.proc_postfix_expr  finsh_parser.o
    0x08010b8c   0x08010b8c   0x0000009e   Code   RO         8833    i.proc_primary_expr  finsh_parser.o
    0x08010c2a   0x08010c2a   0x00000074   Code   RO         8834    i.proc_shift_expr   finsh_parser.o
    0x08010c9e   0x08010c9e   0x000000fa   Code   RO         8835    i.proc_type         finsh_parser.o
    0x08010d98   0x08010d98   0x000000be   Code   RO         8836    i.proc_unary_expr   finsh_parser.o
    0x08010e56   0x08010e56   0x000001da   Code   RO         8837    i.proc_variable_decl  finsh_parser.o
    0x08011030   0x08011030   0x00000024   Code   RO         1280    i.robot_hw_init     application.o
    0x08011054   0x08011054   0x00000040   Code   RO         1590    i.robot_run         robot_run.o
    0x08011094   0x08011094   0x00000010   Code   RO         1281    i.robot_sw_init     application.o
    0x080110a4   0x080110a4   0x00000090   Code   RO         1378    i.robot_ui_init     robot_ui.o
    0x08011134   0x08011134   0x0000003e   Code   RO         2170    i.route_1_To_2      route_selection.o
    0x08011172   0x08011172   0x000000d4   Code   RO         2172    i.route_2_To_4      route_selection.o
    0x08011246   0x08011246   0x000000b4   Code   RO         2175    i.route_4_To_5      route_selection.o
    0x080112fa   0x080112fa   0x00000096   Code   RO         2178    i.route_5_To_8      route_selection.o
    0x08011390   0x08011390   0x00000034   Code   RO         1282    i.rt_application_init  application.o
    0x080113c4   0x080113c4   0x00000074   Code   RO         6724    i.rt_assert_handler  kservice.o
    0x08011438   0x08011438   0x00000068   Code   RO         7785    i.rt_completion_done  completion.o
    0x080114a0   0x080114a0   0x00000048   Code   RO         7786    i.rt_completion_init  completion.o
    0x080114e8   0x080114e8   0x0000013c   Code   RO         7787    i.rt_completion_wait  completion.o
    0x08011624   0x08011624   0x0000000c   Code   RO         6726    i.rt_console_get_device  kservice.o
    0x08011630   0x08011630   0x00000034   Code   RO         6727    i.rt_console_set_device  kservice.o
    0x08011664   0x08011664   0x00000064   Code   RO         7953    i.rt_data_queue_init  dataqueue.o
    0x080116c8   0x080116c8   0x00000080   Code   RO         7954    i.rt_data_queue_peak  dataqueue.o
    0x08011748   0x08011748   0x000001bc   Code   RO         7955    i.rt_data_queue_pop  dataqueue.o
    0x08011904   0x08011904   0x0000015c   Code   RO         7956    i.rt_data_queue_push  dataqueue.o
    0x08011a60   0x08011a60   0x0000005c   Code   RO         6269    i.rt_device_close   device.o
    0x08011abc   0x08011abc   0x0000007c   Code   RO         6273    i.rt_device_find    device.o
    0x08011b38   0x08011b38   0x000000f8   Code   RO         6276    i.rt_device_open    device.o
    0x08011c30   0x08011c30   0x00000048   Code   RO         7719    i.rt_device_pin_register  pin.o
    0x08011c78   0x08011c78   0x00000060   Code   RO         6277    i.rt_device_read    device.o
    0x08011cd8   0x08011cd8   0x00000034   Code   RO         6278    i.rt_device_register  device.o
    0x08011d0c   0x08011d0c   0x00000030   Code   RO         6279    i.rt_device_set_rx_indicate  device.o
    0x08011d3c   0x08011d3c   0x00000060   Code   RO         6282    i.rt_device_write   device.o
    0x08011d9c   0x08011d9c   0x0000000c   Code   RO         7621    i.rt_dma_calc_recved_len  serial.o
    0x08011da8   0x08011da8   0x0000009c   Code   RO         7622    i.rt_dma_recv_update_get_index  serial.o
    0x08011e44   0x08011e44   0x000000b4   Code   RO         7623    i.rt_dma_recv_update_put_index  serial.o
    0x08011ef8   0x08011ef8   0x00000020   Code   RO         7183    i.rt_enter_critical  scheduler.o
    0x08011f18   0x08011f18   0x00000048   Code   RO         6412    i.rt_event_init     ipc.o
    0x08011f60   0x08011f60   0x000001f0   Code   RO         6413    i.rt_event_recv     ipc.o
    0x08012150   0x08012150   0x000000f0   Code   RO         6414    i.rt_event_send     ipc.o
    0x08012240   0x08012240   0x0000003c   Code   RO         7184    i.rt_exit_critical  scheduler.o
    0x0801227c   0x0801227c   0x00000208   Code   RO         6928    i.rt_free           mem.o
    0x08012484   0x08012484   0x00000028   Code   RO          210    i.rt_hw_board_init  board.o
    0x080124ac   0x080124ac   0x00000002   Code   RO         6730    i.rt_hw_console_output  kservice.o
    0x080124ae   0x080124ae   0x00000002   PAD
    0x080124b0   0x080124b0   0x00000110   Code   RO         7544    i.rt_hw_hard_fault_exception  cpuport.o
    0x080125c0   0x080125c0   0x000001d4   Code   RO         7624    i.rt_hw_serial_isr  serial.o
    0x08012794   0x08012794   0x00000080   Code   RO         7625    i.rt_hw_serial_register  serial.o
    0x08012814   0x08012814   0x00000050   Code   RO         7545    i.rt_hw_stack_init  cpuport.o
    0x08012864   0x08012864   0x00000026   Code   RO         7283    i.rt_hw_us_delay    thread.o
    0x0801288a   0x0801288a   0x00000012   Code   RO         1283    i.rt_init_thread_entry  application.o
    0x0801289c   0x0801289c   0x00000038   Code   RO         6682    i.rt_interrupt_enter  irq.o
    0x080128d4   0x080128d4   0x0000000c   Code   RO         6684    i.rt_interrupt_get_nest  irq.o
    0x080128e0   0x080128e0   0x00000038   Code   RO         6685    i.rt_interrupt_leave  irq.o
    0x08012918   0x08012918   0x00000018   Code   RO         6415    i.rt_ipc_list_resume  ipc.o
    0x08012930   0x08012930   0x0000006c   Code   RO         6417    i.rt_ipc_list_suspend  ipc.o
    0x0801299c   0x0801299c   0x00000010   Code   RO         6418    i.rt_ipc_object_init  ipc.o
    0x080129ac   0x080129ac   0x00000068   Code   RO         6731    i.rt_kprintf        kservice.o
    0x08012a14   0x08012a14   0x00000006   Code   RO         6419    i.rt_list_init      ipc.o
    0x08012a1a   0x08012a1a   0x00000006   Code   RO         7185    i.rt_list_init      scheduler.o
    0x08012a20   0x08012a20   0x00000006   Code   RO         7429    i.rt_list_init      timer.o
    0x08012a26   0x08012a26   0x00000006   Code   RO         7958    i.rt_list_init      dataqueue.o
    0x08012a2c   0x08012a2c   0x0000000e   Code   RO         7080    i.rt_list_insert_after  object.o
    0x08012a3a   0x08012a3a   0x0000000e   Code   RO         7284    i.rt_list_insert_after  thread.o
    0x08012a48   0x08012a48   0x0000000e   Code   RO         7430    i.rt_list_insert_after  timer.o
    0x08012a56   0x08012a56   0x0000000e   Code   RO         6420    i.rt_list_insert_before  ipc.o
    0x08012a64   0x08012a64   0x0000000e   Code   RO         7959    i.rt_list_insert_before  dataqueue.o
    0x08012a72   0x08012a72   0x00000010   Code   RO         6421    i.rt_list_isempty   ipc.o
    0x08012a82   0x08012a82   0x00000010   Code   RO         7431    i.rt_list_isempty   timer.o
    0x08012a92   0x08012a92   0x00000010   Code   RO         7788    i.rt_list_isempty   completion.o
    0x08012aa2   0x08012aa2   0x00000010   Code   RO         7960    i.rt_list_isempty   dataqueue.o
    0x08012ab2   0x08012ab2   0x00000010   Code   RO         8139    i.rt_list_isempty   cmd.o
    0x08012ac2   0x08012ac2   0x00000014   Code   RO         8140    i.rt_list_len       cmd.o
    0x08012ad6   0x08012ad6   0x00000012   Code   RO         7081    i.rt_list_remove    object.o
    0x08012ae8   0x08012ae8   0x00000012   Code   RO         7285    i.rt_list_remove    thread.o
    0x08012afa   0x08012afa   0x00000002   PAD
    0x08012afc   0x08012afc   0x000002b8   Code   RO         6930    i.rt_malloc         mem.o
    0x08012db4   0x08012db4   0x00000040   Code   RO         1618    i.rt_map_init       map.o
    0x08012df4   0x08012df4   0x000000a8   Code   RO         6423    i.rt_mb_create      ipc.o
    0x08012e9c   0x08012e9c   0x00000210   Code   RO         6427    i.rt_mb_recv        ipc.o
    0x080130ac   0x080130ac   0x00000012   Code   RO         6428    i.rt_mb_send        ipc.o
    0x080130be   0x080130be   0x00000002   PAD
    0x080130c0   0x080130c0   0x000001e8   Code   RO         6429    i.rt_mb_send_wait   ipc.o
    0x080132a8   0x080132a8   0x0000007c   Code   RO         6735    i.rt_memcpy         kservice.o
    0x08013324   0x08013324   0x00000042   Code   RO         6736    i.rt_memmove        kservice.o
    0x08013366   0x08013366   0x00000048   Code   RO         6737    i.rt_memset         kservice.o
    0x080133ae   0x080133ae   0x00000002   PAD
    0x080133b0   0x080133b0   0x0000008c   Code   RO         6439    i.rt_mutex_create   ipc.o
    0x0801343c   0x0801343c   0x00000170   Code   RO         6443    i.rt_mutex_release  ipc.o
    0x080135ac   0x080135ac   0x000001d8   Code   RO         6444    i.rt_mutex_take     ipc.o
    0x08013784   0x08013784   0x000000dc   Code   RO         7082    i.rt_object_allocate  object.o
    0x08013860   0x08013860   0x0000009c   Code   RO         7084    i.rt_object_delete  object.o
    0x080138fc   0x080138fc   0x00000058   Code   RO         7085    i.rt_object_detach  object.o
    0x08013954   0x08013954   0x00000028   Code   RO         7088    i.rt_object_get_information  object.o
    0x0801397c   0x0801397c   0x0000007c   Code   RO         7089    i.rt_object_init    object.o
    0x080139f8   0x080139f8   0x0000003c   Code   RO         7090    i.rt_object_is_systemobject  object.o
    0x08013a34   0x08013a34   0x00000048   Code   RO         7723    i.rt_pin_mode       pin.o
    0x08013a7c   0x08013a7c   0x00000044   Code   RO         7724    i.rt_pin_read       pin.o
    0x08013ac0   0x08013ac0   0x00000048   Code   RO         7725    i.rt_pin_write      pin.o
    0x08013b08   0x08013b08   0x000000b8   Code   RO         7186    i.rt_schedule       scheduler.o
    0x08013bc0   0x08013bc0   0x00000074   Code   RO         7187    i.rt_schedule_insert_thread  scheduler.o
    0x08013c34   0x08013c34   0x00000080   Code   RO         7188    i.rt_schedule_remove_thread  scheduler.o
    0x08013cb4   0x08013cb4   0x00000048   Code   RO         6449    i.rt_sem_init       ipc.o
    0x08013cfc   0x08013cfc   0x00000054   Code   RO         6450    i.rt_sem_release    ipc.o
    0x08013d50   0x08013d50   0x00000188   Code   RO         6451    i.rt_sem_take       ipc.o
    0x08013ed8   0x08013ed8   0x00000184   Code   RO         7626    i.rt_serial_close   serial.o
    0x0801405c   0x0801405c   0x000000a4   Code   RO         7627    i.rt_serial_control  serial.o
    0x08014100   0x08014100   0x00000048   Code   RO         7628    i.rt_serial_init    serial.o
    0x08014148   0x08014148   0x0000029c   Code   RO         7629    i.rt_serial_open    serial.o
    0x080143e4   0x080143e4   0x0000006c   Code   RO         7630    i.rt_serial_read    serial.o
    0x08014450   0x08014450   0x0000006c   Code   RO         7631    i.rt_serial_write   serial.o
    0x080144bc   0x080144bc   0x00000028   Code   RO         6738    i.rt_set_errno      kservice.o
    0x080144e4   0x080144e4   0x000000b0   Code   RO         6739    i.rt_show_version   kservice.o
    0x08014594   0x08014594   0x00000012   Code   RO         6745    i.rt_strlen         kservice.o
    0x080145a6   0x080145a6   0x00000028   Code   RO         6746    i.rt_strncmp        kservice.o
    0x080145ce   0x080145ce   0x00000034   Code   RO         6747    i.rt_strncpy        kservice.o
    0x08014602   0x08014602   0x00000002   PAD
    0x08014604   0x08014604   0x00000150   Code   RO         6934    i.rt_system_heap_init  mem.o
    0x08014754   0x08014754   0x00000002   Code   RO         7094    i.rt_system_object_init  object.o
    0x08014756   0x08014756   0x00000002   PAD
    0x08014758   0x08014758   0x00000050   Code   RO         7190    i.rt_system_scheduler_init  scheduler.o
    0x080147a8   0x080147a8   0x00000030   Code   RO         7191    i.rt_system_scheduler_start  scheduler.o
    0x080147d8   0x080147d8   0x00000002   Code   RO         6225    i.rt_system_tick_init  clock.o
    0x080147da   0x080147da   0x00000002   PAD
    0x080147dc   0x080147dc   0x0000001c   Code   RO         7432    i.rt_system_timer_init  timer.o
    0x080147f8   0x080147f8   0x00000002   Code   RO         7433    i.rt_system_timer_thread_init  timer.o
    0x080147fa   0x080147fa   0x00000002   PAD
    0x080147fc   0x080147fc   0x0000009c   Code   RO         7286    i.rt_thread_control  thread.o
    0x08014898   0x08014898   0x00000050   Code   RO         7287    i.rt_thread_create  thread.o
    0x080148e8   0x080148e8   0x0000000c   Code   RO         7288    i.rt_thread_delay   thread.o
    0x080148f4   0x080148f4   0x00000068   Code   RO         7289    i.rt_thread_delete  thread.o
    0x0801495c   0x0801495c   0x00000070   Code   RO         7290    i.rt_thread_detach  thread.o
    0x080149cc   0x080149cc   0x00000054   Code   RO         7291    i.rt_thread_exit    thread.o
    0x08014a20   0x08014a20   0x00000018   Code   RO         6361    i.rt_thread_idle_entry  idle.o
    0x08014a38   0x08014a38   0x000000cc   Code   RO         6362    i.rt_thread_idle_excute  idle.o
    0x08014b04   0x08014b04   0x0000003c   Code   RO         6364    i.rt_thread_idle_init  idle.o
    0x08014b40   0x08014b40   0x0000007c   Code   RO         7293    i.rt_thread_init    thread.o
    0x08014bbc   0x08014bbc   0x00000080   Code   RO         7295    i.rt_thread_resume  thread.o
    0x08014c3c   0x08014c3c   0x0000000c   Code   RO         7297    i.rt_thread_self    thread.o
    0x08014c48   0x08014c48   0x00000068   Code   RO         7298    i.rt_thread_sleep   thread.o
    0x08014cb0   0x08014cb0   0x000000a8   Code   RO         7299    i.rt_thread_startup  thread.o
    0x08014d58   0x08014d58   0x00000080   Code   RO         7300    i.rt_thread_suspend  thread.o
    0x08014dd8   0x08014dd8   0x0000009c   Code   RO         7302    i.rt_thread_timeout  thread.o
    0x08014e74   0x08014e74   0x00000064   Code   RO         7303    i.rt_thread_yield   thread.o
    0x08014ed8   0x08014ed8   0x0000000c   Code   RO         6227    i.rt_tick_get       clock.o
    0x08014ee4   0x08014ee4   0x00000030   Code   RO         6228    i.rt_tick_increase  clock.o
    0x08014f14   0x08014f14   0x0000009c   Code   RO         7434    i.rt_timer_check    timer.o
    0x08014fb0   0x08014fb0   0x00000064   Code   RO         7435    i.rt_timer_control  timer.o
    0x08015014   0x08015014   0x00000036   Code   RO         7436    i.rt_timer_create   timer.o
    0x0801504a   0x0801504a   0x00000002   PAD
    0x0801504c   0x0801504c   0x00000044   Code   RO         7438    i.rt_timer_detach   timer.o
    0x08015090   0x08015090   0x00000054   Code   RO         7439    i.rt_timer_init     timer.o
    0x080150e4   0x080150e4   0x0000016c   Code   RO         7442    i.rt_timer_start    timer.o
    0x08015250   0x08015250   0x0000006c   Code   RO         7443    i.rt_timer_stop     timer.o
    0x080152bc   0x080152bc   0x00000328   Code   RO         6750    i.rt_vsnprintf      kservice.o
    0x080155e4   0x080155e4   0x0000003c   Code   RO         1333    i.rtthread_startup  startup.o
    0x08015620   0x08015620   0x00000048   Code   RO         1591    i.run_thread_entry  robot_run.o
    0x08015668   0x08015668   0x00000030   Code   RO         9132    i.shell_auto_complete  shell.o
    0x08015698   0x08015698   0x00000034   Code   RO         9133    i.shell_handle_history  shell.o
    0x080156cc   0x080156cc   0x000000d8   Code   RO         9134    i.shell_push_history  shell.o
    0x080157a4   0x080157a4   0x00000114   Code   RO         2128    i.show_angle        jy61.o
    0x080158b8   0x080158b8   0x0000007c   Code   RO         1052    i.show_run_time     soft_timer.o
    0x08015934   0x08015934   0x0000007c   Code   RO          385    i.show_time         stm32f4_rtc.o
    0x080159b0   0x080159b0   0x00000030   Code   RO         8141    i.show_wait_queue   cmd.o
    0x080159e0   0x080159e0   0x00000026   Code   RO         6752    i.skip_atoi         kservice.o
    0x08015a06   0x08015a06   0x00000002   PAD
    0x08015a08   0x08015a08   0x000000ac   Code   RO         1708    i.slow_acceleration  track.o
    0x08015ab4   0x08015ab4   0x000000e8   Code   RO         1143    i.stm32_configure   usart.o
    0x08015b9c   0x08015b9c   0x000000a4   Code   RO         1144    i.stm32_control     usart.o
    0x08015c40   0x08015c40   0x00000044   Code   RO         1145    i.stm32_getc        usart.o
    0x08015c84   0x08015c84   0x00000024   Code   RO          271    i.stm32_hw_pin_init  gpio.o
    0x08015ca8   0x08015ca8   0x000000cc   Code   RO         1146    i.stm32_hw_usart_init  usart.o
    0x08015d74   0x08015d74   0x000000e0   Code   RO          272    i.stm32_pin_attach_irq  gpio.o
    0x08015e54   0x08015e54   0x0000008c   Code   RO          273    i.stm32_pin_dettach_irq  gpio.o
    0x08015ee0   0x08015ee0   0x0000012c   Code   RO          274    i.stm32_pin_irq_enable  gpio.o
    0x0801600c   0x0801600c   0x000000a4   Code   RO          275    i.stm32_pin_mode    gpio.o
    0x080160b0   0x080160b0   0x00000030   Code   RO          276    i.stm32_pin_read    gpio.o
    0x080160e0   0x080160e0   0x00000034   Code   RO          277    i.stm32_pin_write   gpio.o
    0x08016114   0x08016114   0x00000044   Code   RO         1147    i.stm32_putc        usart.o
    0x08016158   0x08016158   0x00000020   Code   RO         8142    i.str_common        cmd.o
    0x08016178   0x08016178   0x00000022   Code   RO         8143    i.str_is_prefix     cmd.o
    0x0801619a   0x0801619a   0x00000002   PAD
    0x0801619c   0x0801619c   0x000001d0   Code   RO         1709    i.though_brige      track.o
    0x0801636c   0x0801636c   0x00000038   Code   RO         1710    i.through_door      track.o
    0x080163a4   0x080163a4   0x00000038   Code   RO         1713    i.through_slow_down  track.o
    0x080163dc   0x080163dc   0x00000010   Code   RO         1053    i.timeout_callbak   soft_timer.o
    0x080163ec   0x080163ec   0x00000078   Code   RO         8932    i.token_get_string  finsh_token.o
    0x08016464   0x08016464   0x00000034   Code   RO         8933    i.token_match_name  finsh_token.o
    0x08016498   0x08016498   0x0000003e   Code   RO         8934    i.token_next_char   finsh_token.o
    0x080164d6   0x080164d6   0x00000016   Code   RO         8935    i.token_prev_char   finsh_token.o
    0x080164ec   0x080164ec   0x000000a2   Code   RO         8936    i.token_proc_char   finsh_token.o
    0x0801658e   0x0801658e   0x000000d6   Code   RO         8937    i.token_proc_escape  finsh_token.o
    0x08016664   0x08016664   0x00000120   Code   RO         8938    i.token_proc_number  finsh_token.o
    0x08016784   0x08016784   0x00000050   Code   RO         8939    i.token_proc_string  finsh_token.o
    0x080167d4   0x080167d4   0x0000019e   Code   RO         8940    i.token_run         finsh_token.o
    0x08016972   0x08016972   0x00000098   Code   RO         8941    i.token_spec_number  finsh_token.o
    0x08016a0a   0x08016a0a   0x00000022   Code   RO         8942    i.token_trim_space  finsh_token.o
    0x08016a2c   0x08016a2c   0x000004ac   Code   RO          503    i.turn_angle        bsp_motor.o
    0x08016ed8   0x08016ed8   0x000002c0   Code   RO         1718    i.turn_angle_qqb    track.o
    0x08017198   0x08017198   0x00000090   Code   RO         1719    i.turn_right_angle  track.o
    0x08017228   0x08017228   0x00000038   Code   RO         1089    i.uart_getchar      app_uart.o
    0x08017260   0x08017260   0x00000018   Code   RO         1090    i.uart_intput       app_uart.o
    0x08017278   0x08017278   0x00000084   Code   RO         1148    i.uart_isr          usart.o
    0x080172fc   0x080172fc   0x000000d8   Code   RO         1091    i.uart_open         app_uart.o
    0x080173d4   0x080173d4   0x0000002c   Code   RO         1092    i.uart_putchar      app_uart.o
    0x08017400   0x08017400   0x0000000a   Code   RO         8144    i.version           cmd.o
    0x0801740a   0x0801740a   0x00000002   PAD
    0x0801740c   0x0801740c   0x0000002c   Code   RO         9340    locale$$code        c_w.l(lc_ctype_c.o)
    0x08017438   0x08017438   0x000002b0   Code   RO         9263    x$fpl$ddiv          fz_wm.l(ddiv.o)
    0x080176e8   0x080176e8   0x0000005e   Code   RO         9266    x$fpl$dfix          fz_wm.l(dfix.o)
    0x08017746   0x08017746   0x00000002   PAD
    0x08017748   0x08017748   0x0000005a   Code   RO         9270    x$fpl$dfixu         fz_wm.l(dfixu.o)
    0x080177a2   0x080177a2   0x0000002e   Code   RO         9275    x$fpl$dflt          fz_wm.l(dflt_clz.o)
    0x080177d0   0x080177d0   0x00000026   Code   RO         9274    x$fpl$dfltu         fz_wm.l(dflt_clz.o)
    0x080177f6   0x080177f6   0x00000002   PAD
    0x080177f8   0x080177f8   0x00000154   Code   RO         9282    x$fpl$dmul          fz_wm.l(dmul.o)
    0x0801794c   0x0801794c   0x0000009c   Code   RO         9301    x$fpl$dnaninf       fz_wm.l(dnaninf.o)
    0x080179e8   0x080179e8   0x0000000c   Code   RO         9303    x$fpl$dretinf       fz_wm.l(dretinf.o)
    0x080179f4   0x080179f4   0x0000000a   Code   RO         9406    x$fpl$fpinit        fz_wm.l(fpinit.o)
    0x080179fe   0x080179fe   0x00000000   Code   RO         9307    x$fpl$usenofp       fz_wm.l(usenofp.o)
    0x080179fe   0x080179fe   0x00000002   PAD
    0x08017a00   0x08017a00   0x00000677   Data   RO          278    .constdata          gpio.o
    0x08018077   0x08018077   0x00000818   Data   RO          600    .constdata          bsp_oled.o
    0x0801888f   0x0801888f   0x00000001   PAD
    0x08018890   0x08018890   0x0000005c   Data   RO         1150    .constdata          usart.o
    0x080188ec   0x080188ec   0x000000b7   Data   RO         6283    .constdata          device.o
    0x080189a3   0x080189a3   0x00000016   Data   RO         6367    .constdata          idle.o
    0x080189b9   0x080189b9   0x000001d7   Data   RO         6453    .constdata          ipc.o
    0x08018b90   0x08018b90   0x00000122   Data   RO         6754    .constdata          kservice.o
    0x08018cb2   0x08018cb2   0x00000046   Data   RO         6936    .constdata          mem.o
    0x08018cf8   0x08018cf8   0x0000006d   Data   RO         7095    .constdata          object.o
    0x08018d65   0x08018d65   0x0000004e   Data   RO         7193    .constdata          scheduler.o
    0x08018db3   0x08018db3   0x000000b9   Data   RO         7304    .constdata          thread.o
    0x08018e6c   0x08018e6c   0x0000005c   Data   RO         7445    .constdata          timer.o
    0x08018ec8   0x08018ec8   0x0000012a   Data   RO         7632    .constdata          serial.o
    0x08018ff2   0x08018ff2   0x0000007e   Data   RO         7727    .constdata          pin.o
    0x08019070   0x08019070   0x00000039   Data   RO         7789    .constdata          completion.o
    0x080190a9   0x080190a9   0x0000004b   Data   RO         7961    .constdata          dataqueue.o
    0x080190f4   0x080190f4   0x00000050   Data   RO         8145    .constdata          cmd.o
    0x08019144   0x08019144   0x000000c4   Data   RO         8566    .constdata          finsh_ops.o
    0x08019208   0x08019208   0x00000040   Data   RO         8943    .constdata          finsh_token.o
    0x08019248   0x08019248   0x0000005b   Data   RO         9136    .constdata          shell.o
    0x080192a3   0x080192a3   0x00000001   PAD
    0x080192a4   0x080192a4   0x000000ed   Data   RO         6937    .conststring        mem.o
    0x08019391   0x08019391   0x00000003   PAD
    0x08019394   0x08019394   0x0000015d   Data   RO         8146    .conststring        cmd.o
    0x080194f1   0x080194f1   0x00000003   PAD
    0x080194f4   0x080194f4   0x000000f3   Data   RO         8342    .conststring        finsh_error.o
    0x080195e7   0x080195e7   0x00000001   PAD
    0x080195e8   0x080195e8   0x0000003e   Data   RO         8944    .conststring        finsh_token.o
    0x08019626   0x08019626   0x0000001d   Data   RO          388    .rodata.name        stm32f4_rtc.o
    0x08019643   0x08019643   0x00000027   Data   RO         6939    .rodata.name        mem.o
    0x0801966a   0x0801966a   0x00000069   Data   RO         7728    .rodata.name        pin.o
    0x080196d3   0x080196d3   0x000001b3   Data   RO         8148    .rodata.name        cmd.o
    0x08019886   0x08019886   0x00000002   PAD
    0x08019888   0x08019888   0x0000000c   Data   RO          389    FSymTab             stm32f4_rtc.o
    0x08019894   0x08019894   0x0000000c   Data   RO         6940    FSymTab             mem.o
    0x080198a0   0x080198a0   0x00000024   Data   RO         7729    FSymTab             pin.o
    0x080198c4   0x080198c4   0x00000090   Data   RO         8149    FSymTab             cmd.o
    0x08019954   0x08019954   0x00000020   Data   RO         9474    Region$$Table       anon$$obj.o
    0x08019974   0x08019974   0x00000010   Data   RO         8150    VSymTab             cmd.o
    0x08019984   0x08019984   0x00000110   Data   RO         9339    locale$$data        c_w.l(lc_ctype_c.o)


    Execution Region RW_IRAM1 (Exec base: 0x20000000, Load base: 0x08019a94, Size: 0x00005570, Max: 0x00020000, ABSOLUTE, COMPRESSED[0x000000d4])

    Exec Addr    Load Addr    Size         Type   Attr      Idx    E Section Name        Object

    0x20000000   COMPRESSED   0x000000c8   Data   RW          279    .data               gpio.o
    0x200000c8   COMPRESSED   0x00000004   Data   RW          781    .data               delay.o
    0x200000cc   COMPRESSED   0x00000008   Data   RW          816    .data               bsp_key.o
    0x200000d4   COMPRESSED   0x00000015   Data   RW          975    .data               bsp_grayscale.o
    0x200000e9   COMPRESSED   0x00000003   PAD
    0x200000ec   COMPRESSED   0x0000000c   Data   RW         1054    .data               soft_timer.o
    0x200000f8   COMPRESSED   0x00000004   Data   RW         1095    .data               app_uart.o
    0x200000fc   COMPRESSED   0x00000060   Data   RW         1151    .data               usart.o
    0x2000015c   COMPRESSED   0x00000002   Data   RW         1249    .data               image.o
    0x2000015e   COMPRESSED   0x00000002   PAD
    0x20000160   COMPRESSED   0x00000028   Data   RW         1500    .data               operation.o
    0x20000188   COMPRESSED   0x00000018   Data   RW         1723    .data               track.o
    0x200001a0   COMPRESSED   0x0000004a   Data   RW         2130    .data               jy61.o
    0x200001ea   COMPRESSED   0x00000010   Data   RW         4350    .data               stm32f4xx_rcc.o
    0x200001fa   COMPRESSED   0x00000002   PAD
    0x200001fc   COMPRESSED   0x00000004   Data   RW         6230    .data               clock.o
    0x20000200   COMPRESSED   0x00000004   Data   RW         6368    .data               idle.o
    0x20000204   COMPRESSED   0x00000009   Data   RW         6687    .data               irq.o
    0x2000020d   COMPRESSED   0x00000003   PAD
    0x20000210   COMPRESSED   0x0000000c   Data   RW         6755    .data               kservice.o
    0x2000021c   COMPRESSED   0x00000020   Data   RW         6938    .data               mem.o
    0x2000023c   COMPRESSED   0x000000a4   Data   RW         7096    .data               object.o
    0x200002e0   COMPRESSED   0x0000001c   Data   RW         7194    .data               scheduler.o
    0x200002fc   COMPRESSED   0x0000000c   Data   RW         7305    .data               thread.o
    0x20000308   COMPRESSED   0x00000010   Data   RW         7446    .data               timer.o
    0x20000318   COMPRESSED   0x00000010   Data   RW         7547    .data               cpuport.o
    0x20000328   COMPRESSED   0x00000004   Data   RW         8147    .data               cmd.o
    0x2000032c   COMPRESSED   0x00000008   Data   RW         8294    .data               finsh_compiler.o
    0x20000334   COMPRESSED   0x00000040   Data   RW         8343    .data               finsh_error.o
    0x20000374   COMPRESSED   0x00000008   Data   RW         8381    .data               finsh_heap.o
    0x2000037c   COMPRESSED   0x00000004   Data   RW         9019    .data               finsh_var.o
    0x20000380   COMPRESSED   0x0000000c   Data   RW         9069    .data               finsh_vm.o
    0x2000038c   COMPRESSED   0x00000004   Data   RW         9137    .data               shell.o
    0x20000390   COMPRESSED   0x00000010   Data   RW         9212    .data               symbol.o
    0x200003a0        -       0x000003e0   Zero   RW          974    .bss                bsp_grayscale.o
    0x20000780        -       0x00000020   Zero   RW         1094    .bss                app_uart.o
    0x200007a0        -       0x000000fc   Zero   RW         1149    .bss                usart.o
    0x2000089c        -       0x00000700   Zero   RW         1499    .bss                operation.o
    0x20000f9c   COMPRESSED   0x00000004   PAD
    0x20000fa0        -       0x000002b0   Zero   RW         1592    .bss                robot_run.o
    0x20001250        -       0x000028b0   Zero   RW         1619    .bss                map.o
    0x20003b00        -       0x00000030   Zero   RW         1722    .bss                track.o
    0x20003b30        -       0x000000fa   Zero   RW         2129    .bss                jy61.o
    0x20003c2a   COMPRESSED   0x00000002   PAD
    0x20003c2c        -       0x00000480   Zero   RW         6366    .bss                idle.o
    0x200040ac        -       0x00000080   Zero   RW         6753    .bss                kservice.o
    0x2000412c        -       0x00000020   Zero   RW         6935    .bss                mem.o
    0x2000414c        -       0x00000100   Zero   RW         7192    .bss                scheduler.o
    0x2000424c        -       0x00000044   Zero   RW         7726    .bss                pin.o
    0x20004290        -       0x00000080   Zero   RW         8380    .bss                finsh_heap.o
    0x20004310        -       0x00000140   Zero   RW         8469    .bss                finsh_node.o
    0x20004450        -       0x000000c0   Zero   RW         9018    .bss                finsh_var.o
    0x20004510        -       0x00000180   Zero   RW         9068    .bss                finsh_vm.o
    0x20004690        -       0x00000880   Zero   RW         9135    .bss                shell.o
    0x20004f10        -       0x00000060   Zero   RW         9309    .bss                c_w.l(libspace.o)
    0x20004f70        -       0x00000200   Zero   RW         6186    HEAP                startup_stm32f4xx.o
    0x20005170        -       0x00000400   Zero   RW         6185    STACK               startup_stm32f4xx.o


==============================================================================

Image component sizes


      Code (inc. data)   RO Data    RW Data    ZI Data      Debug   Object Name

       340        126          0          4         32       3010   app_uart.o
       122         14          0          0          0       4185   application.o
       186         16          0          0          0      20469   board.o
       816         98          0          0          0       3971   bsp_flash.o
      1212        132          0         21        992       8493   bsp_grayscale.o
       274         28          0          8          0       1894   bsp_key.o
       208         14          0          0          0       2115   bsp_led.o
      1770         82          0          0          0       6114   bsp_motor.o
      1248         66       2072          0          0      11529   bsp_oled.o
        62         12          0          4          0       1667   clock.o
      3568       1358       1024          4          0      23945   cmd.o
       508        176         57          0          0       5603   completion.o
       272         26          0          0          0        824   context_rvds.o
       352        166          0         16          0       3622   cpuport.o
      1056        216         75          0          0       6987   dataqueue.o
        60          8          0          4          0        741   delay.o
       756        212        183          0          0       8028   device.o
         0          0          0          0          0     323308   drv_hwtimer.o
      6170        156          0          8          0      11766   finsh_compiler.o
        56         22        243         64          0       2883   finsh_error.o
       552         42          0          8        128       6227   finsh_heap.o
        64          6          0          0          0       2216   finsh_init.o
       392          8          0          0        320       6250   finsh_node.o
      3038        294        196          0          0      27502   finsh_ops.o
      2428         32          0          0          0      17263   finsh_parser.o
      1644         16        126          0          0      10862   finsh_token.o
       296         32          0          4        192       8050   finsh_var.o
       176         36          0         12        384       6637   finsh_vm.o
      1550         68       1655        200          0      13001   gpio.o
       308         80         22          4       1152       5150   idle.o
       428         74          0          2          0       2187   image.o
      3722        904        471          0          0      32981   ipc.o
       124         26          0          9          0       2158   irq.o
      1116         96          0         74        250       3697   jy61.o
      2192        242        290         12        128      14279   kservice.o
       132         18          0          0      10416       1954   map.o
      1940        742        358         32         32       6852   mem.o
       584        246          0          0          0       3167   misc.o
       722        236        109        164          0       9773   object.o
      2910        598          0         40       1792      10448   operation.o
       524        182        267          0         68       8431   pin.o
       136         36          0          0        688       1872   robot_run.o
      1942        598          0          0          0      10483   robot_ui.o
      1620         54          0          0          0       3303   route_selection.o
       854        254         78         28        256       8786   scheduler.o
      3520        758        298          0          0      16691   serial.o
      2432        356         91          4       2176      10047   shell.o
       228         76          0         12          0       1858   soft_timer.o
       186         90          0          0          0       2183   startup.o
        64         26        392          0       1536        920   startup_stm32f4xx.o
       124         58         41          0          0       5546   stm32f4_rtc.o
      1948        546          0          0          0       6834   stm32f4xx_adc.o
      3220        686          0          0          0       8033   stm32f4xx_dma.o
       644        206          0          0          0       2644   stm32f4xx_exti.o
       742        244          0          0          0       5093   stm32f4xx_flash.o
      1736        610          0          0          0       5244   stm32f4xx_gpio.o
        16          0          0          0          0       2376   stm32f4xx_it.o
       808        314          0         16          0       5592   stm32f4xx_rcc.o
       346        148          0          0          0       3096   stm32f4xx_rtc.o
       248         68          0          0          0        828   stm32f4xx_syscfg.o
      2128        688          0          0          0       6322   stm32f4xx_tim.o
      2528        802          0          0          0       8299   stm32f4xx_usart.o
         0          0          0         16          0       4285   symbol.o
       340         32          0          0          0       1781   system_stm32f4xx.o
      1746        458        185         12          0      16094   thread.o
      1112        186         92         16          0      12597   timer.o
     19060        906          0         24         48      19517   track.o
      1556        238         92         96        252      31495   usart.o

    ----------------------------------------------------------------------
     93232      15344       8460        928      20848     852058   Object Totals
         0          0         32          0          0          0   (incl. Generated)
        70          0         11         10          6          0   (incl. Padding)

    ----------------------------------------------------------------------

      Code (inc. data)   RO Data    RW Data    ZI Data      Debug   Library Member Name

        90          0          0          0          0          0   __dczerorl2.o
         8          0          0          0          0         68   __main.o
         0          0          0          0          0          0   __rtentry.o
        12          0          0          0          0          0   __rtentry2.o
         6          0          0          0          0          0   __rtentry4.o
        52          8          0          0          0          0   __scatter.o
        28          0          0          0          0          0   __scatter_zi.o
        28          0          0          0          0         68   _chval.o
       158          0          0          0          0         92   _strtoul.o
        26          0          0          0          0         80   atoi.o
        18          0          0          0          0         80   exit.o
         6          0          0          0          0        152   heapauxi.o
         0          0          0          0          0          0   indicate_semi.o
        44         10        272          0          0         76   lc_ctype_c.o
         2          0          0          0          0          0   libinit.o
        24          0          0          0          0          0   libinit2.o
         2          0          0          0          0          0   libshutdown.o
         2          0          0          0          0          0   libshutdown2.o
         8          4          0          0         96         68   libspace.o
        88          0          0          0          0         76   memcmp.o
        16          4          0          0          0         76   rt_ctype_table.o
         8          4          0          0          0         68   rt_errno_addr_intlibspace.o
         8          4          0          0          0         68   rt_locale_intlibspace.o
        68          0          0          0          0         68   rt_memclr.o
        78          0          0          0          0         80   rt_memclr_w.o
       138          0          0          0          0         68   rt_memcpy_v6.o
       100          0          0          0          0         80   rt_memcpy_w.o
         2          0          0          0          0          0   rtexit.o
        10          0          0          0          0          0   rtexit2.o
       128          0          0          0          0         68   strcmpv7m.o
        62          0          0          0          0         76   strlen.o
       150          0          0          0          0         80   strncmp.o
        86          0          0          0          0         76   strncpy.o
       112          0          0          0          0         88   strtol.o
        12          4          0          0          0         68   sys_exit.o
        74          0          0          0          0         80   sys_stackheap_outer.o
         2          0          0          0          0         68   use_no_semi.o
       688        140          0          0          0        256   ddiv.o
        94          4          0          0          0        140   dfix.o
        90          4          0          0          0        140   dfixu.o
        84          0          0          0          0        232   dflt_clz.o
       340         12          0          0          0        152   dmul.o
       156          4          0          0          0        140   dnaninf.o
        12          0          0          0          0        116   dretinf.o
        10          0          0          0          0        116   fpinit.o
         0          0          0          0          0          0   usenofp.o

    ----------------------------------------------------------------------
      3144        202        272          0         96       3164   Library Totals
        14          0          0          0          0          0   (incl. Padding)

    ----------------------------------------------------------------------

      Code (inc. data)   RO Data    RW Data    ZI Data      Debug   Library Name

      1656         38        272          0         96       1872   c_w.l
      1474        164          0          0          0       1292   fz_wm.l

    ----------------------------------------------------------------------
      3144        202        272          0         96       3164   Library Totals

    ----------------------------------------------------------------------

==============================================================================


      Code (inc. data)   RO Data    RW Data    ZI Data      Debug   

     96376      15546       8732        928      20944     799682   Grand Totals
     96376      15546       8732        212      20944     799682   ELF Image Totals (compressed)
     96376      15546       8732        212          0          0   ROM Totals

==============================================================================

    Total RO  Size (Code + RO Data)               105108 ( 102.64kB)
    Total RW  Size (RW Data + ZI Data)             21872 (  21.36kB)
    Total ROM Size (Code + RO Data + RW Data)     105320 ( 102.85kB)

==============================================================================

