<html>
<body>
<pre>
<h1>µVision Build Log</h1>
<h2>Tool Versions:</h2>
IDE-Version: ¦ÌVision V5.28.0.0
Copyright (C) 2019 ARM Ltd and ARM Germany GmbH. All rights reserved.
License Information: shen Windows, HP Inc., LIC=2TT9U-SCYVZ-WHN88-3M9KY-SS44A-ZNYDS
 
Tool Versions:
Toolchain:       MDK-ARM Professional  Version: 5.28.0.0
Toolchain Path:  F:\MDK5\ARM\ARMCC\Bin
C Compiler:      Armcc.exe V5.06 update 6 (build 750)
Assembler:       Armasm.exe V5.06 update 6 (build 750)
Linker/Locator:  ArmLink.exe V5.06 update 6 (build 750)
Library Manager: ArmAr.exe V5.06 update 6 (build 750)
Hex Converter:   FromElf.exe V5.06 update 6 (build 750)
CPU DLL:         SARMCM3.DLL V5.28.0.0
Dialog DLL:      DCM.DLL V1.17.3.0
Target DLL:      STLink\ST-LINKIII-KEIL_SWO.dll V3.0.6.0
Dialog DLL:      TCM.DLL V1.36.2.0
 
<h2>Project:</h2>
f:\Git\workspace\alimama\ov2640\USER\OV2640.uvprojx
Project File Date:  09/26/2020

<h2>Output:</h2>
*** Using Compiler 'V5.06 update 6 (build 750)', folder: 'F:\MDK5\ARM\ARMCC\Bin'
Build target 'OV2640'
compiling pwm.c...
compiling timer.c...
..\HARDWARE\TIMER\timer.h(19): warning:  #1-D: last line of file ends without a newline
   
..\HARDWARE\TIMER\timer.c: 1 warning, 0 errors
compiling main.c...
..\HARDWARE\TIMER\timer.h(19): warning:  #1-D: last line of file ends without a newline
   
main.c(192): warning:  #177-D: variable "temp"  was declared but never referenced
  			u16 i,temp_h,temp_l,temp,gray0,gray1;
main.c(192): warning:  #177-D: variable "gray0"  was declared but never referenced
  			u16 i,temp_h,temp_l,temp,gray0,gray1;
main.c(192): warning:  #177-D: variable "gray1"  was declared but never referenced
  			u16 i,temp_h,temp_l,temp,gray0,gray1;
main.c(193): warning:  #177-D: variable "Graymax"  was declared but never referenced
  			u16 Graymax=0;
main.c(194): warning:  #177-D: variable "Graymin"  was declared but never referenced
  			u16 Graymin=65535;
main.c(154): warning:  #177-D: variable "led0pwmval"  was declared but never referenced
  	u16 led0pwmval=0;    
main.c(155): warning:  #177-D: variable "dir"  was declared but never referenced
  	u8 dir=1;
main.c: 8 warnings, 0 errors
compiling ov2640.c...
..\HARDWARE\TIMER\timer.h(19): warning:  #1-D: last line of file ends without a newline
   
..\HARDWARE\OV2640\ov2640.c: 1 warning, 0 errors
linking...
Program Size: Code=41238 RO-data=8198 RW-data=544 ZI-data=125048  
FromELF: creating hex file...
"..\OBJ\OV2640.axf" - 0 Error(s), 10 Warning(s).

<h2>Software Packages used:</h2>

Package Vendor: Keil
                http://www.keil.com/pack/Keil.STM32F4xx_DFP.2.7.0.pack
                Keil.STM32F4xx_DFP.2.7.0
                STMicroelectronics STM32F4 Series Device Support, Drivers and Examples

<h2>Collection of Component include folders:</h2>
  .\RTE\_OV2640
  F:\MDK5\Keil\STM32F4xx_DFP\2.7.0\Drivers\CMSIS\Device\ST\STM32F4xx\Include

<h2>Collection of Component Files used:</h2>
Build Time Elapsed:  00:00:04
</pre>
</body>
</html>
