Component: ARM Compiler 5.06 update 6 (build 750) Tool: armlink [4d35ed]

==============================================================================

Section Cross References

    board.o(i.NVIC_Configuration) refers to misc.o(i.NVIC_SetVectorTable) for NVIC_SetVectorTable
    board.o(i.NVIC_Configuration) refers to misc.o(i.NVIC_PriorityGroupConfig) for NVIC_PriorityGroupConfig
    board.o(i.SysTick_Configuration) refers to stm32f4xx_rcc.o(i.RCC_GetClocksFreq) for RCC_GetClocksFreq
    board.o(i.SysTick_Configuration) refers to misc.o(i.SysTick_CLKSourceConfig) for SysTick_CLKSourceConfig
    board.o(i.SysTick_Handler) refers to irq.o(i.rt_interrupt_enter) for rt_interrupt_enter
    board.o(i.SysTick_Handler) refers to clock.o(i.rt_tick_increase) for rt_tick_increase
    board.o(i.SysTick_Handler) refers to irq.o(i.rt_interrupt_leave) for rt_interrupt_leave
    board.o(i.rt_hw_board_init) refers to board.o(i.NVIC_Configuration) for NVIC_Configuration
    board.o(i.rt_hw_board_init) refers to board.o(i.SysTick_Configuration) for SysTick_Configuration
    board.o(i.rt_hw_board_init) refers to delay.o(i.delay_init) for delay_init
    board.o(i.rt_hw_board_init) refers to usart.o(i.stm32_hw_usart_init) for stm32_hw_usart_init
    board.o(i.rt_hw_board_init) refers to gpio.o(i.stm32_hw_pin_init) for stm32_hw_pin_init
    board.o(i.rt_hw_board_init) refers to kservice.o(i.rt_console_set_device) for rt_console_set_device
    gpio.o(i.EXTI0_IRQHandler) refers to irq.o(i.rt_interrupt_enter) for rt_interrupt_enter
    gpio.o(i.EXTI0_IRQHandler) refers to gpio.o(i.pin_irq_hdr) for pin_irq_hdr
    gpio.o(i.EXTI0_IRQHandler) refers to irq.o(i.rt_interrupt_leave) for rt_interrupt_leave
    gpio.o(i.EXTI15_10_IRQHandler) refers to irq.o(i.rt_interrupt_enter) for rt_interrupt_enter
    gpio.o(i.EXTI15_10_IRQHandler) refers to stm32f4xx_exti.o(i.EXTI_GetITStatus) for EXTI_GetITStatus
    gpio.o(i.EXTI15_10_IRQHandler) refers to gpio.o(i.pin_irq_hdr) for pin_irq_hdr
    gpio.o(i.EXTI15_10_IRQHandler) refers to irq.o(i.rt_interrupt_leave) for rt_interrupt_leave
    gpio.o(i.EXTI1_IRQHandler) refers to irq.o(i.rt_interrupt_enter) for rt_interrupt_enter
    gpio.o(i.EXTI1_IRQHandler) refers to gpio.o(i.pin_irq_hdr) for pin_irq_hdr
    gpio.o(i.EXTI1_IRQHandler) refers to irq.o(i.rt_interrupt_leave) for rt_interrupt_leave
    gpio.o(i.EXTI2_IRQHandler) refers to irq.o(i.rt_interrupt_enter) for rt_interrupt_enter
    gpio.o(i.EXTI2_IRQHandler) refers to gpio.o(i.pin_irq_hdr) for pin_irq_hdr
    gpio.o(i.EXTI2_IRQHandler) refers to irq.o(i.rt_interrupt_leave) for rt_interrupt_leave
    gpio.o(i.EXTI3_IRQHandler) refers to irq.o(i.rt_interrupt_enter) for rt_interrupt_enter
    gpio.o(i.EXTI3_IRQHandler) refers to gpio.o(i.pin_irq_hdr) for pin_irq_hdr
    gpio.o(i.EXTI3_IRQHandler) refers to irq.o(i.rt_interrupt_leave) for rt_interrupt_leave
    gpio.o(i.EXTI4_IRQHandler) refers to irq.o(i.rt_interrupt_enter) for rt_interrupt_enter
    gpio.o(i.EXTI4_IRQHandler) refers to gpio.o(i.pin_irq_hdr) for pin_irq_hdr
    gpio.o(i.EXTI4_IRQHandler) refers to irq.o(i.rt_interrupt_leave) for rt_interrupt_leave
    gpio.o(i.EXTI9_5_IRQHandler) refers to irq.o(i.rt_interrupt_enter) for rt_interrupt_enter
    gpio.o(i.EXTI9_5_IRQHandler) refers to stm32f4xx_exti.o(i.EXTI_GetITStatus) for EXTI_GetITStatus
    gpio.o(i.EXTI9_5_IRQHandler) refers to gpio.o(i.pin_irq_hdr) for pin_irq_hdr
    gpio.o(i.EXTI9_5_IRQHandler) refers to irq.o(i.rt_interrupt_leave) for rt_interrupt_leave
    gpio.o(i.get_pin) refers to gpio.o(.constdata) for pins
    gpio.o(i.get_pin_irq) refers to gpio.o(i.get_pin) for get_pin
    gpio.o(i.get_pin_irq) refers to gpio.o(i.bit2bitno) for bit2bitno
    gpio.o(i.get_pin_irq) refers to gpio.o(.data) for irq
    gpio.o(i.pin_irq_hdr) refers to stm32f4xx_exti.o(i.EXTI_ClearITPendingBit) for EXTI_ClearITPendingBit
    gpio.o(i.pin_irq_hdr) refers to gpio.o(.data) for pin_irq_hdr_tab
    gpio.o(i.stm32_hw_pin_init) refers to stm32f4xx_rcc.o(i.RCC_APB2PeriphClockCmd) for RCC_APB2PeriphClockCmd
    gpio.o(i.stm32_hw_pin_init) refers to pin.o(i.rt_device_pin_register) for rt_device_pin_register
    gpio.o(i.stm32_hw_pin_init) refers to gpio.o(.constdata) for _stm32_pin_ops
    gpio.o(i.stm32_pin_attach_irq) refers to gpio.o(i.get_pin) for get_pin
    gpio.o(i.stm32_pin_attach_irq) refers to gpio.o(i.bit2bitno) for bit2bitno
    gpio.o(i.stm32_pin_attach_irq) refers to context_rvds.o(.text) for rt_hw_interrupt_disable
    gpio.o(i.stm32_pin_attach_irq) refers to gpio.o(.data) for pin_irq_hdr_tab
    gpio.o(i.stm32_pin_dettach_irq) refers to gpio.o(i.get_pin) for get_pin
    gpio.o(i.stm32_pin_dettach_irq) refers to gpio.o(i.bit2bitno) for bit2bitno
    gpio.o(i.stm32_pin_dettach_irq) refers to context_rvds.o(.text) for rt_hw_interrupt_disable
    gpio.o(i.stm32_pin_dettach_irq) refers to gpio.o(.data) for pin_irq_hdr_tab
    gpio.o(i.stm32_pin_irq_enable) refers to gpio.o(i.get_pin) for get_pin
[...]
    list_thread                              0x080086d7   Thumb Code    18  cmd.o(i.list_thread)
    list_timer                               0x080086e9   Thumb Code    18  cmd.o(i.list_timer)
    main                                     0x080086fb   Thumb Code    14  startup.o(i.main)
    mlx906                                   0x08008731   Thumb Code    46  mlx906.o(i.mlx906)
    mlx906_init                              0x080087a5   Thumb Code    68  mlx906.o(i.mlx906_init)
    oled_all                                 0x08008849   Thumb Code    34  rt_oled.o(i.oled_all)
    oled_init                                0x08008889   Thumb Code   234  rt_oled.o(i.oled_init)
    oled_pow                                 0x08008973   Thumb Code    22  rt_oled.o(i.oled_pow)
    rt_application_init                      0x080094d1   Thumb Code    36  application.o(i.rt_application_init)
    rt_assert_handler                        0x08009501   Thumb Code    56  kservice.o(i.rt_assert_handler)
    rt_completion_done                       0x08009575   Thumb Code    76  completion.o(i.rt_completion_done)
    rt_completion_init                       0x080095dd   Thumb Code    42  completion.o(i.rt_completion_init)
    rt_completion_wait                       0x08009625   Thumb Code   198  completion.o(i.rt_completion_wait)
    rt_console_get_device                    0x08009761   Thumb Code     6  kservice.o(i.rt_console_get_device)
    rt_console_set_device                    0x0800976d   Thumb Code    48  kservice.o(i.rt_console_set_device)
    rt_data_queue_init                       0x080097a1   Thumb Code    76  dataqueue.o(i.rt_data_queue_init)
    rt_data_queue_peak                       0x08009805   Thumb Code   104  dataqueue.o(i.rt_data_queue_peak)
    rt_data_queue_pop                        0x08009885   Thumb Code   342  dataqueue.o(i.rt_data_queue_pop)
    rt_data_queue_push                       0x08009a41   Thumb Code   282  dataqueue.o(i.rt_data_queue_push)
    rt_device_close                          0x08009b9d   Thumb Code    70  device.o(i.rt_device_close)
    rt_device_find                           0x08009bf9   Thumb Code    94  device.o(i.rt_device_find)
    rt_device_open                           0x08009c75   Thumb Code   150  device.o(i.rt_device_open)
    rt_device_pin_register                   0x08009d6d   Thumb Code    56  pin.o(i.rt_device_pin_register)
    rt_device_read                           0x08009db5   Thumb Code    76  device.o(i.rt_device_read)
    rt_device_register                       0x08009e15   Thumb Code    52  device.o(i.rt_device_register)
    rt_device_set_rx_indicate                0x08009e49   Thumb Code    26  device.o(i.rt_device_set_rx_indicate)
    rt_device_write                          0x08009e79   Thumb Code    76  device.o(i.rt_device_write)
    rt_enter_critical                        0x0800a035   Thumb Code    28  scheduler.o(i.rt_enter_critical)
    rt_exit_critical                         0x0800a055   Thumb Code    54  scheduler.o(i.rt_exit_critical)
    rt_free                                  0x0800a091   Thumb Code   278  mem.o(i.rt_free)
    rt_hw_board_init                         0x0800a299   Thumb Code    32  board.o(i.rt_hw_board_init)
    rt_hw_console_output                     0x0800a2c1   Thumb Code     2  kservice.o(i.rt_hw_console_output)
    rt_hw_hard_fault_exception               0x0800a2c5   Thumb Code   112  cpuport.o(i.rt_hw_hard_fault_exception)
    rt_hw_serial_isr                         0x0800a3d5   Thumb Code   384  serial.o(i.rt_hw_serial_isr)
    rt_hw_serial_register                    0x0800a5a9   Thumb Code    80  serial.o(i.rt_hw_serial_register)
    rt_hw_stack_init                         0x0800a629   Thumb Code    74  cpuport.o(i.rt_hw_stack_init)
    rt_hw_us_delay                           0x0800a679   Thumb Code    38  thread.o(i.rt_hw_us_delay)
    rt_init                                  0x0800a69f   Thumb Code    16  application.o(i.rt_init)
    rt_init_thread_entry                     0x0800a6af   Thumb Code    18  application.o(i.rt_init_thread_entry)
    rt_interrupt_enter                       0x0800a6c1   Thumb Code    46  irq.o(i.rt_interrupt_enter)
    rt_interrupt_get_nest                    0x0800a6f9   Thumb Code     6  irq.o(i.rt_interrupt_get_nest)
    rt_interrupt_leave                       0x0800a705   Thumb Code    46  irq.o(i.rt_interrupt_leave)
    rt_kprintf                               0x0800a7d1   Thumb Code    96  kservice.o(i.rt_kprintf)
    rt_main                                  0x0800a91f   Thumb Code     8  application.o(i.rt_main)
    rt_malloc                                0x0800a929   Thumb Code   522  mem.o(i.rt_malloc)
    rt_memcpy                                0x0800abe1   Thumb Code   124  kservice.o(i.rt_memcpy)
    rt_memmove                               0x0800ac5d   Thumb Code    66  kservice.o(i.rt_memmove)
    rt_memset                                0x0800ac9f   Thumb Code    72  kservice.o(i.rt_memset)
    rt_object_allocate                       0x0800ace9   Thumb Code   148  object.o(i.rt_object_allocate)
    rt_object_delete                         0x0800adc5   Thumb Code    84  object.o(i.rt_object_delete)
    rt_object_detach                         0x0800ae61   Thumb Code    58  object.o(i.rt_object_detach)
    rt_object_get_information                0x0800aeb9   Thumb Code    36  object.o(i.rt_object_get_information)
    rt_object_init                           0x0800aee1   Thumb Code    92  object.o(i.rt_object_init)
    rt_object_is_systemobject                0x0800af5d   Thumb Code    34  object.o(i.rt_object_is_systemobject)
    rt_pin_mode                              0x0800af99   Thumb Code    38  pin.o(i.rt_pin_mode)
    rt_pin_read                              0x0800afe1   Thumb Code    34  pin.o(i.rt_pin_read)
    rt_pin_write                             0x0800b025   Thumb Code    38  pin.o(i.rt_pin_write)
    rt_schedule                              0x0800b06d   Thumb Code   154  scheduler.o(i.rt_schedule)
    rt_schedule_insert_thread                0x0800b125   Thumb Code    82  scheduler.o(i.rt_schedule_insert_thread)
    rt_schedule_remove_thread                0x0800b199   Thumb Code    94  scheduler.o(i.rt_schedule_remove_thread)
    rt_sem_init                              0x0800b219   Thumb Code    50  ipc.o(i.rt_sem_init)
    rt_sem_release                           0x0800b261   Thumb Code    80  ipc.o(i.rt_sem_release)
    rt_sem_take                              0x0800b2b5   Thumb Code   266  ipc.o(i.rt_sem_take)
    rt_set_errno                             0x0800ba21   Thumb Code    36  kservice.o(i.rt_set_errno)
    rt_show_version                          0x0800ba49   Thumb Code    38  kservice.o(i.rt_show_version)
    rt_strlen                                0x0800baf9   Thumb Code    18  kservice.o(i.rt_strlen)
    rt_strncmp                               0x0800bb0b   Thumb Code    40  kservice.o(i.rt_strncmp)
    rt_strncpy                               0x0800bb33   Thumb Code    52  kservice.o(i.rt_strncpy)
    rt_system_heap_init                      0x0800bb69   Thumb Code   204  mem.o(i.rt_system_heap_init)
    rt_system_object_init                    0x0800bcb9   Thumb Code     2  object.o(i.rt_system_object_init)
    rt_system_scheduler_init                 0x0800bcbd   Thumb Code    56  scheduler.o(i.rt_system_scheduler_init)
    rt_system_scheduler_start                0x0800bd0d   Thumb Code    36  scheduler.o(i.rt_system_scheduler_start)
    rt_system_tick_init                      0x0800bd3d   Thumb Code     2  clock.o(i.rt_system_tick_init)
    rt_system_timer_init                     0x0800bd41   Thumb Code    24  timer.o(i.rt_system_timer_init)
    rt_system_timer_thread_init              0x0800bd5d   Thumb Code     2  timer.o(i.rt_system_timer_thread_init)
    rt_thread_create                         0x0800bd5f   Thumb Code    80  thread.o(i.rt_thread_create)
    rt_thread_delay                          0x0800bdaf   Thumb Code    12  thread.o(i.rt_thread_delay)
    rt_thread_exit                           0x0800bdbd   Thumb Code    76  thread.o(i.rt_thread_exit)
    rt_thread_idle_excute                    0x0800be29   Thumb Code   154  idle.o(i.rt_thread_idle_excute)
    rt_thread_idle_init                      0x0800bef5   Thumb Code    38  idle.o(i.rt_thread_idle_init)
    rt_thread_init                           0x0800bf31   Thumb Code    74  thread.o(i.rt_thread_init)
    rt_thread_resume                         0x0800bfad   Thumb Code   100  thread.o(i.rt_thread_resume)
    rt_thread_self                           0x0800c02d   Thumb Code     6  thread.o(i.rt_thread_self)
    rt_thread_sleep                          0x0800c039   Thumb Code    76  thread.o(i.rt_thread_sleep)
    rt_thread_startup                        0x0800c0a1   Thumb Code    88  thread.o(i.rt_thread_startup)
    rt_thread_suspend                        0x0800c149   Thumb Code    98  thread.o(i.rt_thread_suspend)
    rt_thread_timeout                        0x0800c1c9   Thumb Code    70  thread.o(i.rt_thread_timeout)
    rt_thread_yield                          0x0800c265   Thumb Code    92  thread.o(i.rt_thread_yield)
    rt_tick_get                              0x0800c2c9   Thumb Code     6  clock.o(i.rt_tick_get)
    rt_tick_increase                         0x0800c2d5   Thumb Code    42  clock.o(i.rt_tick_increase)
    rt_timer_check                           0x0800c305   Thumb Code   148  timer.o(i.rt_timer_check)
    rt_timer_control                         0x0800c3a1   Thumb Code    76  timer.o(i.rt_timer_control)
    rt_timer_detach                          0x0800c405   Thumb Code    44  timer.o(i.rt_timer_detach)
    rt_timer_init                            0x0800c449   Thumb Code    58  timer.o(i.rt_timer_init)
    rt_timer_start                           0x0800c49d   Thumb Code   292  timer.o(i.rt_timer_start)
    rt_timer_stop                            0x0800c609   Thumb Code    80  timer.o(i.rt_timer_stop)
    rt_vsnprintf                             0x0800c675   Thumb Code   800  kservice.o(i.rt_vsnprintf)
    rtthread_startup                         0x0800c99d   Thumb Code    52  startup.o(i.rtthread_startup)
    show_time                                0x0800cb15   Thumb Code    66  stm32f4_rtc.o(i.show_time)
    stm32_hw_pin_init                        0x0800cdb9   Thumb Code    26  gpio.o(i.stm32_hw_pin_init)
    stm32_hw_usart_init                      0x0800cddd   Thumb Code   148  usart.o(i.stm32_hw_usart_init)
    stm32_pin_attach_irq                     0x0800cea9   Thumb Code   220  gpio.o(i.stm32_pin_attach_irq)
    stm32_pin_dettach_irq                    0x0800cf89   Thumb Code   136  gpio.o(i.stm32_pin_dettach_irq)
    stm32_pin_irq_enable                     0x0800d015   Thumb Code   294  gpio.o(i.stm32_pin_irq_enable)
    stm32_pin_mode                           0x0800d141   Thumb Code   154  gpio.o(i.stm32_pin_mode)
    stm32_pin_read                           0x0800d1e5   Thumb Code    48  gpio.o(i.stm32_pin_read)
    stm32_pin_write                          0x0800d215   Thumb Code    52  gpio.o(i.stm32_pin_write)
    token_get_string                         0x0800d2cf   Thumb Code   120  finsh_token.o(i.token_get_string)
    version                                  0x0800d995   Thumb Code    10  cmd.o(i.version)
    _get_lc_ctype                            0x0800d9a1   Thumb Code    44  lc_ctype_c.o(locale$$code)
    __aeabi_d2f                              0x0800d9cd   Thumb Code     0  d2f.o(x$fpl$d2f)
    _d2f                                     0x0800d9cd   Thumb Code    98  d2f.o(x$fpl$d2f)
    __aeabi_dadd                             0x0800da31   Thumb Code     0  daddsub_clz.o(x$fpl$dadd)
    _dadd                                    0x0800da31   Thumb Code   332  daddsub_clz.o(x$fpl$dadd)
    __aeabi_ui2d                             0x0800db81   Thumb Code     0  dflt_clz.o(x$fpl$dfltu)
    _dfltu                                   0x0800db81   Thumb Code    38  dflt_clz.o(x$fpl$dfltu)
    __aeabi_dmul                             0x0800dba9   Thumb Code     0  dmul.o(x$fpl$dmul)
    _dmul                                    0x0800dba9   Thumb Code   332  dmul.o(x$fpl$dmul)
    __fpl_dnaninf                            0x0800dcfd   Thumb Code   156  dnaninf.o(x$fpl$dnaninf)
    __fpl_dretinf                            0x0800dd99   Thumb Code    12  dretinf.o(x$fpl$dretinf)
    __aeabi_dsub                             0x0800dda5   Thumb Code     0  daddsub_clz.o(x$fpl$dsub)
    _dsub                                    0x0800dda5   Thumb Code   464  daddsub_clz.o(x$fpl$dsub)
    _fp_init                                 0x0800df79   Thumb Code    10  fpinit.o(x$fpl$fpinit)
    __fplib_config_fpu_vfp                   0x0800df81   Thumb Code     0  fpinit.o(x$fpl$fpinit)
    __fplib_config_pureend_doubles           0x0800df81   Thumb Code     0  fpinit.o(x$fpl$fpinit)
    __fpl_fretinf                            0x0800df83   Thumb Code    10  fretinf.o(x$fpl$fretinf)
    __I$use$fp                               0x0800df8c   Number         0  usenofp.o(x$fpl$usenofp)
    asc2_1206                                0x0800e660   Data        1140  rt_oled.o(.constdata)
    asc2_1608                                0x0800ead4   Data        1520  rt_oled.o(.constdata)
    asc2_2412                                0x0800f0c4   Data        3420  rt_oled.o(.constdata)
    F6x8                                     0x0800fe20   Data         552  rt_oled.o(.constdata)
    F8X16                                    0x08010048   Data        1520  rt_oled.o(.constdata)
    __lowest_bit_bitmap                      0x080108dc   Data         256  kservice.o(.constdata)
    op_table                                 0x08010e90   Data         196  finsh_ops.o(.constdata)
    __fsym_show_time_name                    0x08011372   Data          10  stm32f4_rtc.o(.rodata.name)
    __fsym_show_time_desc                    0x0801137c   Data          19  stm32f4_rtc.o(.rodata.name)
    __fsym_list_mem_name                     0x0801138f   Data           9  mem.o(.rodata.name)
    __fsym_list_mem_desc                     0x08011398   Data          30  mem.o(.rodata.name)
    __fsym_pinMode_name                      0x080113b6   Data           8  pin.o(.rodata.name)
    __fsym_pinMode_desc                      0x080113be   Data          22  pin.o(.rodata.name)
    __fsym_pinWrite_name                     0x080113d4   Data           9  pin.o(.rodata.name)
    __fsym_pinWrite_desc                     0x080113dd   Data          28  pin.o(.rodata.name)
    __fsym_pinRead_name                      0x080113f9   Data           8  pin.o(.rodata.name)
    __fsym_pinRead_desc                      0x08011401   Data          30  pin.o(.rodata.name)
    __fsym_hello_name                        0x0801141f   Data           6  cmd.o(.rodata.name)
    __fsym_hello_desc                        0x08011425   Data          16  cmd.o(.rodata.name)
    __fsym_version_name                      0x08011435   Data           8  cmd.o(.rodata.name)
    __fsym_version_desc                      0x0801143d   Data          35  cmd.o(.rodata.name)
    __fsym_list_thread_name                  0x08011460   Data          12  cmd.o(.rodata.name)
    __fsym_list_thread_desc                  0x0801146c   Data          12  cmd.o(.rodata.name)
    __fsym_list_sem_name                     0x08011478   Data           9  cmd.o(.rodata.name)
    __fsym_list_sem_desc                     0x08011481   Data          25  cmd.o(.rodata.name)
    __fsym_list_event_name                   0x0801149a   Data          11  cmd.o(.rodata.name)
    __fsym_list_event_desc                   0x080114a5   Data          21  cmd.o(.rodata.name)
    __fsym_list_mutex_name                   0x080114ba   Data          11  cmd.o(.rodata.name)
    __fsym_list_mutex_desc                   0x080114c5   Data          21  cmd.o(.rodata.name)
    __fsym_list_mailbox_name                 0x080114da   Data          13  cmd.o(.rodata.name)
    __fsym_list_mailbox_desc                 0x080114e7   Data          24  cmd.o(.rodata.name)
    __fsym_list_msgqueue_name                0x080114ff   Data          14  cmd.o(.rodata.name)
    __fsym_list_msgqueue_desc                0x0801150d   Data          29  cmd.o(.rodata.name)
    __fsym_list_mempool_name                 0x0801152a   Data          13  cmd.o(.rodata.name)
    __fsym_list_mempool_desc                 0x08011537   Data          27  cmd.o(.rodata.name)
    __fsym_list_timer_name                   0x08011552   Data          11  cmd.o(.rodata.name)
    __fsym_list_timer_desc                   0x0801155d   Data          21  cmd.o(.rodata.name)
    __fsym_list_device_name                  0x08011572   Data          12  cmd.o(.rodata.name)
    __fsym_list_device_desc                  0x0801157e   Data          22  cmd.o(.rodata.name)
    __fsym_list_name                         0x08011594   Data           5  cmd.o(.rodata.name)
    __fsym_list_desc                         0x08011599   Data          26  cmd.o(.rodata.name)
    __vsym_dummy_name                        0x080115b3   Data           6  cmd.o(.rodata.name)
    __vsym_dummy_desc                        0x080115b9   Data          25  cmd.o(.rodata.name)
    FSymTab$$Base                            0x080115d4   Number         0  stm32f4_rtc.o(FSymTab)
    __fsym_show_time                         0x080115d4   Data          12  stm32f4_rtc.o(FSymTab)
    __fsym_list_mem                          0x080115e0   Data          12  mem.o(FSymTab)
    __fsym_pinMode                           0x080115ec   Data          12  pin.o(FSymTab)
    __fsym_pinWrite                          0x080115f8   Data          12  pin.o(FSymTab)
    __fsym_pinRead                           0x08011604   Data          12  pin.o(FSymTab)
    __fsym_hello                             0x08011610   Data          12  cmd.o(FSymTab)
    __fsym_version                           0x0801161c   Data          12  cmd.o(FSymTab)
    __fsym_list_thread                       0x08011628   Data          12  cmd.o(FSymTab)
    __fsym_list_sem                          0x08011634   Data          12  cmd.o(FSymTab)
    __fsym_list_event                        0x08011640   Data          12  cmd.o(FSymTab)
    __fsym_list_mutex                        0x0801164c   Data          12  cmd.o(FSymTab)
    __fsym_list_mailbox                      0x08011658   Data          12  cmd.o(FSymTab)
    __fsym_list_msgqueue                     0x08011664   Data          12  cmd.o(FSymTab)
    __fsym_list_mempool                      0x08011670   Data          12  cmd.o(FSymTab)
    __fsym_list_timer                        0x0801167c   Data          12  cmd.o(FSymTab)
    __fsym_list_device                       0x08011688   Data          12  cmd.o(FSymTab)
    __fsym_list                              0x08011694   Data          12  cmd.o(FSymTab)
    FSymTab$$Limit                           0x080116a0   Number         0  cmd.o(FSymTab)
    Region$$Table$$Base                      0x080116a0   Number         0  anon$$obj.o(Region$$Table)
    Region$$Table$$Limit                     0x080116c0   Number         0  anon$$obj.o(Region$$Table)
    VSymTab$$Base                            0x080116c0   Number         0  cmd.o(VSymTab)
    __vsym_dummy                             0x080116c0   Data          16  cmd.o(VSymTab)
    VSymTab$$Limit                           0x080116d0   Number         0  cmd.o(VSymTab)
    __ctype                                  0x080116dd   Data           0  lc_ctype_c.o(locale$$data)
    pin_irq_hdr_tab                          0x20000000   Data         192  gpio.o(.data)
    uart1                                    0x200000cc   Data          32  usart.o(.data)
    uart2                                    0x200000ec   Data          32  usart.o(.data)
    uart3                                    0x2000010c   Data          32  usart.o(.data)
    Hzk                                      0x20000130   Data         896  rt_oled.o(.data)
    rt_interrupt_nest                        0x200004d0   Data           1  irq.o(.data)
    rt_assert_hook                           0x200004dc   Data           4  kservice.o(.data)
    rt_object_trytake_hook                   0x20000598   Data           4  object.o(.data)
    rt_object_take_hook                      0x2000059c   Data           4  object.o(.data)
    rt_object_put_hook                       0x200005a0   Data           4  object.o(.data)
    rt_current_thread                        0x200005a8   Data           4  scheduler.o(.data)
    rt_current_priority                      0x200005ac   Data           1  scheduler.o(.data)
    rt_thread_ready_priority_group           0x200005b0   Data           4  scheduler.o(.data)
    rt_thread_defunct                        0x200005b4   Data           8  scheduler.o(.data)
    rt_interrupt_from_thread                 0x200005dc   Data           4  cpuport.o(.data)
    rt_interrupt_to_thread                   0x200005e0   Data           4  cpuport.o(.data)
    rt_thread_switch_interrupt_flag          0x200005e4   Data           4  cpuport.o(.data)
    finsh_compile_sp                         0x200005f0   Data           4  finsh_compiler.o(.data)
    finsh_compile_pc                         0x200005f4   Data           4  finsh_compiler.o(.data)
    global_errno                             0x200005f8   Data           1  finsh_error.o(.data)
    global_sysvar_list                       0x20000640   Data           4  finsh_var.o(.data)
    finsh_sp                                 0x20000644   Data           4  finsh_vm.o(.data)
    finsh_pc                                 0x20000648   Data           4  finsh_vm.o(.data)
    global_syscall_list                      0x2000064c   Data           4  finsh_vm.o(.data)
    shell                                    0x20000650   Data           4  shell.o(.data)
    _syscall_table_begin                     0x20000654   Data           4  symbol.o(.data)
    _syscall_table_end                       0x20000658   Data           4  symbol.o(.data)
    _sysvar_table_begin                      0x2000065c   Data           4  symbol.o(.data)
    _sysvar_table_end                        0x20000660   Data           4  symbol.o(.data)
    serial1                                  0x20000664   Data          84  usart.o(.bss)
    serial2                                  0x200006b8   Data          84  usart.o(.bss)
    serial3                                  0x2000070c   Data          84  usart.o(.bss)
    oled                                     0x20000760   Data          28  rt_oled.o(.bss)
    rt_thread_priority_table                 0x20000c9c   Data         256  scheduler.o(.bss)
    finsh_heap                               0x20000de0   Data         128  finsh_heap.o(.bss)
    global_node_table                        0x20000e60   Data         320  finsh_node.o(.bss)
    global_variable                          0x20000fa0   Data         192  finsh_var.o(.bss)
    finsh_vm_stack                           0x20001060   Data         256  finsh_vm.o(.bss)
    text_segment                             0x20001160   Data         128  finsh_vm.o(.bss)
    __libspace_start                         0x20001a60   Data          96  libspace.o(.bss)
    __temporary_stack_top$libspace           0x20001ac0   Data           0  libspace.o(.bss)
    Image$$RW_IRAM1$$ZI$$Limit               0x200020c0   Number         0  anon$$obj.o ABSOLUTE



==============================================================================

Memory Map of the image

  Image Entry point : 0x08000189

  Load Region LR_IROM1 (Base: 0x08000000, Size: 0x00011e44, Max: 0x00100000, ABSOLUTE, COMPRESSED[0x00011a08])

    Execution Region ER_IROM1 (Exec base: 0x08000000, Load base: 0x08000000, Size: 0x000117e0, Max: 0x00100000, ABSOLUTE)

    Exec Addr    Load Addr    Size         Type   Attr      Idx    E Section Name        Object

    0x08000000   0x08000000   0x00000188   Data   RO         5306    RESET               startup_stm32f4xx.o
    0x08000188   0x08000188   0x00000008   Code   RO         8382  * !!!main             c_w.l(__main.o)
    0x08000190   0x08000190   0x00000034   Code   RO         8588    !!!scatter          c_w.l(__scatter.o)
    0x080001c4   0x080001c4   0x0000005a   Code   RO         8586    !!dczerorl2         c_w.l(__dczerorl2.o)
    0x0800021e   0x0800021e   0x00000002   PAD
    0x08000220   0x08000220   0x0000001c   Code   RO         8590    !!handler_zi        c_w.l(__scatter_zi.o)
    0x0800023c   0x0800023c   0x00000002   Code   RO         8459    .ARM.Collect$$libinit$$00000000  c_w.l(libinit.o)
    0x0800023e   0x0800023e   0x00000004   Code   RO         8462    .ARM.Collect$$libinit$$00000001  c_w.l(libinit2.o)
    0x08000242   0x08000242   0x00000000   Code   RO         8465    .ARM.Collect$$libinit$$00000004  c_w.l(libinit2.o)
    0x08000242   0x08000242   0x00000000   Code   RO         8468    .ARM.Collect$$libinit$$0000000A  c_w.l(libinit2.o)
    0x08000242   0x08000242   0x00000000   Code   RO         8470    .ARM.Collect$$libinit$$0000000C  c_w.l(libinit2.o)
    0x08000242   0x08000242   0x00000000   Code   RO         8472    .ARM.Collect$$libinit$$0000000E  c_w.l(libinit2.o)
    0x08000242   0x08000242   0x00000006   Code   RO         8473    .ARM.Collect$$libinit$$0000000F  c_w.l(libinit2.o)
    0x08000248   0x08000248   0x00000000   Code   RO         8475    .ARM.Collect$$libinit$$00000011  c_w.l(libinit2.o)
    0x08000248   0x08000248   0x0000000c   Code   RO         8476    .ARM.Collect$$libinit$$00000012  c_w.l(libinit2.o)
    0x08000254   0x08000254   0x00000000   Code   RO         8477    .ARM.Collect$$libinit$$00000013  c_w.l(libinit2.o)
    0x08000254   0x08000254   0x00000000   Code   RO         8479    .ARM.Collect$$libinit$$00000015  c_w.l(libinit2.o)
    0x08000254   0x08000254   0x00000000   Code   RO         8481    .ARM.Collect$$libinit$$00000017  c_w.l(libinit2.o)
    0x08000254   0x08000254   0x00000000   Code   RO         8483    .ARM.Collect$$libinit$$00000019  c_w.l(libinit2.o)
    0x08000254   0x08000254   0x00000000   Code   RO         8485    .ARM.Collect$$libinit$$0000001B  c_w.l(libinit2.o)
    0x08000254   0x08000254   0x00000000   Code   RO         8487    .ARM.Collect$$libinit$$0000001D  c_w.l(libinit2.o)
    0x08000254   0x08000254   0x00000000   Code   RO         8489    .ARM.Collect$$libinit$$0000001F  c_w.l(libinit2.o)
    0x08000254   0x08000254   0x00000000   Code   RO         8491    .ARM.Collect$$libinit$$00000021  c_w.l(libinit2.o)
    0x08000254   0x08000254   0x00000000   Code   RO         8493    .ARM.Collect$$libinit$$00000023  c_w.l(libinit2.o)
    0x08000254   0x08000254   0x00000000   Code   RO         8495    .ARM.Collect$$libinit$$00000025  c_w.l(libinit2.o)
    0x08000254   0x08000254   0x00000000   Code   RO         8499    .ARM.Collect$$libinit$$0000002C  c_w.l(libinit2.o)
    0x08000254   0x08000254   0x00000000   Code   RO         8501    .ARM.Collect$$libinit$$0000002E  c_w.l(libinit2.o)
    0x08000254   0x08000254   0x00000000   Code   RO         8503    .ARM.Collect$$libinit$$00000030  c_w.l(libinit2.o)
    0x08000254   0x08000254   0x00000000   Code   RO         8505    .ARM.Collect$$libinit$$00000032  c_w.l(libinit2.o)
    0x08000254   0x08000254   0x00000002   Code   RO         8506    .ARM.Collect$$libinit$$00000033  c_w.l(libinit2.o)
    0x08000256   0x08000256   0x00000002   Code   RO         8526    .ARM.Collect$$libshutdown$$00000000  c_w.l(libshutdown.o)
    0x08000258   0x08000258   0x00000000   Code   RO         8539    .ARM.Collect$$libshutdown$$00000002  c_w.l(libshutdown2.o)
    0x08000258   0x08000258   0x00000000   Code   RO         8541    .ARM.Collect$$libshutdown$$00000004  c_w.l(libshutdown2.o)
    0x08000258   0x08000258   0x00000000   Code   RO         8544    .ARM.Collect$$libshutdown$$00000007  c_w.l(libshutdown2.o)
    0x08000258   0x08000258   0x00000000   Code   RO         8547    .ARM.Collect$$libshutdown$$0000000A  c_w.l(libshutdown2.o)
    0x08000258   0x08000258   0x00000000   Code   RO         8549    .ARM.Collect$$libshutdown$$0000000C  c_w.l(libshutdown2.o)
    0x08000258   0x08000258   0x00000000   Code   RO         8552    .ARM.Collect$$libshutdown$$0000000F  c_w.l(libshutdown2.o)
    0x08000258   0x08000258   0x00000002   Code   RO         8553    .ARM.Collect$$libshutdown$$00000010  c_w.l(libshutdown2.o)
    0x0800025a   0x0800025a   0x00000000   Code   RO         8400    .ARM.Collect$$rtentry$$00000000  c_w.l(__rtentry.o)
    0x0800025a   0x0800025a   0x00000000   Code   RO         8422    .ARM.Collect$$rtentry$$00000002  c_w.l(__rtentry2.o)
    0x0800025a   0x0800025a   0x00000006   Code   RO         8434    .ARM.Collect$$rtentry$$00000004  c_w.l(__rtentry4.o)
    0x08000260   0x08000260   0x00000000   Code   RO         8424    .ARM.Collect$$rtentry$$00000009  c_w.l(__rtentry2.o)
    0x08000260   0x08000260   0x00000004   Code   RO         8425    .ARM.Collect$$rtentry$$0000000A  c_w.l(__rtentry2.o)
    0x08000264   0x08000264   0x00000000   Code   RO         8427    .ARM.Collect$$rtentry$$0000000C  c_w.l(__rtentry2.o)
    0x08000264   0x08000264   0x00000008   Code   RO         8428    .ARM.Collect$$rtentry$$0000000D  c_w.l(__rtentry2.o)
    0x0800026c   0x0800026c   0x00000002   Code   RO         8460    .ARM.Collect$$rtexit$$00000000  c_w.l(rtexit.o)
    0x0800026e   0x0800026e   0x00000000   Code   RO         8508    .ARM.Collect$$rtexit$$00000002  c_w.l(rtexit2.o)
    0x0800026e   0x0800026e   0x00000004   Code   RO         8509    .ARM.Collect$$rtexit$$00000003  c_w.l(rtexit2.o)
    0x08000272   0x08000272   0x00000006   Code   RO         8510    .ARM.Collect$$rtexit$$00000004  c_w.l(rtexit2.o)
    0x08000278   0x08000278   0x00000040   Code   RO         5307    .text               startup_stm32f4xx.o
    0x080002b8   0x080002b8   0x00000110   Code   RO         6701    .text               context_rvds.o
    0x080003c8   0x080003c8   0x0000001a   Code   RO         8355    .text               c_w.l(atoi.o)
    0x080003e2   0x080003e2   0x00000058   Code   RO         8357    .text               c_w.l(memcmp.o)
    0x0800043a   0x0800043a   0x0000003e   Code   RO         8359    .text               c_w.l(strlen.o)
    0x08000478   0x08000478   0x00000096   Code   RO         8361    .text               c_w.l(strncmp.o)
    0x0800050e   0x0800050e   0x0000008a   Code   RO         8363    .text               c_w.l(rt_memcpy_v6.o)
    0x08000598   0x08000598   0x00000064   Code   RO         8365    .text               c_w.l(rt_memcpy_w.o)
    0x080005fc   0x080005fc   0x00000044   Code   RO         8367    .text               c_w.l(rt_memclr.o)
    0x08000640   0x08000640   0x0000004e   Code   RO         8369    .text               c_w.l(rt_memclr_w.o)
    0x0800068e   0x0800068e   0x00000056   Code   RO         8371    .text               c_w.l(strncpy.o)
    0x080006e4   0x080006e4   0x00000080   Code   RO         8373    .text               c_w.l(strcmpv7m.o)
    0x08000764   0x08000764   0x00000006   Code   RO         8380    .text               c_w.l(heapauxi.o)
    0x0800076a   0x0800076a   0x00000002   PAD
    0x0800076c   0x0800076c   0x00000008   Code   RO         8404    .text               c_w.l(rt_errno_addr_intlibspace.o)
    0x08000774   0x08000774   0x00000070   Code   RO         8406    .text               c_w.l(strtol.o)
    0x080007e4   0x080007e4   0x00000008   Code   RO         8418    .text               c_w.l(libspace.o)
    0x080007ec   0x080007ec   0x00000010   Code   RO         8436    .text               c_w.l(rt_ctype_table.o)
    0x080007fc   0x080007fc   0x0000009e   Code   RO         8438    .text               c_w.l(_strtoul.o)
    0x0800089a   0x0800089a   0x0000004a   Code   RO         8440    .text               c_w.l(sys_stackheap_outer.o)
    0x080008e4   0x080008e4   0x00000008   Code   RO         8445    .text               c_w.l(rt_locale_intlibspace.o)
    0x080008ec   0x080008ec   0x0000001c   Code   RO         8447    .text               c_w.l(_chval.o)
    0x08000908   0x08000908   0x00000012   Code   RO         8452    .text               c_w.l(exit.o)
    0x0800091a   0x0800091a   0x00000002   PAD
    0x0800091c   0x0800091c   0x0000000c   Code   RO         8518    .text               c_w.l(sys_exit.o)
    0x08000928   0x08000928   0x00000002   Code   RO         8529    .text               c_w.l(use_no_semi.o)
    0x0800092a   0x0800092a   0x00000000   Code   RO         8531    .text               c_w.l(indicate_semi.o)
    0x0800092a   0x0800092a   0x00000004   Code   RO          454    i.BusFault_Handler  stm32f4xx_it.o
    0x0800092e   0x0800092e   0x00000002   PAD
    0x08000930   0x08000930   0x00000018   Code   RO          611    i.DMA1_Stream1_IRQHandler  usart.o
    0x08000948   0x08000948   0x00000018   Code   RO          612    i.DMA1_Stream5_IRQHandler  usart.o
    0x08000960   0x08000960   0x00000018   Code   RO          613    i.DMA2_Stream5_IRQHandler  usart.o
    0x08000978   0x08000978   0x00000128   Code   RO         2343    i.DMA_ClearFlag     stm32f4xx_dma.o
    0x08000aa0   0x08000aa0   0x00000100   Code   RO         2345    i.DMA_Cmd           stm32f4xx_dma.o
    0x08000ba0   0x08000ba0   0x00000074   Code   RO          614    i.DMA_Configuration  usart.o
    0x08000c14   0x08000c14   0x00000224   Code   RO         2346    i.DMA_DeInit        stm32f4xx_dma.o
    0x08000e38   0x08000e38   0x000000e8   Code   RO         2350    i.DMA_GetCmdStatus  stm32f4xx_dma.o
    0x08000f20   0x08000f20   0x000000dc   Code   RO         2351    i.DMA_GetCurrDataCounter  stm32f4xx_dma.o
    0x08000ffc   0x08000ffc   0x0000026c   Code   RO         2354    i.DMA_GetFlagStatus  stm32f4xx_dma.o
    0x08001268   0x08001268   0x00000138   Code   RO         2356    i.DMA_ITConfig      stm32f4xx_dma.o
    0x080013a0   0x080013a0   0x000002e0   Code   RO         2357    i.DMA_Init          stm32f4xx_dma.o
    0x08001680   0x08001680   0x00000012   Code   RO          260    i.EXTI0_IRQHandler  gpio.o
    0x08001692   0x08001692   0x0000006c   Code   RO          261    i.EXTI15_10_IRQHandler  gpio.o
    0x080016fe   0x080016fe   0x00000012   Code   RO          262    i.EXTI1_IRQHandler  gpio.o
    0x08001710   0x08001710   0x00000012   Code   RO          263    i.EXTI2_IRQHandler  gpio.o
    0x08001722   0x08001722   0x00000012   Code   RO          264    i.EXTI3_IRQHandler  gpio.o
    0x08001734   0x08001734   0x00000012   Code   RO          265    i.EXTI4_IRQHandler  gpio.o
    0x08001746   0x08001746   0x00000056   Code   RO          266    i.EXTI9_5_IRQHandler  gpio.o
    0x0800179c   0x0800179c   0x00000064   Code   RO         2468    i.EXTI_ClearITPendingBit  stm32f4xx_exti.o
    0x08001800   0x08001800   0x000000f0   Code   RO         2472    i.EXTI_GetITStatus  stm32f4xx_exti.o
    0x080018f0   0x080018f0   0x00000130   Code   RO         2473    i.EXTI_Init         stm32f4xx_exti.o
    0x08001a20   0x08001a20   0x00000088   Code   RO          615    i.GPIO_Configuration  usart.o
    0x08001aa8   0x08001aa8   0x000001bc   Code   RO         2840    i.GPIO_Init         stm32f4xx_gpio.o
    0x08001c64   0x08001c64   0x000001b8   Code   RO         2841    i.GPIO_PinAFConfig  stm32f4xx_gpio.o
    0x08001e1c   0x08001e1c   0x0000011c   Code   RO         2844    i.GPIO_ReadInputDataBit  stm32f4xx_gpio.o
    0x08001f38   0x08001f38   0x000000c4   Code   RO         2847    i.GPIO_ResetBits    stm32f4xx_gpio.o
    0x08001ffc   0x08001ffc   0x000000c4   Code   RO         2848    i.GPIO_SetBits      stm32f4xx_gpio.o
    0x080020c0   0x080020c0   0x0000004c   Code   RO          996    i.IIC_Init          rt_oled.o
    0x0800210c   0x0800210c   0x00000050   Code   RO          999    i.IIC_Send_Byte     rt_oled.o
    0x0800215c   0x0800215c   0x00000038   Code   RO         1000    i.IIC_Start         rt_oled.o
    0x08002194   0x08002194   0x00000034   Code   RO         1001    i.IIC_Stop          rt_oled.o
    0x080021c8   0x080021c8   0x0000004c   Code   RO         1002    i.IIC_Wait_Ack      rt_oled.o
    0x08002214   0x08002214   0x00000038   Code   RO          726    i.LED_init          rt_led.o
    0x0800224c   0x0800224c   0x00000004   Code   RO          455    i.MemManage_Handler  stm32f4xx_it.o
    0x08002250   0x08002250   0x00000002   Code   RO          456    i.NMI_Handler       stm32f4xx_it.o
    0x08002252   0x08002252   0x00000016   Code   RO          207    i.NVIC_Configuration  board.o
    0x08002268   0x08002268   0x00000022   Code   RO          616    i.NVIC_Configuration  usart.o
    0x0800228a   0x0800228a   0x00000002   PAD
    0x0800228c   0x0800228c   0x000000e4   Code   RO         1424    i.NVIC_Init         misc.o
    0x08002370   0x08002370   0x00000074   Code   RO         1425    i.NVIC_PriorityGroupConfig  misc.o
    0x080023e4   0x080023e4   0x0000007c   Code   RO         1426    i.NVIC_SetVectorTable  misc.o
    0x08002460   0x08002460   0x0000003e   Code   RO         1003    i.OLED_Clear        rt_oled.o
    0x0800249e   0x0800249e   0x00000028   Code   RO         1008    i.OLED_Set_Pos      rt_oled.o
    0x080024c6   0x080024c6   0x00000002   PAD
    0x080024c8   0x080024c8   0x00000068   Code   RO         1009    i.OLED_ShowCHinese  rt_oled.o
    0x08002530   0x08002530   0x000000a4   Code   RO         1010    i.OLED_ShowChar     rt_oled.o
    0x080025d4   0x080025d4   0x00000088   Code   RO         1011    i.OLED_ShowNum      rt_oled.o
    0x0800265c   0x0800265c   0x0000003a   Code   RO         1012    i.OLED_ShowString   rt_oled.o
    0x08002696   0x08002696   0x00000018   Code   RO         1013    i.OLED_WR_Byte      rt_oled.o
    0x080026ae   0x080026ae   0x00000002   PAD
    0x080026b0   0x080026b0   0x00000030   Code   RO         7643    i.OP_add_byte       finsh_ops.o
    0x080026e0   0x080026e0   0x00000030   Code   RO         7644    i.OP_add_dword      finsh_ops.o
    0x08002710   0x08002710   0x00000030   Code   RO         7645    i.OP_add_word       finsh_ops.o
    0x08002740   0x08002740   0x00000030   Code   RO         7646    i.OP_and_byte       finsh_ops.o
    0x08002770   0x08002770   0x00000030   Code   RO         7647    i.OP_and_dword      finsh_ops.o
    0x080027a0   0x080027a0   0x00000030   Code   RO         7648    i.OP_and_word       finsh_ops.o
    0x080027d0   0x080027d0   0x00000018   Code   RO         7649    i.OP_bw_byte        finsh_ops.o
    0x080027e8   0x080027e8   0x00000018   Code   RO         7650    i.OP_bw_dword       finsh_ops.o
    0x08002800   0x08002800   0x00000018   Code   RO         7651    i.OP_bw_word        finsh_ops.o
    0x08002818   0x08002818   0x0000038c   Code   RO         7652    i.OP_call           finsh_ops.o
    0x08002ba4   0x08002ba4   0x00000030   Code   RO         7653    i.OP_div_byte       finsh_ops.o
    0x08002bd4   0x08002bd4   0x00000030   Code   RO         7654    i.OP_div_dword      finsh_ops.o
    0x08002c04   0x08002c04   0x00000034   Code   RO         7655    i.OP_div_word       finsh_ops.o
    0x08002c38   0x08002c38   0x0000002c   Code   RO         7656    i.OP_ld_byte        finsh_ops.o
    0x08002c64   0x08002c64   0x00000048   Code   RO         7657    i.OP_ld_dword       finsh_ops.o
    0x08002cac   0x08002cac   0x0000004c   Code   RO         7658    i.OP_ld_value_byte  finsh_ops.o
    0x08002cf8   0x08002cf8   0x00000018   Code   RO         7659    i.OP_ld_value_byte_stack  finsh_ops.o
    0x08002d10   0x08002d10   0x0000004c   Code   RO         7660    i.OP_ld_value_dword  finsh_ops.o
    0x08002d5c   0x08002d5c   0x00000018   Code   RO         7661    i.OP_ld_value_dword_stack  finsh_ops.o
    0x08002d74   0x08002d74   0x0000004c   Code   RO         7662    i.OP_ld_value_word  finsh_ops.o
    0x08002dc0   0x08002dc0   0x00000018   Code   RO         7663    i.OP_ld_value_word_stack  finsh_ops.o
    0x08002dd8   0x08002dd8   0x00000038   Code   RO         7664    i.OP_ld_word        finsh_ops.o
    0x08002e10   0x08002e10   0x00000034   Code   RO         7665    i.OP_mod_byte       finsh_ops.o
    0x08002e44   0x08002e44   0x00000034   Code   RO         7666    i.OP_mod_dword      finsh_ops.o
    0x08002e78   0x08002e78   0x00000034   Code   RO         7667    i.OP_mod_word       finsh_ops.o
    0x08002eac   0x08002eac   0x00000030   Code   RO         7668    i.OP_mul_byte       finsh_ops.o
    0x08002edc   0x08002edc   0x00000030   Code   RO         7669    i.OP_mul_dword      finsh_ops.o
    0x08002f0c   0x08002f0c   0x00000034   Code   RO         7670    i.OP_mul_word       finsh_ops.o
    0x08002f40   0x08002f40   0x00000002   Code   RO         7671    i.OP_no_op          finsh_ops.o
    0x08002f42   0x08002f42   0x00000002   PAD
    0x08002f44   0x08002f44   0x00000030   Code   RO         7672    i.OP_or_byte        finsh_ops.o
    0x08002f74   0x08002f74   0x00000030   Code   RO         7673    i.OP_or_dword       finsh_ops.o
    0x08002fa4   0x08002fa4   0x00000030   Code   RO         7674    i.OP_or_word        finsh_ops.o
    0x08002fd4   0x08002fd4   0x00000010   Code   RO         7675    i.OP_pop            finsh_ops.o
    0x08002fe4   0x08002fe4   0x00000030   Code   RO         7676    i.OP_shl_byte       finsh_ops.o
    0x08003014   0x08003014   0x00000030   Code   RO         7677    i.OP_shl_dword      finsh_ops.o
    0x08003044   0x08003044   0x00000030   Code   RO         7678    i.OP_shl_word       finsh_ops.o
    0x08003074   0x08003074   0x00000030   Code   RO         7679    i.OP_shr_byte       finsh_ops.o
    0x080030a4   0x080030a4   0x00000030   Code   RO         7680    i.OP_shr_dword      finsh_ops.o
    0x080030d4   0x080030d4   0x00000030   Code   RO         7681    i.OP_shr_word       finsh_ops.o
    0x08003104   0x08003104   0x00000024   Code   RO         7682    i.OP_st_byte        finsh_ops.o
    0x08003128   0x08003128   0x00000024   Code   RO         7683    i.OP_st_dword       finsh_ops.o
    0x0800314c   0x0800314c   0x00000024   Code   RO         7684    i.OP_st_word        finsh_ops.o
    0x08003170   0x08003170   0x00000030   Code   RO         7685    i.OP_sub_byte       finsh_ops.o
    0x080031a0   0x080031a0   0x00000030   Code   RO         7686    i.OP_sub_dword      finsh_ops.o
    0x080031d0   0x080031d0   0x00000030   Code   RO         7687    i.OP_sub_word       finsh_ops.o
    0x08003200   0x08003200   0x00000030   Code   RO         7688    i.OP_xor_byte       finsh_ops.o
    0x08003230   0x08003230   0x00000030   Code   RO         7689    i.OP_xor_dword      finsh_ops.o
    0x08003260   0x08003260   0x00000030   Code   RO         7690    i.OP_xor_word       finsh_ops.o
    0x08003290   0x08003290   0x000000ba   Code   RO          745    i.PEC_Calculation   mlx906.o
    0x0800334a   0x0800334a   0x00000002   PAD
    0x0800334c   0x0800334c   0x00000090   Code   RO         3425    i.RCC_AHB1PeriphClockCmd  stm32f4xx_rcc.o
    0x080033dc   0x080033dc   0x00000090   Code   RO         3434    i.RCC_APB1PeriphClockCmd  stm32f4xx_rcc.o
    0x0800346c   0x0800346c   0x00000090   Code   RO         3437    i.RCC_APB2PeriphClockCmd  stm32f4xx_rcc.o
    0x080034fc   0x080034fc   0x00000034   Code   RO          617    i.RCC_Configuration  usart.o
    0x08003530   0x08003530   0x000000e8   Code   RO         3446    i.RCC_GetClocksFreq  stm32f4xx_rcc.o
    0x08003618   0x08003618   0x00000016   Code   RO         3762    i.RTC_Bcd2ToByte    stm32f4xx_rtc.o
    0x0800362e   0x0800362e   0x00000002   PAD
    0x08003630   0x08003630   0x000000a0   Code   RO         3778    i.RTC_GetDate       stm32f4xx_rtc.o
    0x080036d0   0x080036d0   0x000000a4   Code   RO         3783    i.RTC_GetTime       stm32f4xx_rtc.o
    0x08003774   0x08003774   0x00000028   Code   RO         1014    i.SDA_IN            rt_oled.o
    0x0800379c   0x0800379c   0x0000002c   Code   RO         1015    i.SDA_OUT           rt_oled.o
    0x080037c8   0x080037c8   0x000000a6   Code   RO          747    i.SMBus_ReadMemory  mlx906.o
    0x0800386e   0x0800386e   0x00000002   PAD
    0x08003870   0x08003870   0x00000070   Code   RO          748    i.SMBus_ReadTemp    mlx906.o
    0x080038e0   0x080038e0   0x00000048   Code   RO          749    i.SMBus_ReceiveBit  mlx906.o
    0x08003928   0x08003928   0x00000032   Code   RO          750    i.SMBus_ReceiveByte  mlx906.o
    0x0800395a   0x0800395a   0x00000002   PAD
    0x0800395c   0x0800395c   0x00000048   Code   RO          751    i.SMBus_SendBit     mlx906.o
    0x080039a4   0x080039a4   0x00000034   Code   RO          752    i.SMBus_SendByte    mlx906.o
    0x080039d8   0x080039d8   0x00000048   Code   RO          753    i.SMBus_StartBit    mlx906.o
    0x08003a20   0x08003a20   0x00000048   Code   RO          754    i.SMBus_StopBit     mlx906.o
    0x08003a68   0x08003a68   0x00000002   Code   RO          457    i.SVC_Handler       stm32f4xx_it.o
    0x08003a6a   0x08003a6a   0x00000002   PAD
    0x08003a6c   0x08003a6c   0x000000f8   Code   RO         4462    i.SYSCFG_EXTILineConfig  stm32f4xx_syscfg.o
    0x08003b64   0x08003b64   0x000000ec   Code   RO         5312    i.SetSysClock       system_stm32f4xx.o
    0x08003c50   0x08003c50   0x00000074   Code   RO         1428    i.SysTick_CLKSourceConfig  misc.o
    0x08003cc4   0x08003cc4   0x0000006c   Code   RO          208    i.SysTick_Configuration  board.o
    0x08003d30   0x08003d30   0x00000010   Code   RO          209    i.SysTick_Handler   board.o
    0x08003d40   0x08003d40   0x00000068   Code   RO         5314    i.SystemInit        system_stm32f4xx.o
    0x08003da8   0x08003da8   0x00000018   Code   RO          618    i.USART1_IRQHandler  usart.o
    0x08003dc0   0x08003dc0   0x00000018   Code   RO          619    i.USART2_IRQHandler  usart.o
    0x08003dd8   0x08003dd8   0x000000fc   Code   RO         5064    i.USART_ClearITPendingBit  stm32f4xx_usart.o
    0x08003ed4   0x08003ed4   0x000000b8   Code   RO         5067    i.USART_Cmd         stm32f4xx_usart.o
    0x08003f8c   0x08003f8c   0x000000cc   Code   RO         5068    i.USART_DMACmd      stm32f4xx_usart.o
    0x08004058   0x08004058   0x00000104   Code   RO         5070    i.USART_GetFlagStatus  stm32f4xx_usart.o
    0x0800415c   0x0800415c   0x00000170   Code   RO         5071    i.USART_GetITStatus  stm32f4xx_usart.o
    0x080042cc   0x080042cc   0x0000015c   Code   RO         5073    i.USART_ITConfig    stm32f4xx_usart.o
    0x08004428   0x08004428   0x00000224   Code   RO         5074    i.USART_Init        stm32f4xx_usart.o
    0x0800464c   0x0800464c   0x00000094   Code   RO         5081    i.USART_ReceiveData  stm32f4xx_usart.o
    0x080046e0   0x080046e0   0x00000004   Code   RO          458    i.UsageFault_Handler  stm32f4xx_it.o
    0x080046e4   0x080046e4   0x0000002c   Code   RO         1016    i.Write_IIC_Command  rt_oled.o
    0x08004710   0x08004710   0x0000002c   Code   RO         1017    i.Write_IIC_Data    rt_oled.o
    0x0800473c   0x0800473c   0x0000004c   Code   RO         5840    i.__rt_ffs          kservice.o
    0x08004788   0x08004788   0x00000014   Code   RO         5479    i._has_defunct_thread  idle.o
    0x0800479c   0x0800479c   0x000000e8   Code   RO         7241    i._list_device      cmd.o
    0x08004884   0x08004884   0x000000f8   Code   RO         7242    i._list_event       cmd.o
    0x0800497c   0x0800497c   0x00000120   Code   RO         7243    i._list_mailbox     cmd.o
    0x08004a9c   0x08004a9c   0x00000114   Code   RO         7244    i._list_mempool     cmd.o
    0x08004bb0   0x08004bb0   0x00000108   Code   RO         7245    i._list_msgqueue    cmd.o
    0x08004cb8   0x08004cb8   0x000000c0   Code   RO         7246    i._list_mutex       cmd.o
    0x08004d78   0x08004d78   0x000000f0   Code   RO         7247    i._list_sem         cmd.o
    0x08004e68   0x08004e68   0x0000016c   Code   RO         7248    i._list_thread      cmd.o
    0x08004fd4   0x08004fd4   0x00000110   Code   RO         7249    i._list_timer       cmd.o
    0x080050e4   0x080050e4   0x00000048   Code   RO         6841    i._pin_control      pin.o
    0x0800512c   0x0800512c   0x00000054   Code   RO         6842    i._pin_read         pin.o
    0x08005180   0x08005180   0x00000054   Code   RO         6843    i._pin_write        pin.o
    0x080051d4   0x080051d4   0x000000c8   Code   RO         6300    i._rt_scheduler_stack_check  scheduler.o
    0x0800529c   0x0800529c   0x000000d0   Code   RO         6401    i._rt_thread_init   thread.o
    0x0800536c   0x0800536c   0x00000042   Code   RO         6552    i._rt_timer_init    timer.o
    0x080053ae   0x080053ae   0x0000002e   Code   RO         6553    i._rt_timer_remove  timer.o
    0x080053dc   0x080053dc   0x00000194   Code   RO         6739    i._serial_dma_rx    serial.o
    0x08005570   0x08005570   0x0000005c   Code   RO         6740    i._serial_dma_tx    serial.o
    0x080055cc   0x080055cc   0x00000064   Code   RO         6741    i._serial_fifo_calc_recved_len  serial.o
    0x08005630   0x08005630   0x000000b8   Code   RO         6742    i._serial_int_rx    serial.o
    0x080056e8   0x080056e8   0x00000070   Code   RO         6743    i._serial_int_tx    serial.o
    0x08005758   0x08005758   0x0000005c   Code   RO         6744    i._serial_poll_rx   serial.o
    0x080057b4   0x080057b4   0x00000054   Code   RO         6745    i._serial_poll_tx   serial.o
    0x08005808   0x08005808   0x00000070   Code   RO         1385    i.assert_failed     startup.o
    0x08005878   0x08005878   0x0000001e   Code   RO          267    i.bit2bitno         gpio.o
    0x08005896   0x08005896   0x00000002   PAD
    0x08005898   0x08005898   0x0000003c   Code   RO          494    i.delay_init        delay.o
    0x080058d4   0x080058d4   0x00000038   Code   RO          495    i.delay_ms          delay.o
    0x0800590c   0x0800590c   0x0000004c   Code   RO          496    i.delay_us          delay.o
    0x08005958   0x08005958   0x0000004c   Code   RO          497    i.delay_xms         delay.o
    0x080059a4   0x080059a4   0x00000042   Code   RO          620    i.dma_rx_done_isr   usart.o
    0x080059e6   0x080059e6   0x00000068   Code   RO          621    i.dma_uart_config   usart.o
    0x08005a4e   0x08005a4e   0x0000003c   Code   RO          622    i.dma_uart_rx_idle_isr  usart.o
    0x08005a8a   0x08005a8a   0x0000003e   Code   RO         7497    i.finsh_block_insert  finsh_heap.o
    0x08005ac8   0x08005ac8   0x0000007c   Code   RO         7498    i.finsh_block_merge  finsh_heap.o
    0x08005b44   0x08005b44   0x0000002e   Code   RO         7499    i.finsh_block_remove  finsh_heap.o
    0x08005b72   0x08005b72   0x00000018   Code   RO         7500    i.finsh_block_split  finsh_heap.o
    0x08005b8a   0x08005b8a   0x00000002   PAD
    0x08005b8c   0x08005b8c   0x00001654   Code   RO         7416    i.finsh_compile     finsh_compiler.o
    0x080071e0   0x080071e0   0x00000068   Code   RO         7417    i.finsh_compiler_run  finsh_compiler.o
    0x08007248   0x08007248   0x0000000c   Code   RO         7463    i.finsh_errno       finsh_error.o
    0x08007254   0x08007254   0x0000000c   Code   RO         7464    i.finsh_error_init  finsh_error.o
    0x08007260   0x08007260   0x00000010   Code   RO         7465    i.finsh_error_set   finsh_error.o
    0x08007270   0x08007270   0x00000010   Code   RO         7466    i.finsh_error_string  finsh_error.o
    0x08007280   0x08007280   0x00000016   Code   RO         7550    i.finsh_flush       finsh_init.o
    0x08007296   0x08007296   0x00000002   PAD
    0x08007298   0x08007298   0x00000058   Code   RO         8251    i.finsh_getchar     shell.o
    0x080072f0   0x080072f0   0x00000074   Code   RO         7501    i.finsh_heap_allocate  finsh_heap.o
    0x08007364   0x08007364   0x0000002c   Code   RO         7502    i.finsh_heap_free   finsh_heap.o
    0x08007390   0x08007390   0x00000058   Code   RO         7503    i.finsh_heap_gc     finsh_heap.o
    0x080073e8   0x080073e8   0x00000030   Code   RO         7504    i.finsh_heap_init   finsh_heap.o
    0x08007418   0x08007418   0x0000001e   Code   RO         7551    i.finsh_init        finsh_init.o
    0x08007436   0x08007436   0x00000002   PAD
    0x08007438   0x08007438   0x0000003c   Code   RO         7586    i.finsh_node_allocate  finsh_node.o
    0x08007474   0x08007474   0x00000014   Code   RO         7587    i.finsh_node_init   finsh_node.o
    0x08007488   0x08007488   0x0000001e   Code   RO         7588    i.finsh_node_new_char  finsh_node.o
    0x080074a6   0x080074a6   0x00000076   Code   RO         7589    i.finsh_node_new_id  finsh_node.o
    0x0800751c   0x0800751c   0x0000001e   Code   RO         7590    i.finsh_node_new_int  finsh_node.o
    0x0800753a   0x0800753a   0x0000001e   Code   RO         7591    i.finsh_node_new_long  finsh_node.o
    0x08007558   0x08007558   0x0000001e   Code   RO         7592    i.finsh_node_new_ptr  finsh_node.o
    0x08007576   0x08007576   0x0000004a   Code   RO         7593    i.finsh_node_new_string  finsh_node.o
    0x080075c0   0x080075c0   0x00000010   Code   RO         7943    i.finsh_parser_init  finsh_parser.o
    0x080075d0   0x080075d0   0x000000dc   Code   RO         7944    i.finsh_parser_run  finsh_parser.o
    0x080076ac   0x080076ac   0x000000d4   Code   RO         8252    i.finsh_run_line    shell.o
    0x08007780   0x08007780   0x00000040   Code   RO         8253    i.finsh_rx_ind      shell.o
    0x080077c0   0x080077c0   0x000000dc   Code   RO         8254    i.finsh_set_device  shell.o
    0x0800789c   0x0800789c   0x0000000c   Code   RO         7553    i.finsh_stack_bottom  finsh_init.o
    0x080078a8   0x080078a8   0x0000005c   Code   RO         8191    i.finsh_syscall_lookup  finsh_vm.o
    0x08007904   0x08007904   0x00000014   Code   RO         8256    i.finsh_system_function_init  shell.o
    0x08007918   0x08007918   0x000000c0   Code   RO         8257    i.finsh_system_init  shell.o
    0x080079d8   0x080079d8   0x00000014   Code   RO         8258    i.finsh_system_var_init  shell.o
    0x080079ec   0x080079ec   0x0000005c   Code   RO         8138    i.finsh_sysvar_lookup  finsh_var.o
    0x08007a48   0x08007a48   0x00000514   Code   RO         8259    i.finsh_thread_entry  shell.o
    0x08007f5c   0x08007f5c   0x00000014   Code   RO         8055    i.finsh_token_init  finsh_token.o
    0x08007f70   0x08007f70   0x00000018   Code   RO         8056    i.finsh_token_token  finsh_token.o
    0x08007f88   0x08007f88   0x0000015e   Code   RO         7418    i.finsh_type_check  finsh_compiler.o
    0x080080e6   0x080080e6   0x00000002   PAD
    0x080080e8   0x080080e8   0x00000014   Code   RO         8140    i.finsh_var_init    finsh_var.o
    0x080080fc   0x080080fc   0x00000078   Code   RO         8141    i.finsh_var_insert  finsh_var.o
    0x08008174   0x08008174   0x00000040   Code   RO         8142    i.finsh_var_lookup  finsh_var.o
    0x080081b4   0x080081b4   0x00000054   Code   RO         8192    i.finsh_vm_run      finsh_vm.o
    0x08008208   0x08008208   0x00000020   Code   RO          268    i.get_pin           gpio.o
    0x08008228   0x08008228   0x000000a8   Code   RO          269    i.get_pin_irq       gpio.o
    0x080082d0   0x080082d0   0x00000020   Code   RO         7250    i.hello             cmd.o
    0x080082f0   0x080082f0   0x000000dc   Code   RO         7251    i.list              cmd.o
    0x080083cc   0x080083cc   0x00000012   Code   RO         7252    i.list_device       cmd.o
    0x080083de   0x080083de   0x00000012   Code   RO         7253    i.list_event        cmd.o
    0x080083f0   0x080083f0   0x00000012   Code   RO         7254    i.list_mailbox      cmd.o
    0x08008402   0x08008402   0x00000002   PAD
    0x08008404   0x08008404   0x00000078   Code   RO         6044    i.list_mem          mem.o
    0x0800847c   0x0800847c   0x00000012   Code   RO         7255    i.list_mempool      cmd.o
    0x0800848e   0x0800848e   0x00000012   Code   RO         7256    i.list_msgqueue     cmd.o
    0x080084a0   0x080084a0   0x00000012   Code   RO         7257    i.list_mutex        cmd.o
    0x080084b2   0x080084b2   0x00000002   PAD
    0x080084b4   0x080084b4   0x00000210   Code   RO         7258    i.list_prefix       cmd.o
    0x080086c4   0x080086c4   0x00000012   Code   RO         7259    i.list_sem          cmd.o
    0x080086d6   0x080086d6   0x00000012   Code   RO         7260    i.list_thread       cmd.o
    0x080086e8   0x080086e8   0x00000012   Code   RO         7261    i.list_timer        cmd.o
    0x080086fa   0x080086fa   0x0000000e   Code   RO         1386    i.main              startup.o
    0x08008708   0x08008708   0x00000028   Code   RO         7945    i.make_sys_node     finsh_parser.o
    0x08008730   0x08008730   0x00000040   Code   RO          755    i.mlx906            mlx906.o
    0x08008770   0x08008770   0x00000034   Code   RO          756    i.mlx906_entry      mlx906.o
    0x080087a4   0x080087a4   0x00000048   Code   RO          757    i.mlx906_init       mlx906.o
    0x080087ec   0x080087ec   0x0000003e   Code   RO         7262    i.object_name_maxlen  cmd.o
    0x0800882a   0x0800882a   0x00000002   PAD
    0x0800882c   0x0800882c   0x0000001c   Code   RO         7263    i.object_split      cmd.o
    0x08008848   0x08008848   0x00000040   Code   RO         1019    i.oled_all          rt_oled.o
    0x08008888   0x08008888   0x000000ea   Code   RO         1020    i.oled_init         rt_oled.o
    0x08008972   0x08008972   0x00000016   Code   RO         1021    i.oled_pow          rt_oled.o
    0x08008988   0x08008988   0x00000048   Code   RO          270    i.pin_irq_hdr       gpio.o
    0x080089d0   0x080089d0   0x0000010c   Code   RO         6045    i.plug_holes        mem.o
    0x08008adc   0x08008adc   0x0000018c   Code   RO         5842    i.print_number      kservice.o
    0x08008c68   0x08008c68   0x00000072   Code   RO         7946    i.proc_additive_expr  finsh_parser.o
    0x08008cda   0x08008cda   0x0000004c   Code   RO         7947    i.proc_and_expr     finsh_parser.o
    0x08008d26   0x08008d26   0x00000038   Code   RO         7948    i.proc_assign_expr  finsh_parser.o
    0x08008d5e   0x08008d5e   0x0000004e   Code   RO         7949    i.proc_cast_expr    finsh_parser.o
    0x08008dac   0x08008dac   0x0000004c   Code   RO         7950    i.proc_exclusive_or_expr  finsh_parser.o
    0x08008df8   0x08008df8   0x0000000c   Code   RO         7951    i.proc_expr         finsh_parser.o
    0x08008e04   0x08008e04   0x00000038   Code   RO         7952    i.proc_expr_statement  finsh_parser.o
    0x08008e3c   0x08008e3c   0x0000002c   Code   RO         7953    i.proc_identifier   finsh_parser.o
    0x08008e68   0x08008e68   0x0000004c   Code   RO         7954    i.proc_inclusive_or_expr  finsh_parser.o
    0x08008eb4   0x08008eb4   0x0000008a   Code   RO         7955    i.proc_multiplicative_expr  finsh_parser.o
    0x08008f3e   0x08008f3e   0x0000004c   Code   RO         7956    i.proc_param_list   finsh_parser.o
    0x08008f8a   0x08008f8a   0x000000a2   Code   RO         7957    i.proc_postfix_expr  finsh_parser.o
    0x0800902c   0x0800902c   0x0000009e   Code   RO         7958    i.proc_primary_expr  finsh_parser.o
    0x080090ca   0x080090ca   0x00000074   Code   RO         7959    i.proc_shift_expr   finsh_parser.o
    0x0800913e   0x0800913e   0x000000fa   Code   RO         7960    i.proc_type         finsh_parser.o
    0x08009238   0x08009238   0x000000be   Code   RO         7961    i.proc_unary_expr   finsh_parser.o
    0x080092f6   0x080092f6   0x000001da   Code   RO         7962    i.proc_variable_decl  finsh_parser.o
    0x080094d0   0x080094d0   0x00000030   Code   RO         1181    i.rt_application_init  application.o
    0x08009500   0x08009500   0x00000074   Code   RO         5843    i.rt_assert_handler  kservice.o
    0x08009574   0x08009574   0x00000068   Code   RO         6910    i.rt_completion_done  completion.o
    0x080095dc   0x080095dc   0x00000048   Code   RO         6911    i.rt_completion_init  completion.o
    0x08009624   0x08009624   0x0000013c   Code   RO         6912    i.rt_completion_wait  completion.o
    0x08009760   0x08009760   0x0000000c   Code   RO         5845    i.rt_console_get_device  kservice.o
    0x0800976c   0x0800976c   0x00000034   Code   RO         5846    i.rt_console_set_device  kservice.o
    0x080097a0   0x080097a0   0x00000064   Code   RO         7078    i.rt_data_queue_init  dataqueue.o
    0x08009804   0x08009804   0x00000080   Code   RO         7079    i.rt_data_queue_peak  dataqueue.o
    0x08009884   0x08009884   0x000001bc   Code   RO         7080    i.rt_data_queue_pop  dataqueue.o
    0x08009a40   0x08009a40   0x0000015c   Code   RO         7081    i.rt_data_queue_push  dataqueue.o
    0x08009b9c   0x08009b9c   0x0000005c   Code   RO         5388    i.rt_device_close   device.o
    0x08009bf8   0x08009bf8   0x0000007c   Code   RO         5392    i.rt_device_find    device.o
    0x08009c74   0x08009c74   0x000000f8   Code   RO         5395    i.rt_device_open    device.o
    0x08009d6c   0x08009d6c   0x00000048   Code   RO         6844    i.rt_device_pin_register  pin.o
    0x08009db4   0x08009db4   0x00000060   Code   RO         5396    i.rt_device_read    device.o
    0x08009e14   0x08009e14   0x00000034   Code   RO         5397    i.rt_device_register  device.o
    0x08009e48   0x08009e48   0x00000030   Code   RO         5398    i.rt_device_set_rx_indicate  device.o
    0x08009e78   0x08009e78   0x00000060   Code   RO         5401    i.rt_device_write   device.o
    0x08009ed8   0x08009ed8   0x0000000c   Code   RO         6746    i.rt_dma_calc_recved_len  serial.o
    0x08009ee4   0x08009ee4   0x0000009c   Code   RO         6747    i.rt_dma_recv_update_get_index  serial.o
    0x08009f80   0x08009f80   0x000000b4   Code   RO         6748    i.rt_dma_recv_update_put_index  serial.o
    0x0800a034   0x0800a034   0x00000020   Code   RO         6302    i.rt_enter_critical  scheduler.o
    0x0800a054   0x0800a054   0x0000003c   Code   RO         6303    i.rt_exit_critical  scheduler.o
    0x0800a090   0x0800a090   0x00000208   Code   RO         6047    i.rt_free           mem.o
    0x0800a298   0x0800a298   0x00000028   Code   RO          210    i.rt_hw_board_init  board.o
    0x0800a2c0   0x0800a2c0   0x00000002   Code   RO         5849    i.rt_hw_console_output  kservice.o
    0x0800a2c2   0x0800a2c2   0x00000002   PAD
    0x0800a2c4   0x0800a2c4   0x00000110   Code   RO         6669    i.rt_hw_hard_fault_exception  cpuport.o
    0x0800a3d4   0x0800a3d4   0x000001d4   Code   RO         6749    i.rt_hw_serial_isr  serial.o
    0x0800a5a8   0x0800a5a8   0x00000080   Code   RO         6750    i.rt_hw_serial_register  serial.o
    0x0800a628   0x0800a628   0x00000050   Code   RO         6670    i.rt_hw_stack_init  cpuport.o
    0x0800a678   0x0800a678   0x00000026   Code   RO         6402    i.rt_hw_us_delay    thread.o
    0x0800a69e   0x0800a69e   0x00000010   Code   RO         1182    i.rt_init           application.o
    0x0800a6ae   0x0800a6ae   0x00000012   Code   RO         1183    i.rt_init_thread_entry  application.o
    0x0800a6c0   0x0800a6c0   0x00000038   Code   RO         5801    i.rt_interrupt_enter  irq.o
    0x0800a6f8   0x0800a6f8   0x0000000c   Code   RO         5803    i.rt_interrupt_get_nest  irq.o
    0x0800a704   0x0800a704   0x00000038   Code   RO         5804    i.rt_interrupt_leave  irq.o
    0x0800a73c   0x0800a73c   0x00000018   Code   RO         5534    i.rt_ipc_list_resume  ipc.o
    0x0800a754   0x0800a754   0x0000006c   Code   RO         5536    i.rt_ipc_list_suspend  ipc.o
    0x0800a7c0   0x0800a7c0   0x00000010   Code   RO         5537    i.rt_ipc_object_init  ipc.o
    0x0800a7d0   0x0800a7d0   0x00000068   Code   RO         5850    i.rt_kprintf        kservice.o
    0x0800a838   0x0800a838   0x00000006   Code   RO         5538    i.rt_list_init      ipc.o
    0x0800a83e   0x0800a83e   0x00000006   Code   RO         6304    i.rt_list_init      scheduler.o
    0x0800a844   0x0800a844   0x00000006   Code   RO         6554    i.rt_list_init      timer.o
    0x0800a84a   0x0800a84a   0x00000006   Code   RO         7083    i.rt_list_init      dataqueue.o
    0x0800a850   0x0800a850   0x0000000e   Code   RO         6199    i.rt_list_insert_after  object.o
    0x0800a85e   0x0800a85e   0x0000000e   Code   RO         6403    i.rt_list_insert_after  thread.o
    0x0800a86c   0x0800a86c   0x0000000e   Code   RO         6555    i.rt_list_insert_after  timer.o
    0x0800a87a   0x0800a87a   0x0000000e   Code   RO         5539    i.rt_list_insert_before  ipc.o
    0x0800a888   0x0800a888   0x0000000e   Code   RO         7084    i.rt_list_insert_before  dataqueue.o
    0x0800a896   0x0800a896   0x00000010   Code   RO         5540    i.rt_list_isempty   ipc.o
    0x0800a8a6   0x0800a8a6   0x00000010   Code   RO         6556    i.rt_list_isempty   timer.o
    0x0800a8b6   0x0800a8b6   0x00000010   Code   RO         6913    i.rt_list_isempty   completion.o
    0x0800a8c6   0x0800a8c6   0x00000010   Code   RO         7085    i.rt_list_isempty   dataqueue.o
    0x0800a8d6   0x0800a8d6   0x00000010   Code   RO         7264    i.rt_list_isempty   cmd.o
    0x0800a8e6   0x0800a8e6   0x00000014   Code   RO         7265    i.rt_list_len       cmd.o
    0x0800a8fa   0x0800a8fa   0x00000012   Code   RO         6200    i.rt_list_remove    object.o
    0x0800a90c   0x0800a90c   0x00000012   Code   RO         6404    i.rt_list_remove    thread.o
    0x0800a91e   0x0800a91e   0x00000008   Code   RO         1184    i.rt_main           application.o
    0x0800a926   0x0800a926   0x00000002   PAD
    0x0800a928   0x0800a928   0x000002b8   Code   RO         6049    i.rt_malloc         mem.o
    0x0800abe0   0x0800abe0   0x0000007c   Code   RO         5854    i.rt_memcpy         kservice.o
    0x0800ac5c   0x0800ac5c   0x00000042   Code   RO         5855    i.rt_memmove        kservice.o
    0x0800ac9e   0x0800ac9e   0x00000048   Code   RO         5856    i.rt_memset         kservice.o
    0x0800ace6   0x0800ace6   0x00000002   PAD
    0x0800ace8   0x0800ace8   0x000000dc   Code   RO         6201    i.rt_object_allocate  object.o
    0x0800adc4   0x0800adc4   0x0000009c   Code   RO         6203    i.rt_object_delete  object.o
    0x0800ae60   0x0800ae60   0x00000058   Code   RO         6204    i.rt_object_detach  object.o
    0x0800aeb8   0x0800aeb8   0x00000028   Code   RO         6207    i.rt_object_get_information  object.o
    0x0800aee0   0x0800aee0   0x0000007c   Code   RO         6208    i.rt_object_init    object.o
    0x0800af5c   0x0800af5c   0x0000003c   Code   RO         6209    i.rt_object_is_systemobject  object.o
    0x0800af98   0x0800af98   0x00000048   Code   RO         6848    i.rt_pin_mode       pin.o
    0x0800afe0   0x0800afe0   0x00000044   Code   RO         6849    i.rt_pin_read       pin.o
    0x0800b024   0x0800b024   0x00000048   Code   RO         6850    i.rt_pin_write      pin.o
    0x0800b06c   0x0800b06c   0x000000b8   Code   RO         6305    i.rt_schedule       scheduler.o
    0x0800b124   0x0800b124   0x00000074   Code   RO         6306    i.rt_schedule_insert_thread  scheduler.o
    0x0800b198   0x0800b198   0x00000080   Code   RO         6307    i.rt_schedule_remove_thread  scheduler.o
    0x0800b218   0x0800b218   0x00000048   Code   RO         5568    i.rt_sem_init       ipc.o
    0x0800b260   0x0800b260   0x00000054   Code   RO         5569    i.rt_sem_release    ipc.o
    0x0800b2b4   0x0800b2b4   0x00000188   Code   RO         5570    i.rt_sem_take       ipc.o
    0x0800b43c   0x0800b43c   0x00000184   Code   RO         6751    i.rt_serial_close   serial.o
    0x0800b5c0   0x0800b5c0   0x000000a4   Code   RO         6752    i.rt_serial_control  serial.o
    0x0800b664   0x0800b664   0x00000048   Code   RO         6753    i.rt_serial_init    serial.o
    0x0800b6ac   0x0800b6ac   0x0000029c   Code   RO         6754    i.rt_serial_open    serial.o
    0x0800b948   0x0800b948   0x0000006c   Code   RO         6755    i.rt_serial_read    serial.o
    0x0800b9b4   0x0800b9b4   0x0000006c   Code   RO         6756    i.rt_serial_write   serial.o
    0x0800ba20   0x0800ba20   0x00000028   Code   RO         5857    i.rt_set_errno      kservice.o
    0x0800ba48   0x0800ba48   0x000000b0   Code   RO         5858    i.rt_show_version   kservice.o
    0x0800baf8   0x0800baf8   0x00000012   Code   RO         5864    i.rt_strlen         kservice.o
    0x0800bb0a   0x0800bb0a   0x00000028   Code   RO         5865    i.rt_strncmp        kservice.o
    0x0800bb32   0x0800bb32   0x00000034   Code   RO         5866    i.rt_strncpy        kservice.o
    0x0800bb66   0x0800bb66   0x00000002   PAD
    0x0800bb68   0x0800bb68   0x00000150   Code   RO         6053    i.rt_system_heap_init  mem.o
    0x0800bcb8   0x0800bcb8   0x00000002   Code   RO         6213    i.rt_system_object_init  object.o
    0x0800bcba   0x0800bcba   0x00000002   PAD
    0x0800bcbc   0x0800bcbc   0x00000050   Code   RO         6309    i.rt_system_scheduler_init  scheduler.o
    0x0800bd0c   0x0800bd0c   0x00000030   Code   RO         6310    i.rt_system_scheduler_start  scheduler.o
    0x0800bd3c   0x0800bd3c   0x00000002   Code   RO         5344    i.rt_system_tick_init  clock.o
    0x0800bd3e   0x0800bd3e   0x00000002   PAD
    0x0800bd40   0x0800bd40   0x0000001c   Code   RO         6557    i.rt_system_timer_init  timer.o
    0x0800bd5c   0x0800bd5c   0x00000002   Code   RO         6558    i.rt_system_timer_thread_init  timer.o
    0x0800bd5e   0x0800bd5e   0x00000050   Code   RO         6406    i.rt_thread_create  thread.o
    0x0800bdae   0x0800bdae   0x0000000c   Code   RO         6407    i.rt_thread_delay   thread.o
    0x0800bdba   0x0800bdba   0x00000002   PAD
    0x0800bdbc   0x0800bdbc   0x00000054   Code   RO         6410    i.rt_thread_exit    thread.o
    0x0800be10   0x0800be10   0x00000018   Code   RO         5480    i.rt_thread_idle_entry  idle.o
    0x0800be28   0x0800be28   0x000000cc   Code   RO         5481    i.rt_thread_idle_excute  idle.o
    0x0800bef4   0x0800bef4   0x0000003c   Code   RO         5483    i.rt_thread_idle_init  idle.o
    0x0800bf30   0x0800bf30   0x0000007c   Code   RO         6412    i.rt_thread_init    thread.o
    0x0800bfac   0x0800bfac   0x00000080   Code   RO         6415    i.rt_thread_resume  thread.o
    0x0800c02c   0x0800c02c   0x0000000c   Code   RO         6417    i.rt_thread_self    thread.o
    0x0800c038   0x0800c038   0x00000068   Code   RO         6418    i.rt_thread_sleep   thread.o
    0x0800c0a0   0x0800c0a0   0x000000a8   Code   RO         6419    i.rt_thread_startup  thread.o
    0x0800c148   0x0800c148   0x00000080   Code   RO         6420    i.rt_thread_suspend  thread.o
    0x0800c1c8   0x0800c1c8   0x0000009c   Code   RO         6422    i.rt_thread_timeout  thread.o
    0x0800c264   0x0800c264   0x00000064   Code   RO         6423    i.rt_thread_yield   thread.o
    0x0800c2c8   0x0800c2c8   0x0000000c   Code   RO         5346    i.rt_tick_get       clock.o
    0x0800c2d4   0x0800c2d4   0x00000030   Code   RO         5347    i.rt_tick_increase  clock.o
    0x0800c304   0x0800c304   0x0000009c   Code   RO         6559    i.rt_timer_check    timer.o
    0x0800c3a0   0x0800c3a0   0x00000064   Code   RO         6560    i.rt_timer_control  timer.o
    0x0800c404   0x0800c404   0x00000044   Code   RO         6563    i.rt_timer_detach   timer.o
    0x0800c448   0x0800c448   0x00000054   Code   RO         6564    i.rt_timer_init     timer.o
    0x0800c49c   0x0800c49c   0x0000016c   Code   RO         6567    i.rt_timer_start    timer.o
    0x0800c608   0x0800c608   0x0000006c   Code   RO         6568    i.rt_timer_stop     timer.o
    0x0800c674   0x0800c674   0x00000328   Code   RO         5869    i.rt_vsnprintf      kservice.o
    0x0800c99c   0x0800c99c   0x0000003c   Code   RO         1387    i.rtthread_startup  startup.o
    0x0800c9d8   0x0800c9d8   0x00000030   Code   RO         8260    i.shell_auto_complete  shell.o
    0x0800ca08   0x0800ca08   0x00000034   Code   RO         8261    i.shell_handle_history  shell.o
    0x0800ca3c   0x0800ca3c   0x000000d8   Code   RO         8262    i.shell_push_history  shell.o
    0x0800cb14   0x0800cb14   0x0000007c   Code   RO          385    i.show_time         stm32f4_rtc.o
    0x0800cb90   0x0800cb90   0x00000030   Code   RO         7266    i.show_wait_queue   cmd.o
    0x0800cbc0   0x0800cbc0   0x00000026   Code   RO         5871    i.skip_atoi         kservice.o
    0x0800cbe6   0x0800cbe6   0x00000002   PAD
    0x0800cbe8   0x0800cbe8   0x000000e8   Code   RO          623    i.stm32_configure   usart.o
    0x0800ccd0   0x0800ccd0   0x000000a4   Code   RO          624    i.stm32_control     usart.o
    0x0800cd74   0x0800cd74   0x00000044   Code   RO          625    i.stm32_getc        usart.o
    0x0800cdb8   0x0800cdb8   0x00000024   Code   RO          271    i.stm32_hw_pin_init  gpio.o
    0x0800cddc   0x0800cddc   0x000000cc   Code   RO          626    i.stm32_hw_usart_init  usart.o
    0x0800cea8   0x0800cea8   0x000000e0   Code   RO          272    i.stm32_pin_attach_irq  gpio.o
    0x0800cf88   0x0800cf88   0x0000008c   Code   RO          273    i.stm32_pin_dettach_irq  gpio.o
    0x0800d014   0x0800d014   0x0000012c   Code   RO          274    i.stm32_pin_irq_enable  gpio.o
    0x0800d140   0x0800d140   0x000000a4   Code   RO          275    i.stm32_pin_mode    gpio.o
    0x0800d1e4   0x0800d1e4   0x00000030   Code   RO          276    i.stm32_pin_read    gpio.o
    0x0800d214   0x0800d214   0x00000034   Code   RO          277    i.stm32_pin_write   gpio.o
    0x0800d248   0x0800d248   0x00000044   Code   RO          627    i.stm32_putc        usart.o
    0x0800d28c   0x0800d28c   0x00000020   Code   RO         7267    i.str_common        cmd.o
    0x0800d2ac   0x0800d2ac   0x00000022   Code   RO         7268    i.str_is_prefix     cmd.o
    0x0800d2ce   0x0800d2ce   0x00000078   Code   RO         8057    i.token_get_string  finsh_token.o
    0x0800d346   0x0800d346   0x00000002   PAD
    0x0800d348   0x0800d348   0x00000034   Code   RO         8058    i.token_match_name  finsh_token.o
    0x0800d37c   0x0800d37c   0x0000003e   Code   RO         8059    i.token_next_char   finsh_token.o
    0x0800d3ba   0x0800d3ba   0x00000016   Code   RO         8060    i.token_prev_char   finsh_token.o
    0x0800d3d0   0x0800d3d0   0x000000a2   Code   RO         8061    i.token_proc_char   finsh_token.o
    0x0800d472   0x0800d472   0x000000d6   Code   RO         8062    i.token_proc_escape  finsh_token.o
    0x0800d548   0x0800d548   0x00000120   Code   RO         8063    i.token_proc_number  finsh_token.o
    0x0800d668   0x0800d668   0x00000050   Code   RO         8064    i.token_proc_string  finsh_token.o
    0x0800d6b8   0x0800d6b8   0x0000019e   Code   RO         8065    i.token_run         finsh_token.o
    0x0800d856   0x0800d856   0x00000098   Code   RO         8066    i.token_spec_number  finsh_token.o
    0x0800d8ee   0x0800d8ee   0x00000022   Code   RO         8067    i.token_trim_space  finsh_token.o
    0x0800d910   0x0800d910   0x00000084   Code   RO          628    i.uart_isr          usart.o
    0x0800d994   0x0800d994   0x0000000a   Code   RO         7269    i.version           cmd.o
    0x0800d99e   0x0800d99e   0x00000002   PAD
    0x0800d9a0   0x0800d9a0   0x0000002c   Code   RO         8450    locale$$code        c_w.l(lc_ctype_c.o)
    0x0800d9cc   0x0800d9cc   0x00000062   Code   RO         8384    x$fpl$d2f           fz_wm.l(d2f.o)
    0x0800da2e   0x0800da2e   0x00000002   PAD
    0x0800da30   0x0800da30   0x00000150   Code   RO         8386    x$fpl$dadd          fz_wm.l(daddsub_clz.o)
    0x0800db80   0x0800db80   0x00000026   Code   RO         8392    x$fpl$dfltu         fz_wm.l(dflt_clz.o)
    0x0800dba6   0x0800dba6   0x00000002   PAD
    0x0800dba8   0x0800dba8   0x00000154   Code   RO         8398    x$fpl$dmul          fz_wm.l(dmul.o)
    0x0800dcfc   0x0800dcfc   0x0000009c   Code   RO         8411    x$fpl$dnaninf       fz_wm.l(dnaninf.o)
    0x0800dd98   0x0800dd98   0x0000000c   Code   RO         8413    x$fpl$dretinf       fz_wm.l(dretinf.o)
    0x0800dda4   0x0800dda4   0x000001d4   Code   RO         8388    x$fpl$dsub          fz_wm.l(daddsub_clz.o)
    0x0800df78   0x0800df78   0x0000000a   Code   RO         8516    x$fpl$fpinit        fz_wm.l(fpinit.o)
    0x0800df82   0x0800df82   0x0000000a   Code   RO         8415    x$fpl$fretinf       fz_wm.l(fretinf.o)
    0x0800df8c   0x0800df8c   0x00000000   Code   RO         8417    x$fpl$usenofp       fz_wm.l(usenofp.o)
    0x0800df8c   0x0800df8c   0x00000677   Data   RO          278    .constdata          gpio.o
    0x0800e603   0x0800e603   0x00000001   PAD
    0x0800e604   0x0800e604   0x0000005c   Data   RO          630    .constdata          usart.o
    0x0800e660   0x0800e660   0x00001fd8   Data   RO         1023    .constdata          rt_oled.o
    0x08010638   0x08010638   0x000000b7   Data   RO         5402    .constdata          device.o
    0x080106ef   0x080106ef   0x00000016   Data   RO         5486    .constdata          idle.o
    0x08010705   0x08010705   0x000001d7   Data   RO         5572    .constdata          ipc.o
    0x080108dc   0x080108dc   0x00000122   Data   RO         5873    .constdata          kservice.o
    0x080109fe   0x080109fe   0x00000046   Data   RO         6055    .constdata          mem.o
    0x08010a44   0x08010a44   0x0000006d   Data   RO         6214    .constdata          object.o
    0x08010ab1   0x08010ab1   0x0000004e   Data   RO         6312    .constdata          scheduler.o
    0x08010aff   0x08010aff   0x000000b9   Data   RO         6424    .constdata          thread.o
    0x08010bb8   0x08010bb8   0x0000005c   Data   RO         6570    .constdata          timer.o
    0x08010c14   0x08010c14   0x0000012a   Data   RO         6757    .constdata          serial.o
    0x08010d3e   0x08010d3e   0x0000007e   Data   RO         6852    .constdata          pin.o
    0x08010dbc   0x08010dbc   0x00000039   Data   RO         6914    .constdata          completion.o
    0x08010df5   0x08010df5   0x0000004b   Data   RO         7086    .constdata          dataqueue.o
    0x08010e40   0x08010e40   0x00000050   Data   RO         7270    .constdata          cmd.o
    0x08010e90   0x08010e90   0x000000c4   Data   RO         7691    .constdata          finsh_ops.o
    0x08010f54   0x08010f54   0x00000040   Data   RO         8068    .constdata          finsh_token.o
    0x08010f94   0x08010f94   0x0000005b   Data   RO         8264    .constdata          shell.o
    0x08010fef   0x08010fef   0x00000001   PAD
    0x08010ff0   0x08010ff0   0x000000ed   Data   RO         6056    .conststring        mem.o
    0x080110dd   0x080110dd   0x00000003   PAD
    0x080110e0   0x080110e0   0x0000015d   Data   RO         7271    .conststring        cmd.o
    0x0801123d   0x0801123d   0x00000003   PAD
    0x08011240   0x08011240   0x000000f3   Data   RO         7467    .conststring        finsh_error.o
    0x08011333   0x08011333   0x00000001   PAD
    0x08011334   0x08011334   0x0000003e   Data   RO         8069    .conststring        finsh_token.o
    0x08011372   0x08011372   0x0000001d   Data   RO          388    .rodata.name        stm32f4_rtc.o
    0x0801138f   0x0801138f   0x00000027   Data   RO         6058    .rodata.name        mem.o
    0x080113b6   0x080113b6   0x00000069   Data   RO         6853    .rodata.name        pin.o
    0x0801141f   0x0801141f   0x000001b3   Data   RO         7273    .rodata.name        cmd.o
    0x080115d2   0x080115d2   0x00000002   PAD
    0x080115d4   0x080115d4   0x0000000c   Data   RO          389    FSymTab             stm32f4_rtc.o
    0x080115e0   0x080115e0   0x0000000c   Data   RO         6059    FSymTab             mem.o
    0x080115ec   0x080115ec   0x00000024   Data   RO         6854    FSymTab             pin.o
    0x08011610   0x08011610   0x00000090   Data   RO         7274    FSymTab             cmd.o
    0x080116a0   0x080116a0   0x00000020   Data   RO         8584    Region$$Table       anon$$obj.o
    0x080116c0   0x080116c0   0x00000010   Data   RO         7275    VSymTab             cmd.o
    0x080116d0   0x080116d0   0x00000110   Data   RO         8449    locale$$data        c_w.l(lc_ctype_c.o)


    Execution Region RW_IRAM1 (Exec base: 0x20000000, Load base: 0x080117e0, Size: 0x000020c0, Max: 0x00020000, ABSOLUTE, COMPRESSED[0x00000228])

    Exec Addr    Load Addr    Size         Type   Attr      Idx    E Section Name        Object

    0x20000000   COMPRESSED   0x000000c8   Data   RW          279    .data               gpio.o
    0x200000c8   COMPRESSED   0x00000004   Data   RW          498    .data               delay.o
    0x200000cc   COMPRESSED   0x00000060   Data   RW          631    .data               usart.o
    0x2000012c   COMPRESSED   0x00000004   Data   RW          759    .data               mlx906.o
    0x20000130   COMPRESSED   0x00000380   Data   RW         1024    .data               rt_oled.o
    0x200004b0   COMPRESSED   0x00000010   Data   RW         3469    .data               stm32f4xx_rcc.o
    0x200004c0   COMPRESSED   0x00000004   Data   RW         5349    .data               clock.o
    0x200004c4   COMPRESSED   0x00000004   Data   RW         5487    .data               idle.o
    0x200004c8   COMPRESSED   0x00000009   Data   RW         5806    .data               irq.o
    0x200004d1   COMPRESSED   0x00000003   PAD
    0x200004d4   COMPRESSED   0x0000000c   Data   RW         5874    .data               kservice.o
    0x200004e0   COMPRESSED   0x00000020   Data   RW         6057    .data               mem.o
    0x20000500   COMPRESSED   0x000000a4   Data   RW         6215    .data               object.o
    0x200005a4   COMPRESSED   0x0000001c   Data   RW         6313    .data               scheduler.o
    0x200005c0   COMPRESSED   0x0000000c   Data   RW         6425    .data               thread.o
    0x200005cc   COMPRESSED   0x00000010   Data   RW         6571    .data               timer.o
    0x200005dc   COMPRESSED   0x00000010   Data   RW         6672    .data               cpuport.o
    0x200005ec   COMPRESSED   0x00000004   Data   RW         7272    .data               cmd.o
    0x200005f0   COMPRESSED   0x00000008   Data   RW         7419    .data               finsh_compiler.o
    0x200005f8   COMPRESSED   0x00000040   Data   RW         7468    .data               finsh_error.o
    0x20000638   COMPRESSED   0x00000008   Data   RW         7506    .data               finsh_heap.o
    0x20000640   COMPRESSED   0x00000004   Data   RW         8144    .data               finsh_var.o
    0x20000644   COMPRESSED   0x0000000c   Data   RW         8194    .data               finsh_vm.o
    0x20000650   COMPRESSED   0x00000004   Data   RW         8265    .data               shell.o
    0x20000654   COMPRESSED   0x00000010   Data   RW         8340    .data               symbol.o
    0x20000664        -       0x000000fc   Zero   RW          629    .bss                usart.o
    0x20000760        -       0x0000001c   Zero   RW         1022    .bss                rt_oled.o
    0x2000077c        -       0x00000480   Zero   RW         5485    .bss                idle.o
    0x20000bfc        -       0x00000080   Zero   RW         5872    .bss                kservice.o
    0x20000c7c        -       0x00000020   Zero   RW         6054    .bss                mem.o
    0x20000c9c        -       0x00000100   Zero   RW         6311    .bss                scheduler.o
    0x20000d9c        -       0x00000044   Zero   RW         6851    .bss                pin.o
    0x20000de0        -       0x00000080   Zero   RW         7505    .bss                finsh_heap.o
    0x20000e60        -       0x00000140   Zero   RW         7594    .bss                finsh_node.o
    0x20000fa0        -       0x000000c0   Zero   RW         8143    .bss                finsh_var.o
    0x20001060        -       0x00000180   Zero   RW         8193    .bss                finsh_vm.o
    0x200011e0        -       0x00000880   Zero   RW         8263    .bss                shell.o
    0x20001a60        -       0x00000060   Zero   RW         8419    .bss                c_w.l(libspace.o)
    0x20001ac0        -       0x00000200   Zero   RW         5305    HEAP                startup_stm32f4xx.o
    0x20001cc0        -       0x00000400   Zero   RW         5304    STACK               startup_stm32f4xx.o


==============================================================================

Image component sizes


      Code (inc. data)   RO Data    RW Data    ZI Data      Debug   Object Name

        90         12          0          0          0      11097   application.o
       186         16          0          0          0      20413   board.o
        62         12          0          4          0       1631   clock.o
      3568       1358       1024          4          0      23585   cmd.o
       508        176         57          0          0       5531   completion.o
       272         26          0          0          0        808   context_rvds.o
       352        166          0         16          0       3582   cpuport.o
      1056        216         75          0          0       6895   dataqueue.o
       268         16          0          4          0       2427   delay.o
       756        212        183          0          0       7904   device.o
         0          0          0          0          0     284072   drv_hwtimer.o
      6170        156          0          8          0      11682   finsh_compiler.o
        56         22        243         64          0       2811   finsh_error.o
       552         42          0          8        128       6111   finsh_heap.o
        64          6          0          0          0       2168   finsh_init.o
       392          8          0          0        320       6138   finsh_node.o
      3038        294        196          0          0      26898   finsh_ops.o
      2428         32          0          0          0      17031   finsh_parser.o
      1644         16        126          0          0      10694   finsh_token.o
       296         32          0          4        192       7958   finsh_var.o
       176         36          0         12        384       6565   finsh_vm.o
      1550         68       1655        200          0      12797   gpio.o
       308         80         22          4       1152       5078   idle.o
       732        152        471          0          0      30692   ipc.o
       124         26          0          9          0       2114   irq.o
      2192        242        290         12        128      14067   kservice.o
      1940        742        358         32         32       6752   mem.o
       584        246          0          0          0       3119   misc.o
      1042         70          0          4          0     231270   mlx906.o
         0          0          0          0          0        828   msh.o
       722        236        109        164          0       9633   object.o
       524        182        267          0         68       8303   pin.o
        56          4          0          0          0        519   rt_led.o
      1420        102       8152        896         28      13778   rt_oled.o
       854        254         78         28        256       8654   scheduler.o
      3520        758        298          0          0      16483   serial.o
      2432        356         91          4       2176       9871   shell.o
       186         90          0          0          0       2139   startup.o
        64         26        392          0       1536        904   startup_stm32f4xx.o
       124         58         41          0          0       5502   stm32f4_rtc.o
      3220        686          0          0          0       7937   stm32f4xx_dma.o
       644        206          0          0          0       2596   stm32f4xx_exti.o
      1560        510          0          0          0       4491   stm32f4xx_gpio.o
        16          0          0          0          0       2320   stm32f4xx_it.o
       664        240          0         16          0       4823   stm32f4xx_rcc.o
       346        148          0          0          0       3056   stm32f4xx_rtc.o
       248         68          0          0          0        816   stm32f4xx_syscfg.o
      2312        714          0          0          0       7457   stm32f4xx_usart.o
         0          0          0         16          0       4265   symbol.o
       340         32          0          0          0       1753   system_stm32f4xx.o
      1374        376        185         12          0      15470   thread.o
      1058        186         92         16          0      11551   timer.o
      1556        238         92         96        252      31255   usart.o

    ----------------------------------------------------------------------
     53702       9950      14540       1636       6652     946294   Object Totals
         0          0         32          0          0          0   (incl. Generated)
        56          0         11          3          0          0   (incl. Padding)

    ----------------------------------------------------------------------

      Code (inc. data)   RO Data    RW Data    ZI Data      Debug   Library Member Name

        90          0          0          0          0          0   __dczerorl2.o
         8          0          0          0          0         68   __main.o
         0          0          0          0          0          0   __rtentry.o
        12          0          0          0          0          0   __rtentry2.o
         6          0          0          0          0          0   __rtentry4.o
        52          8          0          0          0          0   __scatter.o
        28          0          0          0          0          0   __scatter_zi.o
        28          0          0          0          0         68   _chval.o
       158          0          0          0          0         92   _strtoul.o
        26          0          0          0          0         80   atoi.o
        18          0          0          0          0         80   exit.o
         6          0          0          0          0        152   heapauxi.o
         0          0          0          0          0          0   indicate_semi.o
        44         10        272          0          0         76   lc_ctype_c.o
         2          0          0          0          0          0   libinit.o
        24          0          0          0          0          0   libinit2.o
         2          0          0          0          0          0   libshutdown.o
         2          0          0          0          0          0   libshutdown2.o
         8          4          0          0         96         68   libspace.o
        88          0          0          0          0         76   memcmp.o
        16          4          0          0          0         76   rt_ctype_table.o
         8          4          0          0          0         68   rt_errno_addr_intlibspace.o
         8          4          0          0          0         68   rt_locale_intlibspace.o
        68          0          0          0          0         68   rt_memclr.o
        78          0          0          0          0         80   rt_memclr_w.o
       138          0          0          0          0         68   rt_memcpy_v6.o
       100          0          0          0          0         80   rt_memcpy_w.o
         2          0          0          0          0          0   rtexit.o
        10          0          0          0          0          0   rtexit2.o
       128          0          0          0          0         68   strcmpv7m.o
        62          0          0          0          0         76   strlen.o
       150          0          0          0          0         80   strncmp.o
        86          0          0          0          0         76   strncpy.o
       112          0          0          0          0         88   strtol.o
        12          4          0          0          0         68   sys_exit.o
        74          0          0          0          0         80   sys_stackheap_outer.o
         2          0          0          0          0         68   use_no_semi.o
        98          4          0          0          0        140   d2f.o
       804         16          0          0          0        368   daddsub_clz.o
        38          0          0          0          0        116   dflt_clz.o
       340         12          0          0          0        152   dmul.o
       156          4          0          0          0        140   dnaninf.o
        12          0          0          0          0        116   dretinf.o
        10          0          0          0          0        116   fpinit.o
        10          0          0          0          0        116   fretinf.o
         0          0          0          0          0          0   usenofp.o

    ----------------------------------------------------------------------
      3134         74        272          0         96       3136   Library Totals
        10          0          0          0          0          0   (incl. Padding)

    ----------------------------------------------------------------------

      Code (inc. data)   RO Data    RW Data    ZI Data      Debug   Library Name

      1656         38        272          0         96       1872   c_w.l
      1468         36          0          0          0       1264   fz_wm.l

    ----------------------------------------------------------------------
      3134         74        272          0         96       3136   Library Totals

    ----------------------------------------------------------------------

==============================================================================


      Code (inc. data)   RO Data    RW Data    ZI Data      Debug   

     56836      10024      14812       1636       6748     906890   Grand Totals
     56836      10024      14812        552       6748     906890   ELF Image Totals (compressed)
     56836      10024      14812        552          0          0   ROM Totals

==============================================================================

    Total RO  Size (Code + RO Data)                71648 (  69.97kB)
    Total RW  Size (RW Data + ZI Data)              8384 (   8.19kB)
    Total ROM Size (Code + RO Data + RW Data)      72200 (  70.51kB)

==============================================================================

