<html>
<body>
<pre>
<h1>µVision Build Log</h1>
<h2>Tool Versions:</h2>
IDE-Version: ¦ÌVision V5.28.0.0
Copyright (C) 2019 ARM Ltd and ARM Germany GmbH. All rights reserved.
License Information: shen Windows, HP Inc., LIC=2TT9U-SCYVZ-WHN88-3M9KY-SS44A-ZNYDS
 
Tool Versions:
Toolchain:       MDK-ARM Professional  Version: 5.28.0.0
Toolchain Path:  F:\MDK5\ARM\ARMCC\Bin
C Compiler:      Armcc.exe V5.06 update 6 (build 750)
Assembler:       Armasm.exe V5.06 update 6 (build 750)
Linker/Locator:  ArmLink.exe V5.06 update 6 (build 750)
Library Manager: ArmAr.exe V5.06 update 6 (build 750)
Hex Converter:   FromElf.exe V5.06 update 6 (build 750)
CPU DLL:         SARMCM3.DLL V5.28.0.0
Dialog DLL:      DCM.DLL V1.17.3.0
Target DLL:      STLink\ST-LINKIII-KEIL_SWO.dll V3.0.6.0
Dialog DLL:      TCM.DLL V1.36.2.0
 
<h2>Project:</h2>
F:\Git\workspace\learngit\¡¾F407¡¤RTOS¡¿MLX906_20_9_12\project\project.uvprojx
Project File Date:  09/12/2020

<h2>Output:</h2>
*** Using Compiler 'V5.06 update 6 (build 750)', folder: 'F:\MDK5\ARM\ARMCC\Bin'
Rebuild target 'robot'
compiling app_uart.c...
compiling delay.c...
..\User\drivers\sys.h(19): warning:  #47-D: incompatible redefinition of macro "USE_STDPERIPH_DRIVER" 
  #define USE_STDPERIPH_DRIVER
..\User\drivers\delay.c: 1 warning, 0 errors
compiling board.c...
..\User\drivers\sys.h(19): warning:  #47-D: incompatible redefinition of macro "USE_STDPERIPH_DRIVER" 
  #define USE_STDPERIPH_DRIVER
..\User\drivers\board.c: 1 warning, 0 errors
compiling stm32f4xx_it.c...
compiling drv_hwtimer.c...
compiling stm32f4_rtc.c...
compiling soft_timer.c...
compiling gpio.c...
compiling usart.c...
compiling misc.c...
compiling rt_led.c...
..\User\drivers\sys.h(19): warning:  #47-D: incompatible redefinition of macro "USE_STDPERIPH_DRIVER" 
  #define USE_STDPERIPH_DRIVER
..\User\drivers\rt_led.c: 1 warning, 0 errors
compiling startup.c...
compiling canapp.c...
compiling mlx906.c...
..\User\drivers\sys.h(19): warning:  #47-D: incompatible redefinition of macro "USE_STDPERIPH_DRIVER" 
  #define USE_STDPERIPH_DRIVER
..\User\drivers\mlx906.c(316): warning:  #177-D: variable "tempp"  was declared but never referenced
  		int tempp,tem_xiaoshu,tem_zhengshu;
..\User\drivers\mlx906.c(316): warning:  #177-D: variable "tem_xiaoshu"  was declared but never referenced
  		int tempp,tem_xiaoshu,tem_zhengshu;
..\User\drivers\mlx906.c(316): warning:  #177-D: variable "tem_zhengshu"  was declared but never referenced
  		int tempp,tem_xiaoshu,tem_zhengshu;
..\User\drivers\mlx906.c(11): warning:  #177-D: variable "fan_thread"  was declared but never referenced
  static struct rt_thread fan_thread;
..\User\drivers\mlx906.c(12): warning:  #177-D: variable "detach_thread"  was declared but never referenced
  static struct rt_thread detach_thread;
..\User\drivers\mlx906.c(14): warning:  #177-D: variable "fan_stack"  was declared but never referenced
  static rt_uint8_t fan_stack[1024];
..\User\drivers\mlx906.c(15): warning:  #177-D: variable "detach_stack"  was declared but never referenced
  static rt_uint8_t detach_stack[1024];
..\User\drivers\mlx906.c: 8 warnings, 0 errors
compiling application.c...
..\User\drivers\sys.h(19): warning:  #47-D: incompatible redefinition of macro "USE_STDPERIPH_DRIVER" 
  #define USE_STDPERIPH_DRIVER
..\User\applications\application.c: 1 warning, 0 errors
compiling rt_oled.c...
..\User\drivers\sys.h(19): warning:  #47-D: incompatible redefinition of macro "USE_STDPERIPH_DRIVER" 
  #define USE_STDPERIPH_DRIVER
..\User\drivers\rt_oled.c: 1 warning, 0 errors
compiling stm32f4xx_adc.c...
compiling stm32f4xx_crc.c...
compiling stm32f4xx_cryp_tdes.c...
compiling stm32f4xx_dbgmcu.c...
compiling stm32f4xx_cryp_des.c...
compiling stm32f4xx_cryp.c...
compiling stm32f4xx_dac.c...
compiling stm32f4xx_cryp_aes.c...
compiling stm32f4xx_can.c...
compiling stm32f4xx_dcmi.c...
compiling stm32f4xx_exti.c...
compiling stm32f4xx_hash_md5.c...
compiling stm32f4xx_flash.c...
compiling stm32f4xx_hash.c...
compiling stm32f4xx_gpio.c...
compiling stm32f4xx_fsmc.c...
compiling stm32f4xx_dma.c...
compiling stm32f4xx_iwdg.c...
compiling stm32f4xx_hash_sha1.c...
compiling stm32f4xx_rng.c...
compiling stm32f4xx_pwr.c...
compiling stm32f4xx_rcc.c...
compiling stm32f4xx_i2c.c...
compiling stm32f4xx_sdio.c...
compiling stm32f4xx_rtc.c...
assembling startup_stm32f4xx.s...
compiling clock.c...
compiling components.c...
compiling stm32f4xx_syscfg.c...
compiling device.c...
compiling idle.c...
compiling stm32f4xx_spi.c...
compiling stm32f4xx_wwdg.c...
compiling system_stm32f4xx.c...
compiling irq.c...
compiling stm32f4xx_usart.c...
compiling ipc.c...
compiling kservice.c...
compiling mem.c...
compiling object.c...
compiling module.c...
compiling mempool.c...
compiling memheap.c...
compiling scheduler.c...
compiling signal.c...
compiling slab.c...
assembling context_rvds.S...
compiling stm32f4xx_tim.c...
compiling cpuport.c...
compiling div0.c...
compiling backtrace.c...
compiling timer.c...
compiling showmem.c...
compiling pipe.c...
compiling completion.c...
compiling serial.c...
compiling pin.c...
compiling ringbuffer.c...
compiling dataqueue.c...
compiling waitqueue.c...
compiling finsh_init.c...
compiling finsh_error.c...
compiling workqueue.c...
compiling finsh_heap.c...
compiling cmd.c...
compiling finsh_node.c...
compiling thread.c...
compiling finsh_compiler.c...
compiling msh.c...
compiling finsh_vm.c...
compiling finsh_var.c...
compiling finsh_token.c...
compiling msh_cmd.c...
compiling finsh_ops.c...
compiling msh_file.c...
compiling finsh_parser.c...
compiling symbol.c...
compiling shell.c...
linking...
Program Size: Code=56836 RO-data=14812 RW-data=1636 ZI-data=6748  
".\Objects\robot.axf" - 0 Error(s), 13 Warning(s).

<h2>Software Packages used:</h2>

Package Vendor: Keil
                http://www.keil.com/pack/Keil.STM32F4xx_DFP.2.7.0.pack
                Keil.STM32F4xx_DFP.2.7.0
                STMicroelectronics STM32F4 Series Device Support, Drivers and Examples

<h2>Collection of Component include folders:</h2>
  .\RTE\_robot
  F:\MDK5\Keil\STM32F4xx_DFP\2.7.0\Drivers\CMSIS\Device\ST\STM32F4xx\Include

<h2>Collection of Component Files used:</h2>
Build Time Elapsed:  00:00:10
</pre>
</body>
</html>
