Component: ARM Compiler 5.06 update 6 (build 750) Tool: armlink [4d35ed]

==============================================================================

Section Cross References

    board.o(i.NVIC_Configuration) refers to misc.o(i.NVIC_SetVectorTable) for NVIC_SetVectorTable
    board.o(i.NVIC_Configuration) refers to misc.o(i.NVIC_PriorityGroupConfig) for NVIC_PriorityGroupConfig
    board.o(i.SysTick_Configuration) refers to stm32f4xx_rcc.o(i.RCC_GetClocksFreq) for RCC_GetClocksFreq
    board.o(i.SysTick_Configuration) refers to misc.o(i.SysTick_CLKSourceConfig) for SysTick_CLKSourceConfig
    board.o(i.SysTick_Handler) refers to irq.o(i.rt_interrupt_enter) for rt_interrupt_enter
    board.o(i.SysTick_Handler) refers to clock.o(i.rt_tick_increase) for rt_tick_increase
    board.o(i.SysTick_Handler) refers to irq.o(i.rt_interrupt_leave) for rt_interrupt_leave
    board.o(i.rt_hw_board_init) refers to board.o(i.NVIC_Configuration) for NVIC_Configuration
    board.o(i.rt_hw_board_init) refers to board.o(i.SysTick_Configuration) for SysTick_Configuration
    board.o(i.rt_hw_board_init) refers to delay.o(i.delay_init) for delay_init
    board.o(i.rt_hw_board_init) refers to usart.o(i.stm32_hw_usart_init) for stm32_hw_usart_init
    board.o(i.rt_hw_board_init) refers to gpio.o(i.stm32_hw_pin_init) for stm32_hw_pin_init
    board.o(i.rt_hw_board_init) refers to kservice.o(i.rt_console_set_device) for rt_console_set_device
    gpio.o(i.EXTI0_IRQHandler) refers to irq.o(i.rt_interrupt_enter) for rt_interrupt_enter
    gpio.o(i.EXTI0_IRQHandler) refers to gpio.o(i.pin_irq_hdr) for pin_irq_hdr
    gpio.o(i.EXTI0_IRQHandler) refers to irq.o(i.rt_interrupt_leave) for rt_interrupt_leave
    gpio.o(i.EXTI15_10_IRQHandler) refers to irq.o(i.rt_interrupt_enter) for rt_interrupt_enter
    gpio.o(i.EXTI15_10_IRQHandler) refers to stm32f4xx_exti.o(i.EXTI_GetITStatus) for EXTI_GetITStatus
    gpio.o(i.EXTI15_10_IRQHandler) refers to gpio.o(i.pin_irq_hdr) for pin_irq_hdr
    gpio.o(i.EXTI15_10_IRQHandler) refers to irq.o(i.rt_interrupt_leave) for rt_interrupt_leave
    gpio.o(i.EXTI1_IRQHandler) refers to irq.o(i.rt_interrupt_enter) for rt_interrupt_enter
    gpio.o(i.EXTI1_IRQHandler) refers to gpio.o(i.pin_irq_hdr) for pin_irq_hdr
    gpio.o(i.EXTI1_IRQHandler) refers to irq.o(i.rt_interrupt_leave) for rt_interrupt_leave
    gpio.o(i.EXTI2_IRQHandler) refers to irq.o(i.rt_interrupt_enter) for rt_interrupt_enter
    gpio.o(i.EXTI2_IRQHandler) refers to gpio.o(i.pin_irq_hdr) for pin_irq_hdr
    gpio.o(i.EXTI2_IRQHandler) refers to irq.o(i.rt_interrupt_leave) for rt_interrupt_leave
    gpio.o(i.EXTI3_IRQHandler) refers to irq.o(i.rt_interrupt_enter) for rt_interrupt_enter
    gpio.o(i.EXTI3_IRQHandler) refers to gpio.o(i.pin_irq_hdr) for pin_irq_hdr
    gpio.o(i.EXTI3_IRQHandler) refers to irq.o(i.rt_interrupt_leave) for rt_interrupt_leave
    gpio.o(i.EXTI4_IRQHandler) refers to irq.o(i.rt_interrupt_enter) for rt_interrupt_enter
    gpio.o(i.EXTI4_IRQHandler) refers to gpio.o(i.pin_irq_hdr) for pin_irq_hdr
    gpio.o(i.EXTI4_IRQHandler) refers to irq.o(i.rt_interrupt_leave) for rt_interrupt_leave
    gpio.o(i.EXTI9_5_IRQHandler) refers to irq.o(i.rt_interrupt_enter) for rt_interrupt_enter
    gpio.o(i.EXTI9_5_IRQHandler) refers to stm32f4xx_exti.o(i.EXTI_GetITStatus) for EXTI_GetITStatus
    gpio.o(i.EXTI9_5_IRQHandler) refers to gpio.o(i.pin_irq_hdr) for pin_irq_hdr
    gpio.o(i.EXTI9_5_IRQHandler) refers to irq.o(i.rt_interrupt_leave) for rt_interrupt_leave
    gpio.o(i.get_pin) refers to gpio.o(.constdata) for pins
    gpio.o(i.get_pin_irq) refers to gpio.o(i.get_pin) for get_pin
    gpio.o(i.get_pin_irq) refers to gpio.o(i.bit2bitno) for bit2bitno
    gpio.o(i.get_pin_irq) refers to gpio.o(.data) for irq
    gpio.o(i.pin_irq_hdr) refers to stm32f4xx_exti.o(i.EXTI_ClearITPendingBit) for EXTI_ClearITPendingBit
    gpio.o(i.pin_irq_hdr) refers to gpio.o(.data) for pin_irq_hdr_tab
    gpio.o(i.stm32_hw_pin_init) refers to stm32f4xx_rcc.o(i.RCC_APB2PeriphClockCmd) for RCC_APB2PeriphClockCmd
    gpio.o(i.stm32_hw_pin_init) refers to pin.o(i.rt_device_pin_register) for rt_device_pin_register
    gpio.o(i.stm32_hw_pin_init) refers to gpio.o(.constdata) for _stm32_pin_ops
    gpio.o(i.stm32_pin_attach_irq) refers to gpio.o(i.get_pin) for get_pin
    gpio.o(i.stm32_pin_attach_irq) refers to gpio.o(i.bit2bitno) for bit2bitno
    gpio.o(i.stm32_pin_attach_irq) refers to context_rvds.o(.text) for rt_hw_interrupt_disable
    gpio.o(i.stm32_pin_attach_irq) refers to gpio.o(.data) for pin_irq_hdr_tab
    gpio.o(i.stm32_pin_dettach_irq) refers to gpio.o(i.get_pin) for get_pin
    gpio.o(i.stm32_pin_dettach_irq) refers to gpio.o(i.bit2bitno) for bit2bitno
    gpio.o(i.stm32_pin_dettach_irq) refers to context_rvds.o(.text) for rt_hw_interrupt_disable
    gpio.o(i.stm32_pin_dettach_irq) refers to gpio.o(.data) for pin_irq_hdr_tab
    gpio.o(i.stm32_pin_irq_enable) refers to gpio.o(i.get_pin) for get_pin
[...]
    rt_interrupt_enter                       0x0800aaed   Thumb Code    46  irq.o(i.rt_interrupt_enter)
    rt_interrupt_get_nest                    0x0800ab25   Thumb Code     6  irq.o(i.rt_interrupt_get_nest)
    rt_interrupt_leave                       0x0800ab31   Thumb Code    46  irq.o(i.rt_interrupt_leave)
    rt_key_scan                              0x0800abfd   Thumb Code   188  rt_key.o(i.rt_key_scan)
    rt_kprintf                               0x0800acd1   Thumb Code    96  kservice.o(i.rt_kprintf)
    rt_malloc                                0x0800ae21   Thumb Code   522  mem.o(i.rt_malloc)
    rt_map_init                              0x0800b0d9   Thumb Code    46  map.o(i.rt_map_init)
    rt_mb_create                             0x0800b119   Thumb Code   124  ipc.o(i.rt_mb_create)
    rt_mb_recv                               0x0800b1c1   Thumb Code   402  ipc.o(i.rt_mb_recv)
    rt_mb_send                               0x0800b3d1   Thumb Code    18  ipc.o(i.rt_mb_send)
    rt_mb_send_wait                          0x0800b3e5   Thumb Code   368  ipc.o(i.rt_mb_send_wait)
    rt_memcpy                                0x0800b5cd   Thumb Code   124  kservice.o(i.rt_memcpy)
    rt_memmove                               0x0800b649   Thumb Code    66  kservice.o(i.rt_memmove)
    rt_memset                                0x0800b68b   Thumb Code    72  kservice.o(i.rt_memset)
    rt_object_allocate                       0x0800b6d5   Thumb Code   148  object.o(i.rt_object_allocate)
    rt_object_delete                         0x0800b7b1   Thumb Code    84  object.o(i.rt_object_delete)
    rt_object_detach                         0x0800b84d   Thumb Code    58  object.o(i.rt_object_detach)
    rt_object_get_information                0x0800b8a5   Thumb Code    36  object.o(i.rt_object_get_information)
    rt_object_init                           0x0800b8cd   Thumb Code    92  object.o(i.rt_object_init)
    rt_object_is_systemobject                0x0800b949   Thumb Code    34  object.o(i.rt_object_is_systemobject)
    rt_pin_mode                              0x0800b985   Thumb Code    38  pin.o(i.rt_pin_mode)
    rt_pin_read                              0x0800b9cd   Thumb Code    34  pin.o(i.rt_pin_read)
    rt_pin_write                             0x0800ba11   Thumb Code    38  pin.o(i.rt_pin_write)
    rt_schedule                              0x0800ba59   Thumb Code   154  scheduler.o(i.rt_schedule)
    rt_schedule_insert_thread                0x0800bb11   Thumb Code    82  scheduler.o(i.rt_schedule_insert_thread)
    rt_schedule_remove_thread                0x0800bb85   Thumb Code    94  scheduler.o(i.rt_schedule_remove_thread)
    rt_sem_init                              0x0800bc05   Thumb Code    50  ipc.o(i.rt_sem_init)
    rt_sem_release                           0x0800bc4d   Thumb Code    80  ipc.o(i.rt_sem_release)
    rt_sem_take                              0x0800bca1   Thumb Code   266  ipc.o(i.rt_sem_take)
    rt_set_errno                             0x0800c40d   Thumb Code    36  kservice.o(i.rt_set_errno)
    rt_show_version                          0x0800c435   Thumb Code    38  kservice.o(i.rt_show_version)
    rt_strlen                                0x0800c4e5   Thumb Code    18  kservice.o(i.rt_strlen)
    rt_strncmp                               0x0800c4f7   Thumb Code    40  kservice.o(i.rt_strncmp)
    rt_strncpy                               0x0800c51f   Thumb Code    52  kservice.o(i.rt_strncpy)
    rt_system_heap_init                      0x0800c555   Thumb Code   204  mem.o(i.rt_system_heap_init)
    rt_system_object_init                    0x0800c6a5   Thumb Code     2  object.o(i.rt_system_object_init)
    rt_system_scheduler_init                 0x0800c6a9   Thumb Code    56  scheduler.o(i.rt_system_scheduler_init)
    rt_system_scheduler_start                0x0800c6f9   Thumb Code    36  scheduler.o(i.rt_system_scheduler_start)
    rt_system_tick_init                      0x0800c729   Thumb Code     2  clock.o(i.rt_system_tick_init)
    rt_system_timer_init                     0x0800c72d   Thumb Code    24  timer.o(i.rt_system_timer_init)
    rt_system_timer_thread_init              0x0800c749   Thumb Code     2  timer.o(i.rt_system_timer_thread_init)
    rt_thread_create                         0x0800c74b   Thumb Code    80  thread.o(i.rt_thread_create)
    rt_thread_delay                          0x0800c79b   Thumb Code    12  thread.o(i.rt_thread_delay)
    rt_thread_exit                           0x0800c7a9   Thumb Code    76  thread.o(i.rt_thread_exit)
    rt_thread_idle_excute                    0x0800c815   Thumb Code   154  idle.o(i.rt_thread_idle_excute)
    rt_thread_idle_init                      0x0800c8e1   Thumb Code    38  idle.o(i.rt_thread_idle_init)
    rt_thread_init                           0x0800c91d   Thumb Code    74  thread.o(i.rt_thread_init)
    rt_thread_resume                         0x0800c999   Thumb Code   100  thread.o(i.rt_thread_resume)
    rt_thread_self                           0x0800ca19   Thumb Code     6  thread.o(i.rt_thread_self)
    rt_thread_sleep                          0x0800ca25   Thumb Code    76  thread.o(i.rt_thread_sleep)
    rt_thread_startup                        0x0800ca8d   Thumb Code    88  thread.o(i.rt_thread_startup)
    rt_thread_suspend                        0x0800cb35   Thumb Code    98  thread.o(i.rt_thread_suspend)
    rt_thread_timeout                        0x0800cbb5   Thumb Code    70  thread.o(i.rt_thread_timeout)
    rt_thread_yield                          0x0800cc51   Thumb Code    92  thread.o(i.rt_thread_yield)
    rt_tick_get                              0x0800ccb5   Thumb Code     6  clock.o(i.rt_tick_get)
    rt_tick_increase                         0x0800ccc1   Thumb Code    42  clock.o(i.rt_tick_increase)
    rt_timer_check                           0x0800ccf1   Thumb Code   148  timer.o(i.rt_timer_check)
    rt_timer_control                         0x0800cd8d   Thumb Code    76  timer.o(i.rt_timer_control)
    rt_timer_detach                          0x0800cdf1   Thumb Code    44  timer.o(i.rt_timer_detach)
    rt_timer_init                            0x0800ce35   Thumb Code    58  timer.o(i.rt_timer_init)
    rt_timer_start                           0x0800ce89   Thumb Code   292  timer.o(i.rt_timer_start)
    rt_timer_stop                            0x0800cff5   Thumb Code    80  timer.o(i.rt_timer_stop)
    rt_vsnprintf                             0x0800d061   Thumb Code   800  kservice.o(i.rt_vsnprintf)
    rtthread_startup                         0x0800d389   Thumb Code    52  startup.o(i.rtthread_startup)
    show_time                                0x0800d501   Thumb Code    66  stm32f4_rtc.o(i.show_time)
    stm32_hw_pin_init                        0x0800d7a5   Thumb Code    26  gpio.o(i.stm32_hw_pin_init)
    stm32_hw_usart_init                      0x0800d7c9   Thumb Code   148  usart.o(i.stm32_hw_usart_init)
    stm32_pin_attach_irq                     0x0800d895   Thumb Code   220  gpio.o(i.stm32_pin_attach_irq)
    stm32_pin_dettach_irq                    0x0800d975   Thumb Code   136  gpio.o(i.stm32_pin_dettach_irq)
    stm32_pin_irq_enable                     0x0800da01   Thumb Code   294  gpio.o(i.stm32_pin_irq_enable)
    stm32_pin_mode                           0x0800db2d   Thumb Code   154  gpio.o(i.stm32_pin_mode)
    stm32_pin_read                           0x0800dbd1   Thumb Code    48  gpio.o(i.stm32_pin_read)
    stm32_pin_write                          0x0800dc01   Thumb Code    52  gpio.o(i.stm32_pin_write)
    token_get_string                         0x0800dcbb   Thumb Code   120  finsh_token.o(i.token_get_string)
    version                                  0x0800e381   Thumb Code    10  cmd.o(i.version)
    _get_lc_ctype                            0x0800e38d   Thumb Code    44  lc_ctype_c.o(locale$$code)
    __aeabi_d2f                              0x0800e3b9   Thumb Code     0  d2f.o(x$fpl$d2f)
    _d2f                                     0x0800e3b9   Thumb Code    98  d2f.o(x$fpl$d2f)
    __aeabi_dadd                             0x0800e41d   Thumb Code     0  daddsub_clz.o(x$fpl$dadd)
    _dadd                                    0x0800e41d   Thumb Code   332  daddsub_clz.o(x$fpl$dadd)
    __aeabi_ui2d                             0x0800e56d   Thumb Code     0  dflt_clz.o(x$fpl$dfltu)
    _dfltu                                   0x0800e56d   Thumb Code    38  dflt_clz.o(x$fpl$dfltu)
    __aeabi_dmul                             0x0800e595   Thumb Code     0  dmul.o(x$fpl$dmul)
    _dmul                                    0x0800e595   Thumb Code   332  dmul.o(x$fpl$dmul)
    __fpl_dnaninf                            0x0800e6e9   Thumb Code   156  dnaninf.o(x$fpl$dnaninf)
    __fpl_dretinf                            0x0800e785   Thumb Code    12  dretinf.o(x$fpl$dretinf)
    __aeabi_dsub                             0x0800e791   Thumb Code     0  daddsub_clz.o(x$fpl$dsub)
    _dsub                                    0x0800e791   Thumb Code   464  daddsub_clz.o(x$fpl$dsub)
    _fp_init                                 0x0800e965   Thumb Code    10  fpinit.o(x$fpl$fpinit)
    __fplib_config_fpu_vfp                   0x0800e96d   Thumb Code     0  fpinit.o(x$fpl$fpinit)
    __fplib_config_pureend_doubles           0x0800e96d   Thumb Code     0  fpinit.o(x$fpl$fpinit)
    __fpl_fretinf                            0x0800e96f   Thumb Code    10  fretinf.o(x$fpl$fretinf)
    __I$use$fp                               0x0800e978   Number         0  usenofp.o(x$fpl$usenofp)
    asc2_1206                                0x0800f04c   Data        1140  rt_oled.o(.constdata)
    asc2_1608                                0x0800f4c0   Data        1520  rt_oled.o(.constdata)
    asc2_2412                                0x0800fab0   Data        3420  rt_oled.o(.constdata)
    F6x8                                     0x0801080c   Data         552  rt_oled.o(.constdata)
    F8X16                                    0x08010a34   Data        1520  rt_oled.o(.constdata)
    __lowest_bit_bitmap                      0x080112c8   Data         256  kservice.o(.constdata)
    op_table                                 0x0801187c   Data         196  finsh_ops.o(.constdata)
    __fsym_show_time_name                    0x08011d5e   Data          10  stm32f4_rtc.o(.rodata.name)
    __fsym_show_time_desc                    0x08011d68   Data          19  stm32f4_rtc.o(.rodata.name)
    __fsym_list_mem_name                     0x08011d7b   Data           9  mem.o(.rodata.name)
    __fsym_list_mem_desc                     0x08011d84   Data          30  mem.o(.rodata.name)
    __fsym_pinMode_name                      0x08011da2   Data           8  pin.o(.rodata.name)
    __fsym_pinMode_desc                      0x08011daa   Data          22  pin.o(.rodata.name)
    __fsym_pinWrite_name                     0x08011dc0   Data           9  pin.o(.rodata.name)
    __fsym_pinWrite_desc                     0x08011dc9   Data          28  pin.o(.rodata.name)
    __fsym_pinRead_name                      0x08011de5   Data           8  pin.o(.rodata.name)
    __fsym_pinRead_desc                      0x08011ded   Data          30  pin.o(.rodata.name)
    __fsym_hello_name                        0x08011e0b   Data           6  cmd.o(.rodata.name)
    __fsym_hello_desc                        0x08011e11   Data          16  cmd.o(.rodata.name)
    __fsym_version_name                      0x08011e21   Data           8  cmd.o(.rodata.name)
    __fsym_version_desc                      0x08011e29   Data          35  cmd.o(.rodata.name)
    __fsym_list_thread_name                  0x08011e4c   Data          12  cmd.o(.rodata.name)
    __fsym_list_thread_desc                  0x08011e58   Data          12  cmd.o(.rodata.name)
    __fsym_list_sem_name                     0x08011e64   Data           9  cmd.o(.rodata.name)
    __fsym_list_sem_desc                     0x08011e6d   Data          25  cmd.o(.rodata.name)
    __fsym_list_event_name                   0x08011e86   Data          11  cmd.o(.rodata.name)
    __fsym_list_event_desc                   0x08011e91   Data          21  cmd.o(.rodata.name)
    __fsym_list_mutex_name                   0x08011ea6   Data          11  cmd.o(.rodata.name)
    __fsym_list_mutex_desc                   0x08011eb1   Data          21  cmd.o(.rodata.name)
    __fsym_list_mailbox_name                 0x08011ec6   Data          13  cmd.o(.rodata.name)
    __fsym_list_mailbox_desc                 0x08011ed3   Data          24  cmd.o(.rodata.name)
    __fsym_list_msgqueue_name                0x08011eeb   Data          14  cmd.o(.rodata.name)
    __fsym_list_msgqueue_desc                0x08011ef9   Data          29  cmd.o(.rodata.name)
    __fsym_list_mempool_name                 0x08011f16   Data          13  cmd.o(.rodata.name)
    __fsym_list_mempool_desc                 0x08011f23   Data          27  cmd.o(.rodata.name)
    __fsym_list_timer_name                   0x08011f3e   Data          11  cmd.o(.rodata.name)
    __fsym_list_timer_desc                   0x08011f49   Data          21  cmd.o(.rodata.name)
    __fsym_list_device_name                  0x08011f5e   Data          12  cmd.o(.rodata.name)
    __fsym_list_device_desc                  0x08011f6a   Data          22  cmd.o(.rodata.name)
    __fsym_list_name                         0x08011f80   Data           5  cmd.o(.rodata.name)
    __fsym_list_desc                         0x08011f85   Data          26  cmd.o(.rodata.name)
    __vsym_dummy_name                        0x08011f9f   Data           6  cmd.o(.rodata.name)
    __vsym_dummy_desc                        0x08011fa5   Data          25  cmd.o(.rodata.name)
    FSymTab$$Base                            0x08011fc0   Number         0  stm32f4_rtc.o(FSymTab)
    __fsym_show_time                         0x08011fc0   Data          12  stm32f4_rtc.o(FSymTab)
    __fsym_list_mem                          0x08011fcc   Data          12  mem.o(FSymTab)
    __fsym_pinMode                           0x08011fd8   Data          12  pin.o(FSymTab)
    __fsym_pinWrite                          0x08011fe4   Data          12  pin.o(FSymTab)
    __fsym_pinRead                           0x08011ff0   Data          12  pin.o(FSymTab)
    __fsym_hello                             0x08011ffc   Data          12  cmd.o(FSymTab)
    __fsym_version                           0x08012008   Data          12  cmd.o(FSymTab)
    __fsym_list_thread                       0x08012014   Data          12  cmd.o(FSymTab)
    __fsym_list_sem                          0x08012020   Data          12  cmd.o(FSymTab)
    __fsym_list_event                        0x0801202c   Data          12  cmd.o(FSymTab)
    __fsym_list_mutex                        0x08012038   Data          12  cmd.o(FSymTab)
    __fsym_list_mailbox                      0x08012044   Data          12  cmd.o(FSymTab)
    __fsym_list_msgqueue                     0x08012050   Data          12  cmd.o(FSymTab)
    __fsym_list_mempool                      0x0801205c   Data          12  cmd.o(FSymTab)
    __fsym_list_timer                        0x08012068   Data          12  cmd.o(FSymTab)
    __fsym_list_device                       0x08012074   Data          12  cmd.o(FSymTab)
    __fsym_list                              0x08012080   Data          12  cmd.o(FSymTab)
    FSymTab$$Limit                           0x0801208c   Number         0  cmd.o(FSymTab)
    Region$$Table$$Base                      0x0801208c   Number         0  anon$$obj.o(Region$$Table)
    Region$$Table$$Limit                     0x080120ac   Number         0  anon$$obj.o(Region$$Table)
    VSymTab$$Base                            0x080120ac   Number         0  cmd.o(VSymTab)
    __vsym_dummy                             0x080120ac   Data          16  cmd.o(VSymTab)
    VSymTab$$Limit                           0x080120bc   Number         0  cmd.o(VSymTab)
    __ctype                                  0x080120c9   Data           0  lc_ctype_c.o(locale$$data)
    pin_irq_hdr_tab                          0x20000000   Data         192  gpio.o(.data)
    uart1                                    0x200000cc   Data          32  usart.o(.data)
    uart2                                    0x200000ec   Data          32  usart.o(.data)
    uart3                                    0x2000010c   Data          32  usart.o(.data)
    Hzk                                      0x20000130   Data         896  rt_oled.o(.data)
    t_key_code                               0x200004b2   Data           2  rt_key.o(.data)
    key_value_mb                             0x200004bc   Data           4  operation.o(.data)
    key_value                                0x200004c0   Data           4  operation.o(.data)
    key_flag                                 0x200004c4   Data           2  operation.o(.data)
    data                                     0x200004c7   Data           1  jy61.o(.data)
    ucStctime                                0x200004c8   Data           8  jy61.o(.data)
    ucStcAcc                                 0x200004d0   Data           8  jy61.o(.data)
    stcGyro                                  0x200004d8   Data           8  jy61.o(.data)
    stcAngle                                 0x200004e0   Data           8  jy61.o(.data)
    stcMag                                   0x200004e8   Data           8  jy61.o(.data)
    stcDStatus                               0x200004f0   Data           8  jy61.o(.data)
    stcPress                                 0x200004f8   Data           8  jy61.o(.data)
    stcLonLat                                0x20000500   Data           8  jy61.o(.data)
    stcGPSV                                  0x20000508   Data           8  jy61.o(.data)
    rt_interrupt_nest                        0x20000530   Data           1  irq.o(.data)
    rt_assert_hook                           0x2000053c   Data           4  kservice.o(.data)
    rt_object_trytake_hook                   0x200005f8   Data           4  object.o(.data)
    rt_object_take_hook                      0x200005fc   Data           4  object.o(.data)
    rt_object_put_hook                       0x20000600   Data           4  object.o(.data)
    rt_current_thread                        0x20000608   Data           4  scheduler.o(.data)
    rt_current_priority                      0x2000060c   Data           1  scheduler.o(.data)
    rt_thread_ready_priority_group           0x20000610   Data           4  scheduler.o(.data)
    rt_thread_defunct                        0x20000614   Data           8  scheduler.o(.data)
    rt_interrupt_from_thread                 0x2000063c   Data           4  cpuport.o(.data)
    rt_interrupt_to_thread                   0x20000640   Data           4  cpuport.o(.data)
    rt_thread_switch_interrupt_flag          0x20000644   Data           4  cpuport.o(.data)
    finsh_compile_sp                         0x20000650   Data           4  finsh_compiler.o(.data)
    finsh_compile_pc                         0x20000654   Data           4  finsh_compiler.o(.data)
    global_errno                             0x20000658   Data           1  finsh_error.o(.data)
    global_sysvar_list                       0x200006a0   Data           4  finsh_var.o(.data)
    finsh_sp                                 0x200006a4   Data           4  finsh_vm.o(.data)
    finsh_pc                                 0x200006a8   Data           4  finsh_vm.o(.data)
    global_syscall_list                      0x200006ac   Data           4  finsh_vm.o(.data)
    shell                                    0x200006b0   Data           4  shell.o(.data)
    _syscall_table_begin                     0x200006b4   Data           4  symbol.o(.data)
    _syscall_table_end                       0x200006b8   Data           4  symbol.o(.data)
    _sysvar_table_begin                      0x200006bc   Data           4  symbol.o(.data)
    _sysvar_table_end                        0x200006c0   Data           4  symbol.o(.data)
    serial1                                  0x200006c4   Data          84  usart.o(.bss)
    serial2                                  0x20000718   Data          84  usart.o(.bss)
    serial3                                  0x2000076c   Data          84  usart.o(.bss)
    oled                                     0x200007c0   Data          28  rt_oled.o(.bss)
    key_thread                               0x200007dc   Data         128  operation.o(.bss)
    opreation_thread                         0x2000085c   Data         128  operation.o(.bss)
    rt_thread_priority_table                 0x20003b78   Data         256  scheduler.o(.bss)
    finsh_heap                               0x20003cbc   Data         128  finsh_heap.o(.bss)
    global_node_table                        0x20003d3c   Data         320  finsh_node.o(.bss)
    global_variable                          0x20003e7c   Data         192  finsh_var.o(.bss)
    finsh_vm_stack                           0x20003f3c   Data         256  finsh_vm.o(.bss)
    text_segment                             0x2000403c   Data         128  finsh_vm.o(.bss)
    __libspace_start                         0x2000493c   Data          96  libspace.o(.bss)
    __temporary_stack_top$libspace           0x2000499c   Data           0  libspace.o(.bss)
    Image$$RW_IRAM1$$ZI$$Limit               0x20004fa0   Number         0  anon$$obj.o ABSOLUTE



==============================================================================

Memory Map of the image

  Image Entry point : 0x08000189

  Load Region LR_IROM1 (Base: 0x08000000, Size: 0x00012890, Max: 0x00100000, ABSOLUTE, COMPRESSED[0x000123f8])

    Execution Region ER_IROM1 (Exec base: 0x08000000, Load base: 0x08000000, Size: 0x000121cc, Max: 0x00100000, ABSOLUTE)

    Exec Addr    Load Addr    Size         Type   Attr      Idx    E Section Name        Object

    0x08000000   0x08000000   0x00000188   Data   RO         5379    RESET               startup_stm32f4xx.o
    0x08000188   0x08000188   0x00000008   Code   RO         8456  * !!!main             c_w.l(__main.o)
    0x08000190   0x08000190   0x00000034   Code   RO         8852    !!!scatter          c_w.l(__scatter.o)
    0x080001c4   0x080001c4   0x0000005a   Code   RO         8850    !!dczerorl2         c_w.l(__dczerorl2.o)
    0x0800021e   0x0800021e   0x00000002   PAD
    0x08000220   0x08000220   0x0000001c   Code   RO         8854    !!handler_zi        c_w.l(__scatter_zi.o)
    0x0800023c   0x0800023c   0x00000002   Code   RO         8651    .ARM.Collect$$libinit$$00000000  c_w.l(libinit.o)
    0x0800023e   0x0800023e   0x00000004   Code   RO         8652    .ARM.Collect$$libinit$$00000001  c_w.l(libinit2.o)
    0x08000242   0x08000242   0x00000000   Code   RO         8655    .ARM.Collect$$libinit$$00000004  c_w.l(libinit2.o)
    0x08000242   0x08000242   0x00000000   Code   RO         8658    .ARM.Collect$$libinit$$0000000A  c_w.l(libinit2.o)
    0x08000242   0x08000242   0x00000000   Code   RO         8660    .ARM.Collect$$libinit$$0000000C  c_w.l(libinit2.o)
    0x08000242   0x08000242   0x00000000   Code   RO         8662    .ARM.Collect$$libinit$$0000000E  c_w.l(libinit2.o)
    0x08000242   0x08000242   0x00000006   Code   RO         8663    .ARM.Collect$$libinit$$0000000F  c_w.l(libinit2.o)
    0x08000248   0x08000248   0x00000000   Code   RO         8665    .ARM.Collect$$libinit$$00000011  c_w.l(libinit2.o)
    0x08000248   0x08000248   0x0000000c   Code   RO         8666    .ARM.Collect$$libinit$$00000012  c_w.l(libinit2.o)
    0x08000254   0x08000254   0x00000000   Code   RO         8667    .ARM.Collect$$libinit$$00000013  c_w.l(libinit2.o)
    0x08000254   0x08000254   0x00000000   Code   RO         8669    .ARM.Collect$$libinit$$00000015  c_w.l(libinit2.o)
    0x08000254   0x08000254   0x00000000   Code   RO         8671    .ARM.Collect$$libinit$$00000017  c_w.l(libinit2.o)
    0x08000254   0x08000254   0x00000000   Code   RO         8673    .ARM.Collect$$libinit$$00000019  c_w.l(libinit2.o)
    0x08000254   0x08000254   0x00000000   Code   RO         8675    .ARM.Collect$$libinit$$0000001B  c_w.l(libinit2.o)
    0x08000254   0x08000254   0x00000000   Code   RO         8677    .ARM.Collect$$libinit$$0000001D  c_w.l(libinit2.o)
    0x08000254   0x08000254   0x00000000   Code   RO         8679    .ARM.Collect$$libinit$$0000001F  c_w.l(libinit2.o)
    0x08000254   0x08000254   0x00000000   Code   RO         8681    .ARM.Collect$$libinit$$00000021  c_w.l(libinit2.o)
    0x08000254   0x08000254   0x00000000   Code   RO         8683    .ARM.Collect$$libinit$$00000023  c_w.l(libinit2.o)
    0x08000254   0x08000254   0x00000000   Code   RO         8685    .ARM.Collect$$libinit$$00000025  c_w.l(libinit2.o)
    0x08000254   0x08000254   0x00000000   Code   RO         8689    .ARM.Collect$$libinit$$0000002C  c_w.l(libinit2.o)
    0x08000254   0x08000254   0x00000000   Code   RO         8691    .ARM.Collect$$libinit$$0000002E  c_w.l(libinit2.o)
    0x08000254   0x08000254   0x00000000   Code   RO         8693    .ARM.Collect$$libinit$$00000030  c_w.l(libinit2.o)
    0x08000254   0x08000254   0x00000000   Code   RO         8695    .ARM.Collect$$libinit$$00000032  c_w.l(libinit2.o)
    0x08000254   0x08000254   0x00000002   Code   RO         8696    .ARM.Collect$$libinit$$00000033  c_w.l(libinit2.o)
    0x08000256   0x08000256   0x00000002   Code   RO         8829    .ARM.Collect$$libshutdown$$00000000  c_w.l(libshutdown.o)
    0x08000258   0x08000258   0x00000000   Code   RO         8698    .ARM.Collect$$libshutdown$$00000002  c_w.l(libshutdown2.o)
    0x08000258   0x08000258   0x00000000   Code   RO         8700    .ARM.Collect$$libshutdown$$00000004  c_w.l(libshutdown2.o)
    0x08000258   0x08000258   0x00000000   Code   RO         8703    .ARM.Collect$$libshutdown$$00000007  c_w.l(libshutdown2.o)
    0x08000258   0x08000258   0x00000000   Code   RO         8706    .ARM.Collect$$libshutdown$$0000000A  c_w.l(libshutdown2.o)
    0x08000258   0x08000258   0x00000000   Code   RO         8708    .ARM.Collect$$libshutdown$$0000000C  c_w.l(libshutdown2.o)
    0x08000258   0x08000258   0x00000000   Code   RO         8711    .ARM.Collect$$libshutdown$$0000000F  c_w.l(libshutdown2.o)
    0x08000258   0x08000258   0x00000002   Code   RO         8712    .ARM.Collect$$libshutdown$$00000010  c_w.l(libshutdown2.o)
    0x0800025a   0x0800025a   0x00000000   Code   RO         8484    .ARM.Collect$$rtentry$$00000000  c_w.l(__rtentry.o)
    0x0800025a   0x0800025a   0x00000000   Code   RO         8516    .ARM.Collect$$rtentry$$00000002  c_w.l(__rtentry2.o)
    0x0800025a   0x0800025a   0x00000006   Code   RO         8528    .ARM.Collect$$rtentry$$00000004  c_w.l(__rtentry4.o)
    0x08000260   0x08000260   0x00000000   Code   RO         8518    .ARM.Collect$$rtentry$$00000009  c_w.l(__rtentry2.o)
    0x08000260   0x08000260   0x00000004   Code   RO         8519    .ARM.Collect$$rtentry$$0000000A  c_w.l(__rtentry2.o)
    0x08000264   0x08000264   0x00000000   Code   RO         8521    .ARM.Collect$$rtentry$$0000000C  c_w.l(__rtentry2.o)
    0x08000264   0x08000264   0x00000008   Code   RO         8522    .ARM.Collect$$rtentry$$0000000D  c_w.l(__rtentry2.o)
    0x0800026c   0x0800026c   0x00000002   Code   RO         8718    .ARM.Collect$$rtexit$$00000000  c_w.l(rtexit.o)
    0x0800026e   0x0800026e   0x00000000   Code   RO         8772    .ARM.Collect$$rtexit$$00000002  c_w.l(rtexit2.o)
    0x0800026e   0x0800026e   0x00000004   Code   RO         8773    .ARM.Collect$$rtexit$$00000003  c_w.l(rtexit2.o)
    0x08000272   0x08000272   0x00000006   Code   RO         8774    .ARM.Collect$$rtexit$$00000004  c_w.l(rtexit2.o)
    0x08000278   0x08000278   0x00000040   Code   RO         5380    .text               startup_stm32f4xx.o
    0x080002b8   0x080002b8   0x00000110   Code   RO         6774    .text               context_rvds.o
    0x080003c8   0x080003c8   0x0000001a   Code   RO         8429    .text               c_w.l(atoi.o)
    0x080003e2   0x080003e2   0x00000058   Code   RO         8431    .text               c_w.l(memcmp.o)
    0x0800043a   0x0800043a   0x0000003e   Code   RO         8433    .text               c_w.l(strlen.o)
    0x08000478   0x08000478   0x00000096   Code   RO         8435    .text               c_w.l(strncmp.o)
    0x0800050e   0x0800050e   0x0000008a   Code   RO         8437    .text               c_w.l(rt_memcpy_v6.o)
    0x08000598   0x08000598   0x00000064   Code   RO         8439    .text               c_w.l(rt_memcpy_w.o)
    0x080005fc   0x080005fc   0x00000044   Code   RO         8441    .text               c_w.l(rt_memclr.o)
    0x08000640   0x08000640   0x0000004e   Code   RO         8443    .text               c_w.l(rt_memclr_w.o)
    0x0800068e   0x0800068e   0x00000056   Code   RO         8445    .text               c_w.l(strncpy.o)
    0x080006e4   0x080006e4   0x00000080   Code   RO         8447    .text               c_w.l(strcmpv7m.o)
    0x08000764   0x08000764   0x00000006   Code   RO         8454    .text               c_w.l(heapauxi.o)
    0x0800076a   0x0800076a   0x00000002   PAD
    0x0800076c   0x0800076c   0x00000008   Code   RO         8488    .text               c_w.l(rt_errno_addr_intlibspace.o)
    0x08000774   0x08000774   0x00000070   Code   RO         8492    .text               c_w.l(strtol.o)
    0x080007e4   0x080007e4   0x00000008   Code   RO         8512    .text               c_w.l(libspace.o)
    0x080007ec   0x080007ec   0x00000010   Code   RO         8530    .text               c_w.l(rt_ctype_table.o)
    0x080007fc   0x080007fc   0x0000009e   Code   RO         8534    .text               c_w.l(_strtoul.o)
    0x0800089a   0x0800089a   0x0000004a   Code   RO         8557    .text               c_w.l(sys_stackheap_outer.o)
    0x080008e4   0x080008e4   0x00000008   Code   RO         8562    .text               c_w.l(rt_locale_intlibspace.o)
    0x080008ec   0x080008ec   0x0000001c   Code   RO         8622    .text               c_w.l(_chval.o)
    0x08000908   0x08000908   0x00000012   Code   RO         8640    .text               c_w.l(exit.o)
    0x0800091a   0x0800091a   0x00000002   Code   RO         8715    .text               c_w.l(use_no_semi.o)
    0x0800091c   0x0800091c   0x00000000   Code   RO         8717    .text               c_w.l(indicate_semi.o)
    0x0800091c   0x0800091c   0x0000000c   Code   RO         8769    .text               c_w.l(sys_exit.o)
    0x08000928   0x08000928   0x00000004   Code   RO          454    i.BusFault_Handler  stm32f4xx_it.o
    0x0800092c   0x0800092c   0x0000022c   Code   RO         1433    i.CopeSerial2Data   jy61.o
    0x08000b58   0x08000b58   0x00000018   Code   RO          611    i.DMA1_Stream1_IRQHandler  usart.o
    0x08000b70   0x08000b70   0x00000018   Code   RO          612    i.DMA1_Stream5_IRQHandler  usart.o
    0x08000b88   0x08000b88   0x00000018   Code   RO          613    i.DMA2_Stream5_IRQHandler  usart.o
    0x08000ba0   0x08000ba0   0x00000128   Code   RO         2416    i.DMA_ClearFlag     stm32f4xx_dma.o
    0x08000cc8   0x08000cc8   0x00000100   Code   RO         2418    i.DMA_Cmd           stm32f4xx_dma.o
    0x08000dc8   0x08000dc8   0x00000074   Code   RO          614    i.DMA_Configuration  usart.o
    0x08000e3c   0x08000e3c   0x00000224   Code   RO         2419    i.DMA_DeInit        stm32f4xx_dma.o
    0x08001060   0x08001060   0x000000e8   Code   RO         2423    i.DMA_GetCmdStatus  stm32f4xx_dma.o
    0x08001148   0x08001148   0x000000dc   Code   RO         2424    i.DMA_GetCurrDataCounter  stm32f4xx_dma.o
    0x08001224   0x08001224   0x0000026c   Code   RO         2427    i.DMA_GetFlagStatus  stm32f4xx_dma.o
    0x08001490   0x08001490   0x00000138   Code   RO         2429    i.DMA_ITConfig      stm32f4xx_dma.o
    0x080015c8   0x080015c8   0x000002e0   Code   RO         2430    i.DMA_Init          stm32f4xx_dma.o
    0x080018a8   0x080018a8   0x00000012   Code   RO          260    i.EXTI0_IRQHandler  gpio.o
    0x080018ba   0x080018ba   0x0000006c   Code   RO          261    i.EXTI15_10_IRQHandler  gpio.o
    0x08001926   0x08001926   0x00000012   Code   RO          262    i.EXTI1_IRQHandler  gpio.o
    0x08001938   0x08001938   0x00000012   Code   RO          263    i.EXTI2_IRQHandler  gpio.o
    0x0800194a   0x0800194a   0x00000012   Code   RO          264    i.EXTI3_IRQHandler  gpio.o
    0x0800195c   0x0800195c   0x00000012   Code   RO          265    i.EXTI4_IRQHandler  gpio.o
    0x0800196e   0x0800196e   0x00000056   Code   RO          266    i.EXTI9_5_IRQHandler  gpio.o
    0x080019c4   0x080019c4   0x00000064   Code   RO         2541    i.EXTI_ClearITPendingBit  stm32f4xx_exti.o
    0x08001a28   0x08001a28   0x000000f0   Code   RO         2545    i.EXTI_GetITStatus  stm32f4xx_exti.o
    0x08001b18   0x08001b18   0x00000130   Code   RO         2546    i.EXTI_Init         stm32f4xx_exti.o
    0x08001c48   0x08001c48   0x00000088   Code   RO          615    i.GPIO_Configuration  usart.o
    0x08001cd0   0x08001cd0   0x000001bc   Code   RO         2913    i.GPIO_Init         stm32f4xx_gpio.o
    0x08001e8c   0x08001e8c   0x000001b8   Code   RO         2914    i.GPIO_PinAFConfig  stm32f4xx_gpio.o
    0x08002044   0x08002044   0x000000b0   Code   RO         2916    i.GPIO_ReadInputData  stm32f4xx_gpio.o
    0x080020f4   0x080020f4   0x0000011c   Code   RO         2917    i.GPIO_ReadInputDataBit  stm32f4xx_gpio.o
    0x08002210   0x08002210   0x000000c4   Code   RO         2920    i.GPIO_ResetBits    stm32f4xx_gpio.o
    0x080022d4   0x080022d4   0x000000c4   Code   RO         2921    i.GPIO_SetBits      stm32f4xx_gpio.o
    0x08002398   0x08002398   0x0000004c   Code   RO          843    i.IIC_Init          rt_oled.o
    0x080023e4   0x080023e4   0x00000050   Code   RO          846    i.IIC_Send_Byte     rt_oled.o
    0x08002434   0x08002434   0x00000038   Code   RO          847    i.IIC_Start         rt_oled.o
    0x0800246c   0x0800246c   0x00000034   Code   RO          848    i.IIC_Stop          rt_oled.o
    0x080024a0   0x080024a0   0x0000004c   Code   RO          849    i.IIC_Wait_Ack      rt_oled.o
    0x080024ec   0x080024ec   0x00000038   Code   RO          726    i.LED_init          rt_led.o
    0x08002524   0x08002524   0x00000004   Code   RO          455    i.MemManage_Handler  stm32f4xx_it.o
    0x08002528   0x08002528   0x00000002   Code   RO          456    i.NMI_Handler       stm32f4xx_it.o
    0x0800252a   0x0800252a   0x00000016   Code   RO          207    i.NVIC_Configuration  board.o
    0x08002540   0x08002540   0x00000022   Code   RO          616    i.NVIC_Configuration  usart.o
    0x08002562   0x08002562   0x00000002   PAD
    0x08002564   0x08002564   0x000000e4   Code   RO         1497    i.NVIC_Init         misc.o
    0x08002648   0x08002648   0x00000074   Code   RO         1498    i.NVIC_PriorityGroupConfig  misc.o
    0x080026bc   0x080026bc   0x0000007c   Code   RO         1499    i.NVIC_SetVectorTable  misc.o
    0x08002738   0x08002738   0x0000003e   Code   RO          850    i.OLED_Clear        rt_oled.o
    0x08002776   0x08002776   0x00000028   Code   RO          855    i.OLED_Set_Pos      rt_oled.o
    0x0800279e   0x0800279e   0x00000002   PAD
    0x080027a0   0x080027a0   0x00000068   Code   RO          856    i.OLED_ShowCHinese  rt_oled.o
    0x08002808   0x08002808   0x000000a4   Code   RO          857    i.OLED_ShowChar     rt_oled.o
    0x080028ac   0x080028ac   0x00000088   Code   RO          858    i.OLED_ShowNum      rt_oled.o
    0x08002934   0x08002934   0x0000003a   Code   RO          859    i.OLED_ShowString   rt_oled.o
    0x0800296e   0x0800296e   0x00000018   Code   RO          860    i.OLED_WR_Byte      rt_oled.o
    0x08002986   0x08002986   0x00000002   PAD
    0x08002988   0x08002988   0x00000030   Code   RO         7716    i.OP_add_byte       finsh_ops.o
    0x080029b8   0x080029b8   0x00000030   Code   RO         7717    i.OP_add_dword      finsh_ops.o
    0x080029e8   0x080029e8   0x00000030   Code   RO         7718    i.OP_add_word       finsh_ops.o
    0x08002a18   0x08002a18   0x00000030   Code   RO         7719    i.OP_and_byte       finsh_ops.o
    0x08002a48   0x08002a48   0x00000030   Code   RO         7720    i.OP_and_dword      finsh_ops.o
    0x08002a78   0x08002a78   0x00000030   Code   RO         7721    i.OP_and_word       finsh_ops.o
    0x08002aa8   0x08002aa8   0x00000018   Code   RO         7722    i.OP_bw_byte        finsh_ops.o
    0x08002ac0   0x08002ac0   0x00000018   Code   RO         7723    i.OP_bw_dword       finsh_ops.o
    0x08002ad8   0x08002ad8   0x00000018   Code   RO         7724    i.OP_bw_word        finsh_ops.o
    0x08002af0   0x08002af0   0x0000038c   Code   RO         7725    i.OP_call           finsh_ops.o
    0x08002e7c   0x08002e7c   0x00000030   Code   RO         7726    i.OP_div_byte       finsh_ops.o
    0x08002eac   0x08002eac   0x00000030   Code   RO         7727    i.OP_div_dword      finsh_ops.o
    0x08002edc   0x08002edc   0x00000034   Code   RO         7728    i.OP_div_word       finsh_ops.o
    0x08002f10   0x08002f10   0x0000002c   Code   RO         7729    i.OP_ld_byte        finsh_ops.o
    0x08002f3c   0x08002f3c   0x00000048   Code   RO         7730    i.OP_ld_dword       finsh_ops.o
    0x08002f84   0x08002f84   0x0000004c   Code   RO         7731    i.OP_ld_value_byte  finsh_ops.o
    0x08002fd0   0x08002fd0   0x00000018   Code   RO         7732    i.OP_ld_value_byte_stack  finsh_ops.o
    0x08002fe8   0x08002fe8   0x0000004c   Code   RO         7733    i.OP_ld_value_dword  finsh_ops.o
    0x08003034   0x08003034   0x00000018   Code   RO         7734    i.OP_ld_value_dword_stack  finsh_ops.o
    0x0800304c   0x0800304c   0x0000004c   Code   RO         7735    i.OP_ld_value_word  finsh_ops.o
    0x08003098   0x08003098   0x00000018   Code   RO         7736    i.OP_ld_value_word_stack  finsh_ops.o
    0x080030b0   0x080030b0   0x00000038   Code   RO         7737    i.OP_ld_word        finsh_ops.o
    0x080030e8   0x080030e8   0x00000034   Code   RO         7738    i.OP_mod_byte       finsh_ops.o
    0x0800311c   0x0800311c   0x00000034   Code   RO         7739    i.OP_mod_dword      finsh_ops.o
    0x08003150   0x08003150   0x00000034   Code   RO         7740    i.OP_mod_word       finsh_ops.o
    0x08003184   0x08003184   0x00000030   Code   RO         7741    i.OP_mul_byte       finsh_ops.o
    0x080031b4   0x080031b4   0x00000030   Code   RO         7742    i.OP_mul_dword      finsh_ops.o
    0x080031e4   0x080031e4   0x00000034   Code   RO         7743    i.OP_mul_word       finsh_ops.o
    0x08003218   0x08003218   0x00000002   Code   RO         7744    i.OP_no_op          finsh_ops.o
    0x0800321a   0x0800321a   0x00000002   PAD
    0x0800321c   0x0800321c   0x00000030   Code   RO         7745    i.OP_or_byte        finsh_ops.o
    0x0800324c   0x0800324c   0x00000030   Code   RO         7746    i.OP_or_dword       finsh_ops.o
    0x0800327c   0x0800327c   0x00000030   Code   RO         7747    i.OP_or_word        finsh_ops.o
    0x080032ac   0x080032ac   0x00000010   Code   RO         7748    i.OP_pop            finsh_ops.o
    0x080032bc   0x080032bc   0x00000030   Code   RO         7749    i.OP_shl_byte       finsh_ops.o
    0x080032ec   0x080032ec   0x00000030   Code   RO         7750    i.OP_shl_dword      finsh_ops.o
    0x0800331c   0x0800331c   0x00000030   Code   RO         7751    i.OP_shl_word       finsh_ops.o
    0x0800334c   0x0800334c   0x00000030   Code   RO         7752    i.OP_shr_byte       finsh_ops.o
    0x0800337c   0x0800337c   0x00000030   Code   RO         7753    i.OP_shr_dword      finsh_ops.o
    0x080033ac   0x080033ac   0x00000030   Code   RO         7754    i.OP_shr_word       finsh_ops.o
    0x080033dc   0x080033dc   0x00000024   Code   RO         7755    i.OP_st_byte        finsh_ops.o
    0x08003400   0x08003400   0x00000024   Code   RO         7756    i.OP_st_dword       finsh_ops.o
    0x08003424   0x08003424   0x00000024   Code   RO         7757    i.OP_st_word        finsh_ops.o
    0x08003448   0x08003448   0x00000030   Code   RO         7758    i.OP_sub_byte       finsh_ops.o
    0x08003478   0x08003478   0x00000030   Code   RO         7759    i.OP_sub_dword      finsh_ops.o
    0x080034a8   0x080034a8   0x00000030   Code   RO         7760    i.OP_sub_word       finsh_ops.o
    0x080034d8   0x080034d8   0x00000030   Code   RO         7761    i.OP_xor_byte       finsh_ops.o
    0x08003508   0x08003508   0x00000030   Code   RO         7762    i.OP_xor_dword      finsh_ops.o
    0x08003538   0x08003538   0x00000030   Code   RO         7763    i.OP_xor_word       finsh_ops.o
    0x08003568   0x08003568   0x000000ba   Code   RO          745    i.PEC_Calculation   mlx906.o
    0x08003622   0x08003622   0x00000002   PAD
    0x08003624   0x08003624   0x00000090   Code   RO         3498    i.RCC_AHB1PeriphClockCmd  stm32f4xx_rcc.o
    0x080036b4   0x080036b4   0x00000090   Code   RO         3507    i.RCC_APB1PeriphClockCmd  stm32f4xx_rcc.o
    0x08003744   0x08003744   0x00000090   Code   RO         3510    i.RCC_APB2PeriphClockCmd  stm32f4xx_rcc.o
    0x080037d4   0x080037d4   0x00000034   Code   RO          617    i.RCC_Configuration  usart.o
    0x08003808   0x08003808   0x000000e8   Code   RO         3519    i.RCC_GetClocksFreq  stm32f4xx_rcc.o
    0x080038f0   0x080038f0   0x00000016   Code   RO         3835    i.RTC_Bcd2ToByte    stm32f4xx_rtc.o
    0x08003906   0x08003906   0x00000002   PAD
    0x08003908   0x08003908   0x000000a0   Code   RO         3851    i.RTC_GetDate       stm32f4xx_rtc.o
    0x080039a8   0x080039a8   0x000000a4   Code   RO         3856    i.RTC_GetTime       stm32f4xx_rtc.o
    0x08003a4c   0x08003a4c   0x00000028   Code   RO          861    i.SDA_IN            rt_oled.o
    0x08003a74   0x08003a74   0x0000002c   Code   RO          862    i.SDA_OUT           rt_oled.o
    0x08003aa0   0x08003aa0   0x000000a6   Code   RO          747    i.SMBus_ReadMemory  mlx906.o
    0x08003b46   0x08003b46   0x00000002   PAD
    0x08003b48   0x08003b48   0x00000070   Code   RO          748    i.SMBus_ReadTemp    mlx906.o
    0x08003bb8   0x08003bb8   0x00000048   Code   RO          749    i.SMBus_ReceiveBit  mlx906.o
    0x08003c00   0x08003c00   0x00000032   Code   RO          750    i.SMBus_ReceiveByte  mlx906.o
    0x08003c32   0x08003c32   0x00000002   PAD
    0x08003c34   0x08003c34   0x00000048   Code   RO          751    i.SMBus_SendBit     mlx906.o
    0x08003c7c   0x08003c7c   0x00000034   Code   RO          752    i.SMBus_SendByte    mlx906.o
    0x08003cb0   0x08003cb0   0x00000048   Code   RO          753    i.SMBus_StartBit    mlx906.o
    0x08003cf8   0x08003cf8   0x00000048   Code   RO          754    i.SMBus_StopBit     mlx906.o
    0x08003d40   0x08003d40   0x00000002   Code   RO          457    i.SVC_Handler       stm32f4xx_it.o
    0x08003d42   0x08003d42   0x00000002   PAD
    0x08003d44   0x08003d44   0x000000f8   Code   RO         4535    i.SYSCFG_EXTILineConfig  stm32f4xx_syscfg.o
    0x08003e3c   0x08003e3c   0x000000ec   Code   RO         5385    i.SetSysClock       system_stm32f4xx.o
    0x08003f28   0x08003f28   0x00000074   Code   RO         1501    i.SysTick_CLKSourceConfig  misc.o
    0x08003f9c   0x08003f9c   0x0000006c   Code   RO          208    i.SysTick_Configuration  board.o
    0x08004008   0x08004008   0x00000010   Code   RO          209    i.SysTick_Handler   board.o
    0x08004018   0x08004018   0x00000068   Code   RO         5387    i.SystemInit        system_stm32f4xx.o
    0x08004080   0x08004080   0x00000018   Code   RO          618    i.USART1_IRQHandler  usart.o
    0x08004098   0x08004098   0x00000018   Code   RO          619    i.USART2_IRQHandler  usart.o
    0x080040b0   0x080040b0   0x00000054   Code   RO         1434    i.USART3_IRQHandler  jy61.o
    0x08004104   0x08004104   0x000000fc   Code   RO         5137    i.USART_ClearITPendingBit  stm32f4xx_usart.o
    0x08004200   0x08004200   0x000000b8   Code   RO         5140    i.USART_Cmd         stm32f4xx_usart.o
    0x080042b8   0x080042b8   0x000000cc   Code   RO         5141    i.USART_DMACmd      stm32f4xx_usart.o
    0x08004384   0x08004384   0x00000104   Code   RO         5143    i.USART_GetFlagStatus  stm32f4xx_usart.o
    0x08004488   0x08004488   0x00000170   Code   RO         5144    i.USART_GetITStatus  stm32f4xx_usart.o
    0x080045f8   0x080045f8   0x0000015c   Code   RO         5146    i.USART_ITConfig    stm32f4xx_usart.o
    0x08004754   0x08004754   0x00000224   Code   RO         5147    i.USART_Init        stm32f4xx_usart.o
    0x08004978   0x08004978   0x00000094   Code   RO         5154    i.USART_ReceiveData  stm32f4xx_usart.o
    0x08004a0c   0x08004a0c   0x00000004   Code   RO          458    i.UsageFault_Handler  stm32f4xx_it.o
    0x08004a10   0x08004a10   0x0000002c   Code   RO          863    i.Write_IIC_Command  rt_oled.o
    0x08004a3c   0x08004a3c   0x0000002c   Code   RO          864    i.Write_IIC_Data    rt_oled.o
    0x08004a68   0x08004a68   0x0000004c   Code   RO         5913    i.__rt_ffs          kservice.o
    0x08004ab4   0x08004ab4   0x00000014   Code   RO         5552    i._has_defunct_thread  idle.o
    0x08004ac8   0x08004ac8   0x000000e8   Code   RO         7314    i._list_device      cmd.o
    0x08004bb0   0x08004bb0   0x000000f8   Code   RO         7315    i._list_event       cmd.o
    0x08004ca8   0x08004ca8   0x00000120   Code   RO         7316    i._list_mailbox     cmd.o
    0x08004dc8   0x08004dc8   0x00000114   Code   RO         7317    i._list_mempool     cmd.o
    0x08004edc   0x08004edc   0x00000108   Code   RO         7318    i._list_msgqueue    cmd.o
    0x08004fe4   0x08004fe4   0x000000c0   Code   RO         7319    i._list_mutex       cmd.o
    0x080050a4   0x080050a4   0x000000f0   Code   RO         7320    i._list_sem         cmd.o
    0x08005194   0x08005194   0x0000016c   Code   RO         7321    i._list_thread      cmd.o
    0x08005300   0x08005300   0x00000110   Code   RO         7322    i._list_timer       cmd.o
    0x08005410   0x08005410   0x00000048   Code   RO         7245    i._pin_control      pin.o
    0x08005458   0x08005458   0x00000054   Code   RO         7246    i._pin_read         pin.o
    0x080054ac   0x080054ac   0x00000054   Code   RO         7247    i._pin_write        pin.o
    0x08005500   0x08005500   0x000000c8   Code   RO         6373    i._rt_scheduler_stack_check  scheduler.o
    0x080055c8   0x080055c8   0x000000d0   Code   RO         6474    i._rt_thread_init   thread.o
    0x08005698   0x08005698   0x00000042   Code   RO         6625    i._rt_timer_init    timer.o
    0x080056da   0x080056da   0x0000002e   Code   RO         6626    i._rt_timer_remove  timer.o
    0x08005708   0x08005708   0x00000194   Code   RO         6812    i._serial_dma_rx    serial.o
    0x0800589c   0x0800589c   0x0000005c   Code   RO         6813    i._serial_dma_tx    serial.o
    0x080058f8   0x080058f8   0x00000064   Code   RO         6814    i._serial_fifo_calc_recved_len  serial.o
    0x0800595c   0x0800595c   0x000000b8   Code   RO         6815    i._serial_int_rx    serial.o
    0x08005a14   0x08005a14   0x00000070   Code   RO         6816    i._serial_int_tx    serial.o
    0x08005a84   0x08005a84   0x0000005c   Code   RO         6817    i._serial_poll_rx   serial.o
    0x08005ae0   0x08005ae0   0x00000054   Code   RO         6818    i._serial_poll_tx   serial.o
    0x08005b34   0x08005b34   0x00000070   Code   RO         1365    i.assert_failed     startup.o
    0x08005ba4   0x08005ba4   0x0000001e   Code   RO          267    i.bit2bitno         gpio.o
    0x08005bc2   0x08005bc2   0x00000002   PAD
    0x08005bc4   0x08005bc4   0x0000003c   Code   RO          494    i.delay_init        delay.o
    0x08005c00   0x08005c00   0x00000038   Code   RO          495    i.delay_ms          delay.o
    0x08005c38   0x08005c38   0x0000004c   Code   RO          496    i.delay_us          delay.o
    0x08005c84   0x08005c84   0x0000004c   Code   RO          497    i.delay_xms         delay.o
    0x08005cd0   0x08005cd0   0x000000b8   Code   RO         1404    i.detect            operation.o
    0x08005d88   0x08005d88   0x00000042   Code   RO          620    i.dma_rx_done_isr   usart.o
    0x08005dca   0x08005dca   0x00000068   Code   RO          621    i.dma_uart_config   usart.o
    0x08005e32   0x08005e32   0x0000003c   Code   RO          622    i.dma_uart_rx_idle_isr  usart.o
    0x08005e6e   0x08005e6e   0x0000003e   Code   RO         7570    i.finsh_block_insert  finsh_heap.o
    0x08005eac   0x08005eac   0x0000007c   Code   RO         7571    i.finsh_block_merge  finsh_heap.o
    0x08005f28   0x08005f28   0x0000002e   Code   RO         7572    i.finsh_block_remove  finsh_heap.o
    0x08005f56   0x08005f56   0x00000018   Code   RO         7573    i.finsh_block_split  finsh_heap.o
    0x08005f6e   0x08005f6e   0x00000002   PAD
    0x08005f70   0x08005f70   0x00001654   Code   RO         7489    i.finsh_compile     finsh_compiler.o
    0x080075c4   0x080075c4   0x00000068   Code   RO         7490    i.finsh_compiler_run  finsh_compiler.o
    0x0800762c   0x0800762c   0x0000000c   Code   RO         7536    i.finsh_errno       finsh_error.o
    0x08007638   0x08007638   0x0000000c   Code   RO         7537    i.finsh_error_init  finsh_error.o
    0x08007644   0x08007644   0x00000010   Code   RO         7538    i.finsh_error_set   finsh_error.o
    0x08007654   0x08007654   0x00000010   Code   RO         7539    i.finsh_error_string  finsh_error.o
    0x08007664   0x08007664   0x00000016   Code   RO         7623    i.finsh_flush       finsh_init.o
    0x0800767a   0x0800767a   0x00000002   PAD
    0x0800767c   0x0800767c   0x00000058   Code   RO         8321    i.finsh_getchar     shell.o
    0x080076d4   0x080076d4   0x00000074   Code   RO         7574    i.finsh_heap_allocate  finsh_heap.o
    0x08007748   0x08007748   0x0000002c   Code   RO         7575    i.finsh_heap_free   finsh_heap.o
    0x08007774   0x08007774   0x00000058   Code   RO         7576    i.finsh_heap_gc     finsh_heap.o
    0x080077cc   0x080077cc   0x00000030   Code   RO         7577    i.finsh_heap_init   finsh_heap.o
    0x080077fc   0x080077fc   0x0000001e   Code   RO         7624    i.finsh_init        finsh_init.o
    0x0800781a   0x0800781a   0x00000002   PAD
    0x0800781c   0x0800781c   0x0000003c   Code   RO         7659    i.finsh_node_allocate  finsh_node.o
    0x08007858   0x08007858   0x00000014   Code   RO         7660    i.finsh_node_init   finsh_node.o
    0x0800786c   0x0800786c   0x0000001e   Code   RO         7661    i.finsh_node_new_char  finsh_node.o
    0x0800788a   0x0800788a   0x00000076   Code   RO         7662    i.finsh_node_new_id  finsh_node.o
    0x08007900   0x08007900   0x0000001e   Code   RO         7663    i.finsh_node_new_int  finsh_node.o
    0x0800791e   0x0800791e   0x0000001e   Code   RO         7664    i.finsh_node_new_long  finsh_node.o
    0x0800793c   0x0800793c   0x0000001e   Code   RO         7665    i.finsh_node_new_ptr  finsh_node.o
    0x0800795a   0x0800795a   0x0000004a   Code   RO         7666    i.finsh_node_new_string  finsh_node.o
    0x080079a4   0x080079a4   0x00000010   Code   RO         8016    i.finsh_parser_init  finsh_parser.o
    0x080079b4   0x080079b4   0x000000dc   Code   RO         8017    i.finsh_parser_run  finsh_parser.o
    0x08007a90   0x08007a90   0x000000d4   Code   RO         8322    i.finsh_run_line    shell.o
    0x08007b64   0x08007b64   0x00000040   Code   RO         8323    i.finsh_rx_ind      shell.o
    0x08007ba4   0x08007ba4   0x000000dc   Code   RO         8324    i.finsh_set_device  shell.o
    0x08007c80   0x08007c80   0x0000000c   Code   RO         7626    i.finsh_stack_bottom  finsh_init.o
    0x08007c8c   0x08007c8c   0x0000005c   Code   RO         8264    i.finsh_syscall_lookup  finsh_vm.o
    0x08007ce8   0x08007ce8   0x00000014   Code   RO         8326    i.finsh_system_function_init  shell.o
    0x08007cfc   0x08007cfc   0x000000c0   Code   RO         8327    i.finsh_system_init  shell.o
    0x08007dbc   0x08007dbc   0x00000014   Code   RO         8328    i.finsh_system_var_init  shell.o
    0x08007dd0   0x08007dd0   0x0000005c   Code   RO         8211    i.finsh_sysvar_lookup  finsh_var.o
    0x08007e2c   0x08007e2c   0x00000514   Code   RO         8329    i.finsh_thread_entry  shell.o
    0x08008340   0x08008340   0x00000014   Code   RO         8128    i.finsh_token_init  finsh_token.o
    0x08008354   0x08008354   0x00000018   Code   RO         8129    i.finsh_token_token  finsh_token.o
    0x0800836c   0x0800836c   0x0000015e   Code   RO         7491    i.finsh_type_check  finsh_compiler.o
    0x080084ca   0x080084ca   0x00000002   PAD
    0x080084cc   0x080084cc   0x00000014   Code   RO         8213    i.finsh_var_init    finsh_var.o
    0x080084e0   0x080084e0   0x00000078   Code   RO         8214    i.finsh_var_insert  finsh_var.o
    0x08008558   0x08008558   0x00000040   Code   RO         8215    i.finsh_var_lookup  finsh_var.o
    0x08008598   0x08008598   0x00000054   Code   RO         8265    i.finsh_vm_run      finsh_vm.o
    0x080085ec   0x080085ec   0x00000020   Code   RO          268    i.get_pin           gpio.o
    0x0800860c   0x0800860c   0x000000a8   Code   RO          269    i.get_pin_irq       gpio.o
    0x080086b4   0x080086b4   0x00000020   Code   RO         7323    i.hello             cmd.o
    0x080086d4   0x080086d4   0x0000000e   Code   RO         1029    i.key_thread_entry  rt_key.o
    0x080086e2   0x080086e2   0x00000002   PAD
    0x080086e4   0x080086e4   0x000000dc   Code   RO         7324    i.list              cmd.o
    0x080087c0   0x080087c0   0x00000012   Code   RO         7325    i.list_device       cmd.o
    0x080087d2   0x080087d2   0x00000012   Code   RO         7326    i.list_event        cmd.o
    0x080087e4   0x080087e4   0x00000012   Code   RO         7327    i.list_mailbox      cmd.o
    0x080087f6   0x080087f6   0x00000002   PAD
    0x080087f8   0x080087f8   0x00000078   Code   RO         6117    i.list_mem          mem.o
    0x08008870   0x08008870   0x00000012   Code   RO         7328    i.list_mempool      cmd.o
    0x08008882   0x08008882   0x00000012   Code   RO         7329    i.list_msgqueue     cmd.o
    0x08008894   0x08008894   0x00000012   Code   RO         7330    i.list_mutex        cmd.o
    0x080088a6   0x080088a6   0x00000002   PAD
    0x080088a8   0x080088a8   0x00000210   Code   RO         7331    i.list_prefix       cmd.o
    0x08008ab8   0x08008ab8   0x00000012   Code   RO         7332    i.list_sem          cmd.o
    0x08008aca   0x08008aca   0x00000012   Code   RO         7333    i.list_thread       cmd.o
    0x08008adc   0x08008adc   0x00000012   Code   RO         7334    i.list_timer        cmd.o
    0x08008aee   0x08008aee   0x0000000e   Code   RO         1366    i.main              startup.o
    0x08008afc   0x08008afc   0x00000028   Code   RO         8018    i.make_sys_node     finsh_parser.o
    0x08008b24   0x08008b24   0x00000008   Code   RO         1474    i.map_thread_entry  map.o
    0x08008b2c   0x08008b2c   0x00000040   Code   RO          755    i.mlx906            mlx906.o
    0x08008b6c   0x08008b6c   0x00000034   Code   RO          756    i.mlx906_entry      mlx906.o
    0x08008ba0   0x08008ba0   0x00000048   Code   RO          757    i.mlx906_init       mlx906.o
    0x08008be8   0x08008be8   0x0000003e   Code   RO         7335    i.object_name_maxlen  cmd.o
    0x08008c26   0x08008c26   0x00000002   PAD
    0x08008c28   0x08008c28   0x0000001c   Code   RO         7336    i.object_split      cmd.o
    0x08008c44   0x08008c44   0x00000040   Code   RO          866    i.oled_all          rt_oled.o
    0x08008c84   0x08008c84   0x000000ea   Code   RO          867    i.oled_init         rt_oled.o
    0x08008d6e   0x08008d6e   0x00000016   Code   RO          868    i.oled_pow          rt_oled.o
    0x08008d84   0x08008d84   0x00000024   Code   RO         1405    i.opreation_thread_entry  operation.o
    0x08008da8   0x08008da8   0x00000048   Code   RO          270    i.pin_irq_hdr       gpio.o
    0x08008df0   0x08008df0   0x0000010c   Code   RO         6118    i.plug_holes        mem.o
    0x08008efc   0x08008efc   0x0000018c   Code   RO         5915    i.print_number      kservice.o
    0x08009088   0x08009088   0x00000072   Code   RO         8019    i.proc_additive_expr  finsh_parser.o
    0x080090fa   0x080090fa   0x0000004c   Code   RO         8020    i.proc_and_expr     finsh_parser.o
    0x08009146   0x08009146   0x00000038   Code   RO         8021    i.proc_assign_expr  finsh_parser.o
    0x0800917e   0x0800917e   0x0000004e   Code   RO         8022    i.proc_cast_expr    finsh_parser.o
    0x080091cc   0x080091cc   0x0000004c   Code   RO         8023    i.proc_exclusive_or_expr  finsh_parser.o
    0x08009218   0x08009218   0x0000000c   Code   RO         8024    i.proc_expr         finsh_parser.o
    0x08009224   0x08009224   0x00000038   Code   RO         8025    i.proc_expr_statement  finsh_parser.o
    0x0800925c   0x0800925c   0x0000002c   Code   RO         8026    i.proc_identifier   finsh_parser.o
    0x08009288   0x08009288   0x0000004c   Code   RO         8027    i.proc_inclusive_or_expr  finsh_parser.o
    0x080092d4   0x080092d4   0x0000008a   Code   RO         8028    i.proc_multiplicative_expr  finsh_parser.o
    0x0800935e   0x0800935e   0x0000004c   Code   RO         8029    i.proc_param_list   finsh_parser.o
    0x080093aa   0x080093aa   0x000000a2   Code   RO         8030    i.proc_postfix_expr  finsh_parser.o
    0x0800944c   0x0800944c   0x0000009e   Code   RO         8031    i.proc_primary_expr  finsh_parser.o
    0x080094ea   0x080094ea   0x00000074   Code   RO         8032    i.proc_shift_expr   finsh_parser.o
    0x0800955e   0x0800955e   0x000000fa   Code   RO         8033    i.proc_type         finsh_parser.o
    0x08009658   0x08009658   0x000000be   Code   RO         8034    i.proc_unary_expr   finsh_parser.o
    0x08009716   0x08009716   0x000001da   Code   RO         8035    i.proc_variable_decl  finsh_parser.o
    0x080098f0   0x080098f0   0x00000010   Code   RO         1319    i.robot_hw_init     application.o
    0x08009900   0x08009900   0x0000000c   Code   RO         1320    i.robot_sw_init     application.o
    0x0800990c   0x0800990c   0x00000030   Code   RO         1321    i.rt_application_init  application.o
    0x0800993c   0x0800993c   0x00000074   Code   RO         5916    i.rt_assert_handler  kservice.o
    0x080099b0   0x080099b0   0x00000068   Code   RO         6914    i.rt_completion_done  completion.o
    0x08009a18   0x08009a18   0x00000048   Code   RO         6915    i.rt_completion_init  completion.o
    0x08009a60   0x08009a60   0x0000013c   Code   RO         6916    i.rt_completion_wait  completion.o
    0x08009b9c   0x08009b9c   0x0000000c   Code   RO         5918    i.rt_console_get_device  kservice.o
    0x08009ba8   0x08009ba8   0x00000034   Code   RO         5919    i.rt_console_set_device  kservice.o
    0x08009bdc   0x08009bdc   0x00000064   Code   RO         7082    i.rt_data_queue_init  dataqueue.o
    0x08009c40   0x08009c40   0x00000080   Code   RO         7083    i.rt_data_queue_peak  dataqueue.o
    0x08009cc0   0x08009cc0   0x000001bc   Code   RO         7084    i.rt_data_queue_pop  dataqueue.o
    0x08009e7c   0x08009e7c   0x0000015c   Code   RO         7085    i.rt_data_queue_push  dataqueue.o
    0x08009fd8   0x08009fd8   0x0000005c   Code   RO         5461    i.rt_device_close   device.o
    0x0800a034   0x0800a034   0x0000007c   Code   RO         5465    i.rt_device_find    device.o
    0x0800a0b0   0x0800a0b0   0x000000f8   Code   RO         5468    i.rt_device_open    device.o
    0x0800a1a8   0x0800a1a8   0x00000048   Code   RO         7248    i.rt_device_pin_register  pin.o
    0x0800a1f0   0x0800a1f0   0x00000060   Code   RO         5469    i.rt_device_read    device.o
    0x0800a250   0x0800a250   0x00000034   Code   RO         5470    i.rt_device_register  device.o
    0x0800a284   0x0800a284   0x00000030   Code   RO         5471    i.rt_device_set_rx_indicate  device.o
    0x0800a2b4   0x0800a2b4   0x00000060   Code   RO         5474    i.rt_device_write   device.o
    0x0800a314   0x0800a314   0x0000000c   Code   RO         6819    i.rt_dma_calc_recved_len  serial.o
    0x0800a320   0x0800a320   0x0000009c   Code   RO         6820    i.rt_dma_recv_update_get_index  serial.o
    0x0800a3bc   0x0800a3bc   0x000000b4   Code   RO         6821    i.rt_dma_recv_update_put_index  serial.o
    0x0800a470   0x0800a470   0x00000020   Code   RO         6375    i.rt_enter_critical  scheduler.o
    0x0800a490   0x0800a490   0x0000003c   Code   RO         6376    i.rt_exit_critical  scheduler.o
    0x0800a4cc   0x0800a4cc   0x00000208   Code   RO         6120    i.rt_free           mem.o
    0x0800a6d4   0x0800a6d4   0x00000028   Code   RO          210    i.rt_hw_board_init  board.o
    0x0800a6fc   0x0800a6fc   0x00000002   Code   RO         5922    i.rt_hw_console_output  kservice.o
    0x0800a6fe   0x0800a6fe   0x00000002   PAD
    0x0800a700   0x0800a700   0x00000110   Code   RO         6742    i.rt_hw_hard_fault_exception  cpuport.o
    0x0800a810   0x0800a810   0x000001d4   Code   RO         6822    i.rt_hw_serial_isr  serial.o
    0x0800a9e4   0x0800a9e4   0x00000080   Code   RO         6823    i.rt_hw_serial_register  serial.o
    0x0800aa64   0x0800aa64   0x00000050   Code   RO         6743    i.rt_hw_stack_init  cpuport.o
    0x0800aab4   0x0800aab4   0x00000026   Code   RO         6475    i.rt_hw_us_delay    thread.o
    0x0800aada   0x0800aada   0x00000012   Code   RO         1322    i.rt_init_thread_entry  application.o
    0x0800aaec   0x0800aaec   0x00000038   Code   RO         5874    i.rt_interrupt_enter  irq.o
    0x0800ab24   0x0800ab24   0x0000000c   Code   RO         5876    i.rt_interrupt_get_nest  irq.o
    0x0800ab30   0x0800ab30   0x00000038   Code   RO         5877    i.rt_interrupt_leave  irq.o
    0x0800ab68   0x0800ab68   0x00000018   Code   RO         5607    i.rt_ipc_list_resume  ipc.o
    0x0800ab80   0x0800ab80   0x0000006c   Code   RO         5609    i.rt_ipc_list_suspend  ipc.o
    0x0800abec   0x0800abec   0x00000010   Code   RO         5610    i.rt_ipc_object_init  ipc.o
    0x0800abfc   0x0800abfc   0x000000d4   Code   RO         1030    i.rt_key_scan       rt_key.o
    0x0800acd0   0x0800acd0   0x00000068   Code   RO         5923    i.rt_kprintf        kservice.o
    0x0800ad38   0x0800ad38   0x00000006   Code   RO         5611    i.rt_list_init      ipc.o
    0x0800ad3e   0x0800ad3e   0x00000006   Code   RO         6377    i.rt_list_init      scheduler.o
    0x0800ad44   0x0800ad44   0x00000006   Code   RO         6627    i.rt_list_init      timer.o
    0x0800ad4a   0x0800ad4a   0x00000006   Code   RO         7087    i.rt_list_init      dataqueue.o
    0x0800ad50   0x0800ad50   0x0000000e   Code   RO         6272    i.rt_list_insert_after  object.o
    0x0800ad5e   0x0800ad5e   0x0000000e   Code   RO         6476    i.rt_list_insert_after  thread.o
    0x0800ad6c   0x0800ad6c   0x0000000e   Code   RO         6628    i.rt_list_insert_after  timer.o
    0x0800ad7a   0x0800ad7a   0x0000000e   Code   RO         5612    i.rt_list_insert_before  ipc.o
    0x0800ad88   0x0800ad88   0x0000000e   Code   RO         7088    i.rt_list_insert_before  dataqueue.o
    0x0800ad96   0x0800ad96   0x00000010   Code   RO         5613    i.rt_list_isempty   ipc.o
    0x0800ada6   0x0800ada6   0x00000010   Code   RO         6629    i.rt_list_isempty   timer.o
    0x0800adb6   0x0800adb6   0x00000010   Code   RO         6917    i.rt_list_isempty   completion.o
    0x0800adc6   0x0800adc6   0x00000010   Code   RO         7089    i.rt_list_isempty   dataqueue.o
    0x0800add6   0x0800add6   0x00000010   Code   RO         7337    i.rt_list_isempty   cmd.o
    0x0800ade6   0x0800ade6   0x00000014   Code   RO         7338    i.rt_list_len       cmd.o
    0x0800adfa   0x0800adfa   0x00000012   Code   RO         6273    i.rt_list_remove    object.o
    0x0800ae0c   0x0800ae0c   0x00000012   Code   RO         6477    i.rt_list_remove    thread.o
    0x0800ae1e   0x0800ae1e   0x00000002   PAD
    0x0800ae20   0x0800ae20   0x000002b8   Code   RO         6122    i.rt_malloc         mem.o
    0x0800b0d8   0x0800b0d8   0x00000040   Code   RO         1475    i.rt_map_init       map.o
    0x0800b118   0x0800b118   0x000000a8   Code   RO         5615    i.rt_mb_create      ipc.o
    0x0800b1c0   0x0800b1c0   0x00000210   Code   RO         5619    i.rt_mb_recv        ipc.o
    0x0800b3d0   0x0800b3d0   0x00000012   Code   RO         5620    i.rt_mb_send        ipc.o
    0x0800b3e2   0x0800b3e2   0x00000002   PAD
    0x0800b3e4   0x0800b3e4   0x000001e8   Code   RO         5621    i.rt_mb_send_wait   ipc.o
    0x0800b5cc   0x0800b5cc   0x0000007c   Code   RO         5927    i.rt_memcpy         kservice.o
    0x0800b648   0x0800b648   0x00000042   Code   RO         5928    i.rt_memmove        kservice.o
    0x0800b68a   0x0800b68a   0x00000048   Code   RO         5929    i.rt_memset         kservice.o
    0x0800b6d2   0x0800b6d2   0x00000002   PAD
    0x0800b6d4   0x0800b6d4   0x000000dc   Code   RO         6274    i.rt_object_allocate  object.o
    0x0800b7b0   0x0800b7b0   0x0000009c   Code   RO         6276    i.rt_object_delete  object.o
    0x0800b84c   0x0800b84c   0x00000058   Code   RO         6277    i.rt_object_detach  object.o
    0x0800b8a4   0x0800b8a4   0x00000028   Code   RO         6280    i.rt_object_get_information  object.o
    0x0800b8cc   0x0800b8cc   0x0000007c   Code   RO         6281    i.rt_object_init    object.o
    0x0800b948   0x0800b948   0x0000003c   Code   RO         6282    i.rt_object_is_systemobject  object.o
    0x0800b984   0x0800b984   0x00000048   Code   RO         7252    i.rt_pin_mode       pin.o
    0x0800b9cc   0x0800b9cc   0x00000044   Code   RO         7253    i.rt_pin_read       pin.o
    0x0800ba10   0x0800ba10   0x00000048   Code   RO         7254    i.rt_pin_write      pin.o
    0x0800ba58   0x0800ba58   0x000000b8   Code   RO         6378    i.rt_schedule       scheduler.o
    0x0800bb10   0x0800bb10   0x00000074   Code   RO         6379    i.rt_schedule_insert_thread  scheduler.o
    0x0800bb84   0x0800bb84   0x00000080   Code   RO         6380    i.rt_schedule_remove_thread  scheduler.o
    0x0800bc04   0x0800bc04   0x00000048   Code   RO         5641    i.rt_sem_init       ipc.o
    0x0800bc4c   0x0800bc4c   0x00000054   Code   RO         5642    i.rt_sem_release    ipc.o
    0x0800bca0   0x0800bca0   0x00000188   Code   RO         5643    i.rt_sem_take       ipc.o
    0x0800be28   0x0800be28   0x00000184   Code   RO         6824    i.rt_serial_close   serial.o
    0x0800bfac   0x0800bfac   0x000000a4   Code   RO         6825    i.rt_serial_control  serial.o
    0x0800c050   0x0800c050   0x00000048   Code   RO         6826    i.rt_serial_init    serial.o
    0x0800c098   0x0800c098   0x0000029c   Code   RO         6827    i.rt_serial_open    serial.o
    0x0800c334   0x0800c334   0x0000006c   Code   RO         6828    i.rt_serial_read    serial.o
    0x0800c3a0   0x0800c3a0   0x0000006c   Code   RO         6829    i.rt_serial_write   serial.o
    0x0800c40c   0x0800c40c   0x00000028   Code   RO         5930    i.rt_set_errno      kservice.o
    0x0800c434   0x0800c434   0x000000b0   Code   RO         5931    i.rt_show_version   kservice.o
    0x0800c4e4   0x0800c4e4   0x00000012   Code   RO         5937    i.rt_strlen         kservice.o
    0x0800c4f6   0x0800c4f6   0x00000028   Code   RO         5938    i.rt_strncmp        kservice.o
    0x0800c51e   0x0800c51e   0x00000034   Code   RO         5939    i.rt_strncpy        kservice.o
    0x0800c552   0x0800c552   0x00000002   PAD
    0x0800c554   0x0800c554   0x00000150   Code   RO         6126    i.rt_system_heap_init  mem.o
    0x0800c6a4   0x0800c6a4   0x00000002   Code   RO         6286    i.rt_system_object_init  object.o
    0x0800c6a6   0x0800c6a6   0x00000002   PAD
    0x0800c6a8   0x0800c6a8   0x00000050   Code   RO         6382    i.rt_system_scheduler_init  scheduler.o
    0x0800c6f8   0x0800c6f8   0x00000030   Code   RO         6383    i.rt_system_scheduler_start  scheduler.o
    0x0800c728   0x0800c728   0x00000002   Code   RO         5417    i.rt_system_tick_init  clock.o
    0x0800c72a   0x0800c72a   0x00000002   PAD
    0x0800c72c   0x0800c72c   0x0000001c   Code   RO         6630    i.rt_system_timer_init  timer.o
    0x0800c748   0x0800c748   0x00000002   Code   RO         6631    i.rt_system_timer_thread_init  timer.o
    0x0800c74a   0x0800c74a   0x00000050   Code   RO         6479    i.rt_thread_create  thread.o
    0x0800c79a   0x0800c79a   0x0000000c   Code   RO         6480    i.rt_thread_delay   thread.o
    0x0800c7a6   0x0800c7a6   0x00000002   PAD
    0x0800c7a8   0x0800c7a8   0x00000054   Code   RO         6483    i.rt_thread_exit    thread.o
    0x0800c7fc   0x0800c7fc   0x00000018   Code   RO         5553    i.rt_thread_idle_entry  idle.o
    0x0800c814   0x0800c814   0x000000cc   Code   RO         5554    i.rt_thread_idle_excute  idle.o
    0x0800c8e0   0x0800c8e0   0x0000003c   Code   RO         5556    i.rt_thread_idle_init  idle.o
    0x0800c91c   0x0800c91c   0x0000007c   Code   RO         6485    i.rt_thread_init    thread.o
    0x0800c998   0x0800c998   0x00000080   Code   RO         6488    i.rt_thread_resume  thread.o
    0x0800ca18   0x0800ca18   0x0000000c   Code   RO         6490    i.rt_thread_self    thread.o
    0x0800ca24   0x0800ca24   0x00000068   Code   RO         6491    i.rt_thread_sleep   thread.o
    0x0800ca8c   0x0800ca8c   0x000000a8   Code   RO         6492    i.rt_thread_startup  thread.o
    0x0800cb34   0x0800cb34   0x00000080   Code   RO         6493    i.rt_thread_suspend  thread.o
    0x0800cbb4   0x0800cbb4   0x0000009c   Code   RO         6495    i.rt_thread_timeout  thread.o
    0x0800cc50   0x0800cc50   0x00000064   Code   RO         6496    i.rt_thread_yield   thread.o
    0x0800ccb4   0x0800ccb4   0x0000000c   Code   RO         5419    i.rt_tick_get       clock.o
    0x0800ccc0   0x0800ccc0   0x00000030   Code   RO         5420    i.rt_tick_increase  clock.o
    0x0800ccf0   0x0800ccf0   0x0000009c   Code   RO         6632    i.rt_timer_check    timer.o
    0x0800cd8c   0x0800cd8c   0x00000064   Code   RO         6633    i.rt_timer_control  timer.o
    0x0800cdf0   0x0800cdf0   0x00000044   Code   RO         6636    i.rt_timer_detach   timer.o
    0x0800ce34   0x0800ce34   0x00000054   Code   RO         6637    i.rt_timer_init     timer.o
    0x0800ce88   0x0800ce88   0x0000016c   Code   RO         6640    i.rt_timer_start    timer.o
    0x0800cff4   0x0800cff4   0x0000006c   Code   RO         6641    i.rt_timer_stop     timer.o
    0x0800d060   0x0800d060   0x00000328   Code   RO         5942    i.rt_vsnprintf      kservice.o
    0x0800d388   0x0800d388   0x0000003c   Code   RO         1367    i.rtthread_startup  startup.o
    0x0800d3c4   0x0800d3c4   0x00000030   Code   RO         8330    i.shell_auto_complete  shell.o
    0x0800d3f4   0x0800d3f4   0x00000034   Code   RO         8331    i.shell_handle_history  shell.o
    0x0800d428   0x0800d428   0x000000d8   Code   RO         8332    i.shell_push_history  shell.o
    0x0800d500   0x0800d500   0x0000007c   Code   RO          385    i.show_time         stm32f4_rtc.o
    0x0800d57c   0x0800d57c   0x00000030   Code   RO         7339    i.show_wait_queue   cmd.o
    0x0800d5ac   0x0800d5ac   0x00000026   Code   RO         5944    i.skip_atoi         kservice.o
    0x0800d5d2   0x0800d5d2   0x00000002   PAD
    0x0800d5d4   0x0800d5d4   0x000000e8   Code   RO          623    i.stm32_configure   usart.o
    0x0800d6bc   0x0800d6bc   0x000000a4   Code   RO          624    i.stm32_control     usart.o
    0x0800d760   0x0800d760   0x00000044   Code   RO          625    i.stm32_getc        usart.o
    0x0800d7a4   0x0800d7a4   0x00000024   Code   RO          271    i.stm32_hw_pin_init  gpio.o
    0x0800d7c8   0x0800d7c8   0x000000cc   Code   RO          626    i.stm32_hw_usart_init  usart.o
    0x0800d894   0x0800d894   0x000000e0   Code   RO          272    i.stm32_pin_attach_irq  gpio.o
    0x0800d974   0x0800d974   0x0000008c   Code   RO          273    i.stm32_pin_dettach_irq  gpio.o
    0x0800da00   0x0800da00   0x0000012c   Code   RO          274    i.stm32_pin_irq_enable  gpio.o
    0x0800db2c   0x0800db2c   0x000000a4   Code   RO          275    i.stm32_pin_mode    gpio.o
    0x0800dbd0   0x0800dbd0   0x00000030   Code   RO          276    i.stm32_pin_read    gpio.o
    0x0800dc00   0x0800dc00   0x00000034   Code   RO          277    i.stm32_pin_write   gpio.o
    0x0800dc34   0x0800dc34   0x00000044   Code   RO          627    i.stm32_putc        usart.o
    0x0800dc78   0x0800dc78   0x00000020   Code   RO         7340    i.str_common        cmd.o
    0x0800dc98   0x0800dc98   0x00000022   Code   RO         7341    i.str_is_prefix     cmd.o
    0x0800dcba   0x0800dcba   0x00000078   Code   RO         8130    i.token_get_string  finsh_token.o
    0x0800dd32   0x0800dd32   0x00000002   PAD
    0x0800dd34   0x0800dd34   0x00000034   Code   RO         8131    i.token_match_name  finsh_token.o
    0x0800dd68   0x0800dd68   0x0000003e   Code   RO         8132    i.token_next_char   finsh_token.o
    0x0800dda6   0x0800dda6   0x00000016   Code   RO         8133    i.token_prev_char   finsh_token.o
    0x0800ddbc   0x0800ddbc   0x000000a2   Code   RO         8134    i.token_proc_char   finsh_token.o
    0x0800de5e   0x0800de5e   0x000000d6   Code   RO         8135    i.token_proc_escape  finsh_token.o
    0x0800df34   0x0800df34   0x00000120   Code   RO         8136    i.token_proc_number  finsh_token.o
    0x0800e054   0x0800e054   0x00000050   Code   RO         8137    i.token_proc_string  finsh_token.o
    0x0800e0a4   0x0800e0a4   0x0000019e   Code   RO         8138    i.token_run         finsh_token.o
    0x0800e242   0x0800e242   0x00000098   Code   RO         8139    i.token_spec_number  finsh_token.o
    0x0800e2da   0x0800e2da   0x00000022   Code   RO         8140    i.token_trim_space  finsh_token.o
    0x0800e2fc   0x0800e2fc   0x00000084   Code   RO          628    i.uart_isr          usart.o
    0x0800e380   0x0800e380   0x0000000a   Code   RO         7342    i.version           cmd.o
    0x0800e38a   0x0800e38a   0x00000002   PAD
    0x0800e38c   0x0800e38c   0x0000002c   Code   RO         8638    locale$$code        c_w.l(lc_ctype_c.o)
    0x0800e3b8   0x0800e3b8   0x00000062   Code   RO         8458    x$fpl$d2f           fz_wm.l(d2f.o)
    0x0800e41a   0x0800e41a   0x00000002   PAD
    0x0800e41c   0x0800e41c   0x00000150   Code   RO         8460    x$fpl$dadd          fz_wm.l(daddsub_clz.o)
    0x0800e56c   0x0800e56c   0x00000026   Code   RO         8474    x$fpl$dfltu         fz_wm.l(dflt_clz.o)
    0x0800e592   0x0800e592   0x00000002   PAD
    0x0800e594   0x0800e594   0x00000154   Code   RO         8480    x$fpl$dmul          fz_wm.l(dmul.o)
    0x0800e6e8   0x0800e6e8   0x0000009c   Code   RO         8503    x$fpl$dnaninf       fz_wm.l(dnaninf.o)
    0x0800e784   0x0800e784   0x0000000c   Code   RO         8505    x$fpl$dretinf       fz_wm.l(dretinf.o)
    0x0800e790   0x0800e790   0x000001d4   Code   RO         8462    x$fpl$dsub          fz_wm.l(daddsub_clz.o)
    0x0800e964   0x0800e964   0x0000000a   Code   RO         8767    x$fpl$fpinit        fz_wm.l(fpinit.o)
    0x0800e96e   0x0800e96e   0x0000000a   Code   RO         8509    x$fpl$fretinf       fz_wm.l(fretinf.o)
    0x0800e978   0x0800e978   0x00000000   Code   RO         8511    x$fpl$usenofp       fz_wm.l(usenofp.o)
    0x0800e978   0x0800e978   0x00000677   Data   RO          278    .constdata          gpio.o
    0x0800efef   0x0800efef   0x00000001   PAD
    0x0800eff0   0x0800eff0   0x0000005c   Data   RO          630    .constdata          usart.o
    0x0800f04c   0x0800f04c   0x00001fd8   Data   RO          870    .constdata          rt_oled.o
    0x08011024   0x08011024   0x000000b7   Data   RO         5475    .constdata          device.o
    0x080110db   0x080110db   0x00000016   Data   RO         5559    .constdata          idle.o
    0x080110f1   0x080110f1   0x000001d7   Data   RO         5645    .constdata          ipc.o
    0x080112c8   0x080112c8   0x00000122   Data   RO         5946    .constdata          kservice.o
    0x080113ea   0x080113ea   0x00000046   Data   RO         6128    .constdata          mem.o
    0x08011430   0x08011430   0x0000006d   Data   RO         6287    .constdata          object.o
    0x0801149d   0x0801149d   0x0000004e   Data   RO         6385    .constdata          scheduler.o
    0x080114eb   0x080114eb   0x000000b9   Data   RO         6497    .constdata          thread.o
    0x080115a4   0x080115a4   0x0000005c   Data   RO         6643    .constdata          timer.o
    0x08011600   0x08011600   0x0000012a   Data   RO         6830    .constdata          serial.o
    0x0801172a   0x0801172a   0x00000039   Data   RO         6918    .constdata          completion.o
    0x08011763   0x08011763   0x0000004b   Data   RO         7090    .constdata          dataqueue.o
    0x080117ae   0x080117ae   0x0000007e   Data   RO         7256    .constdata          pin.o
    0x0801182c   0x0801182c   0x00000050   Data   RO         7343    .constdata          cmd.o
    0x0801187c   0x0801187c   0x000000c4   Data   RO         7764    .constdata          finsh_ops.o
    0x08011940   0x08011940   0x00000040   Data   RO         8141    .constdata          finsh_token.o
    0x08011980   0x08011980   0x0000005b   Data   RO         8334    .constdata          shell.o
    0x080119db   0x080119db   0x00000001   PAD
    0x080119dc   0x080119dc   0x000000ed   Data   RO         6129    .conststring        mem.o
    0x08011ac9   0x08011ac9   0x00000003   PAD
    0x08011acc   0x08011acc   0x0000015d   Data   RO         7344    .conststring        cmd.o
    0x08011c29   0x08011c29   0x00000003   PAD
    0x08011c2c   0x08011c2c   0x000000f3   Data   RO         7540    .conststring        finsh_error.o
    0x08011d1f   0x08011d1f   0x00000001   PAD
    0x08011d20   0x08011d20   0x0000003e   Data   RO         8142    .conststring        finsh_token.o
    0x08011d5e   0x08011d5e   0x0000001d   Data   RO          388    .rodata.name        stm32f4_rtc.o
    0x08011d7b   0x08011d7b   0x00000027   Data   RO         6131    .rodata.name        mem.o
    0x08011da2   0x08011da2   0x00000069   Data   RO         7257    .rodata.name        pin.o
    0x08011e0b   0x08011e0b   0x000001b3   Data   RO         7346    .rodata.name        cmd.o
    0x08011fbe   0x08011fbe   0x00000002   PAD
    0x08011fc0   0x08011fc0   0x0000000c   Data   RO          389    FSymTab             stm32f4_rtc.o
    0x08011fcc   0x08011fcc   0x0000000c   Data   RO         6132    FSymTab             mem.o
    0x08011fd8   0x08011fd8   0x00000024   Data   RO         7258    FSymTab             pin.o
    0x08011ffc   0x08011ffc   0x00000090   Data   RO         7347    FSymTab             cmd.o
    0x0801208c   0x0801208c   0x00000020   Data   RO         8848    Region$$Table       anon$$obj.o
    0x080120ac   0x080120ac   0x00000010   Data   RO         7348    VSymTab             cmd.o
    0x080120bc   0x080120bc   0x00000110   Data   RO         8637    locale$$data        c_w.l(lc_ctype_c.o)


    Execution Region RW_IRAM1 (Exec base: 0x20000000, Load base: 0x080121cc, Size: 0x00004fa0, Max: 0x00020000, ABSOLUTE, COMPRESSED[0x0000022c])

    Exec Addr    Load Addr    Size         Type   Attr      Idx    E Section Name        Object

    0x20000000   COMPRESSED   0x000000c8   Data   RW          279    .data               gpio.o
    0x200000c8   COMPRESSED   0x00000004   Data   RW          498    .data               delay.o
    0x200000cc   COMPRESSED   0x00000060   Data   RW          631    .data               usart.o
    0x2000012c   COMPRESSED   0x00000004   Data   RW          759    .data               mlx906.o
    0x20000130   COMPRESSED   0x00000380   Data   RW          871    .data               rt_oled.o
    0x200004b0   COMPRESSED   0x0000000a   Data   RW         1031    .data               rt_key.o
    0x200004ba   COMPRESSED   0x00000002   PAD
    0x200004bc   COMPRESSED   0x0000000a   Data   RW         1407    .data               operation.o
    0x200004c6   COMPRESSED   0x0000004a   Data   RW         1438    .data               jy61.o
    0x20000510   COMPRESSED   0x00000010   Data   RW         3542    .data               stm32f4xx_rcc.o
    0x20000520   COMPRESSED   0x00000004   Data   RW         5422    .data               clock.o
    0x20000524   COMPRESSED   0x00000004   Data   RW         5560    .data               idle.o
    0x20000528   COMPRESSED   0x00000009   Data   RW         5879    .data               irq.o
    0x20000531   COMPRESSED   0x00000003   PAD
    0x20000534   COMPRESSED   0x0000000c   Data   RW         5947    .data               kservice.o
    0x20000540   COMPRESSED   0x00000020   Data   RW         6130    .data               mem.o
    0x20000560   COMPRESSED   0x000000a4   Data   RW         6288    .data               object.o
    0x20000604   COMPRESSED   0x0000001c   Data   RW         6386    .data               scheduler.o
    0x20000620   COMPRESSED   0x0000000c   Data   RW         6498    .data               thread.o
    0x2000062c   COMPRESSED   0x00000010   Data   RW         6644    .data               timer.o
    0x2000063c   COMPRESSED   0x00000010   Data   RW         6745    .data               cpuport.o
    0x2000064c   COMPRESSED   0x00000004   Data   RW         7345    .data               cmd.o
    0x20000650   COMPRESSED   0x00000008   Data   RW         7492    .data               finsh_compiler.o
    0x20000658   COMPRESSED   0x00000040   Data   RW         7541    .data               finsh_error.o
    0x20000698   COMPRESSED   0x00000008   Data   RW         7579    .data               finsh_heap.o
    0x200006a0   COMPRESSED   0x00000004   Data   RW         8217    .data               finsh_var.o
    0x200006a4   COMPRESSED   0x0000000c   Data   RW         8267    .data               finsh_vm.o
    0x200006b0   COMPRESSED   0x00000004   Data   RW         8335    .data               shell.o
    0x200006b4   COMPRESSED   0x00000010   Data   RW         8410    .data               symbol.o
    0x200006c4        -       0x000000fc   Zero   RW          629    .bss                usart.o
    0x200007c0        -       0x0000001c   Zero   RW          869    .bss                rt_oled.o
    0x200007dc        -       0x00000500   Zero   RW         1406    .bss                operation.o
    0x20000cdc        -       0x000000fa   Zero   RW         1437    .bss                jy61.o
    0x20000dd6   COMPRESSED   0x00000002   PAD
    0x20000dd8        -       0x00002880   Zero   RW         1476    .bss                map.o
    0x20003658        -       0x00000480   Zero   RW         5558    .bss                idle.o
    0x20003ad8        -       0x00000080   Zero   RW         5945    .bss                kservice.o
    0x20003b58        -       0x00000020   Zero   RW         6127    .bss                mem.o
    0x20003b78        -       0x00000100   Zero   RW         6384    .bss                scheduler.o
    0x20003c78        -       0x00000044   Zero   RW         7255    .bss                pin.o
    0x20003cbc        -       0x00000080   Zero   RW         7578    .bss                finsh_heap.o
    0x20003d3c        -       0x00000140   Zero   RW         7667    .bss                finsh_node.o
    0x20003e7c        -       0x000000c0   Zero   RW         8216    .bss                finsh_var.o
    0x20003f3c        -       0x00000180   Zero   RW         8266    .bss                finsh_vm.o
    0x200040bc        -       0x00000880   Zero   RW         8333    .bss                shell.o
    0x2000493c        -       0x00000060   Zero   RW         8513    .bss                c_w.l(libspace.o)
    0x2000499c   COMPRESSED   0x00000004   PAD
    0x200049a0        -       0x00000200   Zero   RW         5378    HEAP                startup_stm32f4xx.o
    0x20004ba0        -       0x00000400   Zero   RW         5377    STACK               startup_stm32f4xx.o


==============================================================================

Image component sizes


      Code (inc. data)   RO Data    RW Data    ZI Data      Debug   Object Name

        94         12          0          0          0       2953   application.o
       186         16          0          0          0      20469   board.o
        62         12          0          4          0       1667   clock.o
      3568       1358       1024          4          0      23945   cmd.o
       508        176         57          0          0       5603   completion.o
       272         26          0          0          0        824   context_rvds.o
       352        166          0         16          0       3622   cpuport.o
      1056        216         75          0          0       6987   dataqueue.o
       268         16          0          4          0       2487   delay.o
       756        212        183          0          0       8028   device.o
         0          0          0          0          0     284204   drv_hwtimer.o
      6170        156          0          8          0      11766   finsh_compiler.o
        56         22        243         64          0       2883   finsh_error.o
       552         42          0          8        128       6227   finsh_heap.o
        64          6          0          0          0       2216   finsh_init.o
       392          8          0          0        320       6250   finsh_node.o
      3038        294        196          0          0      27502   finsh_ops.o
      2428         32          0          0          0      17263   finsh_parser.o
      1644         16        126          0          0      10862   finsh_token.o
       296         32          0          4        192       8050   finsh_var.o
       176         36          0         12        384       6637   finsh_vm.o
      1550         68       1655        200          0      13001   gpio.o
       308         80         22          4       1152       5150   idle.o
      1934        442        471          0          0      32169   ipc.o
       124         26          0          9          0       2158   irq.o
       640         66          0         74        250       2358   jy61.o
      2192        242        290         12        128      14279   kservice.o
        72         18          0          0      10368       1686   map.o
      1940        742        358         32         32       6852   mem.o
       584        246          0          0          0       3167   misc.o
      1042         70          0          4          0       8278   mlx906.o
       722        236        109        164          0       9773   object.o
       220         82          0         10       1280       2076   operation.o
       524        182        267          0         68       8431   pin.o
       226         24          0         10          0       1514   rt_key.o
        56          4          0          0          0        531   rt_led.o
      1420        102       8152        896         28      14038   rt_oled.o
       854        254         78         28        256       8786   scheduler.o
      3520        758        298          0          0      16691   serial.o
      2432        356         91          4       2176      10047   shell.o
       186         90          0          0          0       2183   startup.o
        64         26        392          0       1536        920   startup_stm32f4xx.o
       124         58         41          0          0       5546   stm32f4_rtc.o
      3220        686          0          0          0       8033   stm32f4xx_dma.o
       644        206          0          0          0       2644   stm32f4xx_exti.o
      1736        610          0          0          0       5244   stm32f4xx_gpio.o
        16          0          0          0          0       2376   stm32f4xx_it.o
       664        240          0         16          0       4883   stm32f4xx_rcc.o
       346        148          0          0          0       3096   stm32f4xx_rtc.o
       248         68          0          0          0        828   stm32f4xx_syscfg.o
      2312        714          0          0          0       7561   stm32f4xx_usart.o
         0          0          0         16          0       4285   symbol.o
       340         32          0          0          0       1781   system_stm32f4xx.o
      1374        376        185         12          0      15706   thread.o
      1058        186         92         16          0      11735   timer.o
      1556        238         92         96        252      31495   usart.o

    ----------------------------------------------------------------------
     56244      10530      14540       1732      18552     729746   Object Totals
         0          0         32          0          0          0   (incl. Generated)
        58          0         11          5          2          0   (incl. Padding)

    ----------------------------------------------------------------------

      Code (inc. data)   RO Data    RW Data    ZI Data      Debug   Library Member Name

        90          0          0          0          0          0   __dczerorl2.o
         8          0          0          0          0         68   __main.o
         0          0          0          0          0          0   __rtentry.o
        12          0          0          0          0          0   __rtentry2.o
         6          0          0          0          0          0   __rtentry4.o
        52          8          0          0          0          0   __scatter.o
        28          0          0          0          0          0   __scatter_zi.o
        28          0          0          0          0         68   _chval.o
       158          0          0          0          0         92   _strtoul.o
        26          0          0          0          0         80   atoi.o
        18          0          0          0          0         80   exit.o
         6          0          0          0          0        152   heapauxi.o
         0          0          0          0          0          0   indicate_semi.o
        44         10        272          0          0         76   lc_ctype_c.o
         2          0          0          0          0          0   libinit.o
        24          0          0          0          0          0   libinit2.o
         2          0          0          0          0          0   libshutdown.o
         2          0          0          0          0          0   libshutdown2.o
         8          4          0          0         96         68   libspace.o
        88          0          0          0          0         76   memcmp.o
        16          4          0          0          0         76   rt_ctype_table.o
         8          4          0          0          0         68   rt_errno_addr_intlibspace.o
         8          4          0          0          0         68   rt_locale_intlibspace.o
        68          0          0          0          0         68   rt_memclr.o
        78          0          0          0          0         80   rt_memclr_w.o
       138          0          0          0          0         68   rt_memcpy_v6.o
       100          0          0          0          0         80   rt_memcpy_w.o
         2          0          0          0          0          0   rtexit.o
        10          0          0          0          0          0   rtexit2.o
       128          0          0          0          0         68   strcmpv7m.o
        62          0          0          0          0         76   strlen.o
       150          0          0          0          0         80   strncmp.o
        86          0          0          0          0         76   strncpy.o
       112          0          0          0          0         88   strtol.o
        12          4          0          0          0         68   sys_exit.o
        74          0          0          0          0         80   sys_stackheap_outer.o
         2          0          0          0          0         68   use_no_semi.o
        98          4          0          0          0        140   d2f.o
       804         16          0          0          0        368   daddsub_clz.o
        38          0          0          0          0        116   dflt_clz.o
       340         12          0          0          0        152   dmul.o
       156          4          0          0          0        140   dnaninf.o
        12          0          0          0          0        116   dretinf.o
        10          0          0          0          0        116   fpinit.o
        10          0          0          0          0        116   fretinf.o
         0          0          0          0          0          0   usenofp.o

    ----------------------------------------------------------------------
      3132         74        272          0        100       3136   Library Totals
         8          0          0          0          4          0   (incl. Padding)

    ----------------------------------------------------------------------

      Code (inc. data)   RO Data    RW Data    ZI Data      Debug   Library Name

      1656         38        272          0         96       1872   c_w.l
      1468         36          0          0          0       1264   fz_wm.l

    ----------------------------------------------------------------------
      3132         74        272          0        100       3136   Library Totals

    ----------------------------------------------------------------------

==============================================================================


      Code (inc. data)   RO Data    RW Data    ZI Data      Debug   

     59376      10604      14812       1732      18652     689042   Grand Totals
     59376      10604      14812        556      18652     689042   ELF Image Totals (compressed)
     59376      10604      14812        556          0          0   ROM Totals

==============================================================================

    Total RO  Size (Code + RO Data)                74188 (  72.45kB)
    Total RW  Size (RW Data + ZI Data)             20384 (  19.91kB)
    Total ROM Size (Code + RO Data + RW Data)      74744 (  72.99kB)

==============================================================================

