<html>
<body>
<pre>
<h1>礦ision Build Log</h1>
<h2>Tool Versions:</h2>
IDE-Version: μVision V5.28.0.0
Copyright (C) 2019 ARM Ltd and ARM Germany GmbH. All rights reserved.
License Information: shen Windows, HP Inc., LIC=2TT9U-SCYVZ-WHN88-3M9KY-SS44A-ZNYDS
 
Tool Versions:
Toolchain:       MDK-ARM Professional  Version: 5.28.0.0
Toolchain Path:  F:\MDK5\ARM\ARMCC\Bin
C Compiler:      Armcc.exe V5.06 update 6 (build 750)
Assembler:       Armasm.exe V5.06 update 6 (build 750)
Linker/Locator:  ArmLink.exe V5.06 update 6 (build 750)
Library Manager: ArmAr.exe V5.06 update 6 (build 750)
Hex Converter:   FromElf.exe V5.06 update 6 (build 750)
CPU DLL:         SARMCM3.DLL V5.28.0.0
Dialog DLL:      DCM.DLL V1.17.3.0
Target DLL:      Segger\JL2CM3.dll V2.99.36.0
Dialog DLL:      TCM.DLL V1.36.2.0
 
<h2>Project:</h2>
F:\Git\workspace\alimama\robot_20.08.13\project\robot.uvprojx
Project File Date:  09/29/2020

<h2>Output:</h2>
*** Using Compiler 'V5.06 update 6 (build 750)', folder: 'F:\MDK5\ARM\ARMCC\Bin'
Build target 'robot'
compiling bsp_key.c...
compiling bsp_flash.c...
compiling image.c...
..\User\drivers\image.c(11): warning:  #177-D: variable "temp"  was declared but never referenced
      rt_uint8_t uart_rx_data[3],temp;
..\User\drivers\image.c(87): warning:  #1-D: last line of file ends without a newline
  }
..\User\drivers\image.c: 2 warnings, 0 errors
compiling bsp_motor.c...
..\User\drivers\bsp_compass.h(46): warning:  #1-D: last line of file ends without a newline
  // #endif /* __GY26_H */
..\User\drivers\bsp_motor.c: 1 warning, 0 errors
compiling bsp_grayscale.c...
..\User\drivers\bsp_grayscale.c(379): warning:  #1-D: last line of file ends without a newline
  }
..\User\drivers\bsp_grayscale.c(366): warning:  #177-D: variable "SETPOINT"  was declared but never referenced
  	int SETPOINT=0;
..\User\drivers\bsp_grayscale.c: 2 warnings, 0 errors
compiling soft_timer.c...
compiling bsp_oled.c...
compiling bsp_led.c...
..\User\drivers\bsp_led.c(7): warning:  #177-D: variable "led_stack"  was declared but never referenced
  static rt_uint8_t led_stack[ 512 ];
..\User\drivers\bsp_led.c(8): warning:  #177-D: variable "led_thread"  was declared but never referenced
  static struct rt_thread led_thread;
..\User\drivers\bsp_led.c: 2 warnings, 0 errors
compiling route_selection.c...
..\User\applications\track.h(103): warning:  #1295-D: Deprecated declaration turn_right_angle - give arg types
  void turn_right_angle();//根据灰度转角
..\User\applications\route_selection.h(28): warning:  #1-D: last line of file ends without a newline
  #endif
..\User\applications\route_selection.c(37): warning:  #68-D: integer conversion resulted in a change of sign
  		motor_time(300,-200,-200);//倒退一段
..\User\applications\route_selection.c(37): warning:  #68-D: integer conversion resulted in a change of sign
  		motor_time(300,-200,-200);//倒退一段
..\User\applications\route_selection.c(72): warning:  #68-D: integer conversion resulted in a change of sign
  		motor_time(270,-200,-200);//倒退一段
..\User\applications\route_selection.c(72): warning:  #68-D: integer conversion resulted in a change of sign
  		motor_time(270,-200,-200);//倒退一段
..\User\applications\route_selection.c(283): warning:  #177-D: variable "mms"  was declared but never referenced
  	int mms=1000;
..\User\applications\route_selection.c(449): warning:  #177-D: variable "ms"  was declared but never referenced
  	int ms=1000;
..\User\applications\route_selection.c(1016): warning:  #1-D: last line of file ends without a newline
  }
..\User\applications\route_selection.c: 9 warnings, 0 errors
compiling robot_run.c...
..\User\applications\track.h(103): warning:  #1295-D: Deprecated declaration turn_right_angle - give arg types
  void turn_right_angle();//根据灰度转角
..\User\applications\robot_run.c: 1 warning, 0 errors
compiling map.c...
..\User\applications\track.h(103): warning:  #1295-D: Deprecated declaration turn_right_angle - give arg types
  void turn_right_angle();//根据灰度转角
..\User\applications\route_selection.h(28): warning:  #1-D: last line of file ends without a newline
  #endif
..\User\applications\map.c(22): warning:  #177-D: variable "mms"  was declared but never referenced
  	int mms=1000;
..\User\applications\map.c(78): warning:  #177-D: variable "init_thread"  was declared but never referenced
      rt_thread_t init_thread;
..\User\applications\map.c: 4 warnings, 0 errors
compiling JY61.c...
compiling robot_ui.c...
compiling operation.c...
..\User\applications\operation.c(575): warning:  #177-D: variable "H_SETPOINT"  was declared but never referenced
  	rt_int16_t H_SETPOINT=0;
..\User\applications\operation.c: 1 warning, 0 errors
compiling application.c...
..\User\applications\track.h(103): warning:  #1295-D: Deprecated declaration turn_right_angle - give arg types
  void turn_right_angle();//根据灰度转角
..\User\drivers\bsp_compass.h(46): warning:  #1-D: last line of file ends without a newline
  // #endif /* __GY26_H */
..\User\applications\application.c: 2 warnings, 0 errors
compiling track.c...
..\User\applications\track.h(103): warning:  #1295-D: Deprecated declaration turn_right_angle - give arg types
  void turn_right_angle();//根据灰度转角
..\User\applications\track.c(13): warning:  #177-D: variable "i"  was declared but never referenced
  	u8 i;
..\User\applications\track.c(16): warning:  #177-D: variable "All_Channel"  was declared but never referenced
  	int All_Channel = 0;   //灰度值总和
..\User\applications\track.c(17): warning:  #177-D: variable "All_Result"  was declared but never referenced
  	int All_Result = 0;    //处理过后的灰度总和
..\User\applications\track.c(18): warning:  #177-D: variable "Finall_Result"  was declared but never referenced
  	int Finall_Result = 0; //最终处理值
..\User\applications\track.c(771): warning:  #177-D: variable "i"  was declared but never referenced
  	u8 i;
..\User\applications\track.c(774): warning:  #177-D: variable "All_Channel"  was declared but never referenced
  	int All_Channel = 0;   //灰度值总和
..\User\applications\track.c(775): warning:  #177-D: variable "All_Result"  was declared but never referenced
  	int All_Result = 0;    //处理过后的灰度总和
..\User\applications\track.c(776): warning:  #177-D: variable "Finall_Result"  was declared but never referenced
  	int Finall_Result = 0; //最终处理值
..\User\applications\track.c(1151): warning:  #177-D: variable "i"  was declared but never referenced
  	u8 i;
..\User\applications\track.c(1154): warning:  #177-D: variable "All_Channel"  was declared but never referenced
  	int All_Channel = 0;   //灰度值总和
..\User\applications\track.c(1155): warning:  #177-D: variable "All_Result"  was declared but never referenced
  	int All_Result = 0;    //处理过后的灰度总和
..\User\applications\track.c(1156): warning:  #177-D: variable "Finall_Result"  was declared but never referenced
  	int Finall_Result = 0; //最终处理值
..\User\applications\track.c(1285): warning:  #177-D: variable "time"  was declared but never referenced
  		int time=224*4.0;
..\User\applications\track.c(1614): warning:  #68-D: integer conversion resulted in a change of sign
  		motor_time(200,-400,-400);//
..\User\applications\track.c(1614): warning:  #68-D: integer conversion resulted in a change of sign
  		motor_time(200,-400,-400);//
..\User\applications\track.c(1625): warning:  #177-D: variable "i"  was declared but never referenced
  	u8 i;
..\User\applications\track.c(1628): warning:  #177-D: variable "All_Channel"  was declared but never referenced
  	int All_Channel = 0;   //灰度值总和
..\User\applications\track.c(1629): warning:  #177-D: variable "All_Result"  was declared but never referenced
  	int All_Result = 0;    //处理过后的灰度总和
..\User\applications\track.c(1630): warning:  #177-D: variable "Finall_Result"  was declared but never referenced
  	int Finall_Result = 0; //最终处理值
..\User\applications\track.c(1675): warning:  #177-D: variable "i"  was declared but never referenced
  	u8 i;
..\User\applications\track.c(1678): warning:  #177-D: variable "All_Channel"  was declared but never referenced
  	int All_Channel = 0;   //灰度值总和
..\User\applications\track.c(1679): warning:  #177-D: variable "All_Result"  was declared but never referenced
  	int All_Result = 0;    //处理过后的灰度总和
..\User\applications\track.c(1680): warning:  #177-D: variable "Finall_Result"  was declared but never referenced
  	int Finall_Result = 0; //最终处理值
..\User\applications\track.c(2032): warning:  #177-D: variable "flag"  was declared but never referenced
  	rt_uint16_t flag=0;
..\User\applications\track.c: 25 warnings, 0 errors
linking...
Program Size: Code=96624 RO-data=8732 RW-data=928 ZI-data=20944  
".\Objects\robot.axf" - 0 Error(s), 49 Warning(s).

<h2>Software Packages used:</h2>

Package Vendor: Keil
                http://www.keil.com/pack/Keil.STM32F4xx_DFP.2.7.0.pack
                Keil.STM32F4xx_DFP.2.7.0
                STMicroelectronics STM32F4 Series Device Support, Drivers and Examples

<h2>Collection of Component include folders:</h2>
  .\RTE\_robot
  F:\MDK5\Keil\STM32F4xx_DFP\2.7.0\Drivers\CMSIS\Device\ST\STM32F4xx\Include

<h2>Collection of Component Files used:</h2>
Build Time Elapsed:  00:00:07
</pre>
</body>
</html>
