<html>
<body>
<pre>
<h1>µVision Build Log</h1>
<h2>Tool Versions:</h2>
IDE-Version: ¦ÌVision V5.28.0.0
Copyright (C) 2019 ARM Ltd and ARM Germany GmbH. All rights reserved.
License Information: shen Windows, HP Inc., LIC=2TT9U-SCYVZ-WHN88-3M9KY-SS44A-ZNYDS
 
Tool Versions:
Toolchain:       MDK-ARM Professional  Version: 5.28.0.0
Toolchain Path:  F:\MDK5\ARM\ARMCC\Bin
C Compiler:      Armcc.exe V5.06 update 6 (build 750)
Assembler:       Armasm.exe V5.06 update 6 (build 750)
Linker/Locator:  ArmLink.exe V5.06 update 6 (build 750)
Library Manager: ArmAr.exe V5.06 update 6 (build 750)
Hex Converter:   FromElf.exe V5.06 update 6 (build 750)
CPU DLL:         SARMCM3.DLL V5.28.0.0
Dialog DLL:      DCM.DLL V1.17.3.0
Target DLL:      STLink\ST-LINKIII-KEIL_SWO.dll V3.0.6.0
Dialog DLL:      TCM.DLL V1.36.2.0
 
<h2>Project:</h2>
F:\Git\workspace\alimama\Demo_1.0\USER\OV2640.uvprojx
Project File Date:  10/12/2020

<h2>Output:</h2>
*** Using Compiler 'V5.06 update 6 (build 750)', folder: 'F:\MDK5\ARM\ARMCC\Bin'
Build target 'OV2640'
compiling pwm.c...
..\HARDWARE\PWM\pwm.h(21): warning:  #1295-D: Deprecated declaration PWM_RESET - give arg types
  void PWM_RESET();
..\HARDWARE\PWM\pwm.h(22): warning:  #1295-D: Deprecated declaration PWM_TEST - give arg types
  void PWM_TEST();
..\HARDWARE\PWM\pwm.c(73): warning:  #177-D: variable "i"  was declared but never referenced
  	u8 i;
..\HARDWARE\PWM\pwm.c(74): warning:  #177-D: variable "Differ_error_x"  was declared but never referenced
  	float error_x=0,Differ_error_x=0;
..\HARDWARE\PWM\pwm.c(75): warning:  #177-D: variable "Differ_error_y"  was declared but never referenced
  	float error_y=0,Differ_error_y=0;
..\HARDWARE\PWM\pwm.c(167): warning:  #177-D: variable "i"  was declared but never referenced
  	u8 i;
..\HARDWARE\PWM\pwm.c(168): warning:  #177-D: variable "Differ_error_x"  was declared but never referenced
  	float error_x=0,Differ_error_x=0;
..\HARDWARE\PWM\pwm.c(169): warning:  #177-D: variable "Differ_error_y"  was declared but never referenced
  	float error_y=0,Differ_error_y=0;
..\HARDWARE\PWM\pwm.c: 8 warnings, 0 errors
linking...
Program Size: Code=46294 RO-data=10270 RW-data=1468 ZI-data=125076  
FromELF: creating hex file...
"..\OBJ\OV2640.axf" - 0 Error(s), 8 Warning(s).

<h2>Software Packages used:</h2>

Package Vendor: Keil
                http://www.keil.com/pack/Keil.STM32F4xx_DFP.2.7.0.pack
                Keil.STM32F4xx_DFP.2.7.0
                STMicroelectronics STM32F4 Series Device Support, Drivers and Examples

<h2>Collection of Component include folders:</h2>
  .\RTE\_OV2640
  F:\MDK5\Keil\STM32F4xx_DFP\2.7.0\Drivers\CMSIS\Device\ST\STM32F4xx\Include

<h2>Collection of Component Files used:</h2>
Build Time Elapsed:  00:00:02
</pre>
</body>
</html>
